******************************************************************************
          TMS320C6x COFF Linker PC v5.1.0                      
******************************************************************************
>> Linked Tue Oct 14 15:31:27 2014

OUTPUT FILE NAME:   <./Debug/ex2.out>
ENTRY POINT SYMBOL: "_c_int00"  address: 00012020


MEMORY CONFIGURATION

                  name            origin    length      used    attr    fill
         ----------------------  --------  ---------  --------  ----  --------
         IRAM                    00000000   00030000  00012bd2  RWIX
         CACHE_L2                00030000   00010000  00000000  RWIX
         SDRAM                   80000000   01000000  00008000  RWIX


SECTION ALLOCATION MAP

 output                                  attributes/
section   page    origin      length       input sections
--------  ----  ----------  ----------   ----------------
.SDRAM$heap 
*          0    80000000    00008000     UNINITIALIZED

.prd       0    00000000    00000000     UNINITIALIZED

.sysdata   0    00000000    00000000     UNINITIALIZED

.sysregs   0    00000000    00000000     UNINITIALIZED

.data      0    00000000    00000000     UNINITIALIZED

.cio       0    00000000    00000000     UNINITIALIZED

frt        0    00000000    00000000     UNINITIALIZED

.gio       0    00000000    00000000     UNINITIALIZED

.dsm       0    00000000    00000000     UNINITIALIZED

.hwi       0    00000000    00000000     UNINITIALIZED

.hwi_vec   0    00000000    00000200     
                  00000000    00000200     ex2cfg.obj (.hwi_vec)

.IRAM$heap 
*          0    00000200    00008000     UNINITIALIZED

.bios      0    00008200    00003d00     
                  00008200    000006e0     biosi.a62 : swi.o62 (.bios)
                  000088e0    00000540     lnkrtdx.a62 : rtdx.o62 (.bios)
                  00008e20    00000440     biosi.a62 : hwi_disp_asm.o6 (.bios)
                  00009260    00000320               : prd.o62 (.bios)
                  00009580    000002a0               : knl_run_inst.o6 (.bios)
                  00009820    000002a0               : sem_pend_inst.o (.bios)
                  00009ac0    00000280               : rta.o62 (.bios)
                  00009d40    00000260               : knl_tick_inst.o (.bios)
                  00009fa0    00000220               : clk.o62 (.bios)
                  0000a1c0    00000220               : pip.o62 (.bios)
                  0000a3e0    00000200               : sem_dopo_inst.o (.bios)
                  0000a5e0    00000200               : tsk_setu_inst.o (.bios)
                  0000a7e0    000001e0               : tsk_exit_inst.o (.bios)
                  0000a9c0    000001c0               : knl_swit_inst.o (.bios)
                  0000ab80    000001a0               : autoinit.o62 (.bios)
                  0000ad20    00000120               : tsk_stup_inst.o (.bios)
                  0000ae40    00000100               : knl_exit_inst.o (.bios)
                  0000af40    00000100               : gbl_cslcacheini (.bios)
                  0000b040    00000100               : knl_chec_inst.o (.bios)
                  0000b140    00000100               : idl_cal.o62 (.bios)
                  0000b240    000000e0               : sem_post_asm_in (.bios)
                  0000b320    000000e0               : sem_post_inst.o (.bios)
                  0000b400    000000c0               : sys_exit_inst.o (.bios)
                  0000b4c0    000000c0               : knl_post_inst.o (.bios)
                  0000b580    000000c0               : mem_init_inst.o (.bios:.near)
                  0000b640    000000c0               : lck_inst.o62 (.bios)
                  0000b700    000000a0               : clk_start6x.o62 (.bios)
                  0000b7a0    000000a0               : knl_ipos_inst.o (.bios)
                  0000b840    000000a0               : atm_inst.o62 (.bios)
                  0000b8e0    00000080               : log.o62 (.bios)
                  0000b960    00000080               : idl_busy.o62 (.bios)
                  0000b9e0    00000080               : gbl_cslinit62.o (.bios)
                  0000ba60    00000080               : fxn.o62 (.bios)
                  0000bae0    00000060               : tsk_init_inst.o (.bios)
                  0000bb40    00000060               : que_get_inst.o6 (.bios)
                  0000bba0    00000060               : sts.o62 (.bios)
                  0000bc00    00000060               : utl_putc_inst.o (.bios)
                  0000bc60    00000060               : sem_pend_asm_in (.bios)
                  0000bcc0    00000060               : trc_c.o62 (.bios)
                  0000bd20    00000060               : utl_doab_inst.o (.bios)
                  0000bd80    00000040               : idl_stub_inst.o (.bios)
                  0000bdc0    00000040               : rta_andn.o62 (.bios)
                  0000be00    00000040               : swi_post.o62 (.bios)
                  0000be40    00000020               : gbl_vers.o62 (.bios)
                  0000be60    00000020               : utl_halt_inst.o (.bios)
                  0000be80    00000020               : utl_doer_inst.o (.bios)
                  0000bea0    00000020               : sts_set.o62 (.bios)
                  0000bec0    00000020               : fxn_c.o62 (.bios)
                  0000bee0    00000020               : idl.o62 (.bios)

.text      0    0000bf00    000030a0     
                  0000bf00    00000480     dsk6713bsl.lib : dsk6713.obj (.text)
                  0000c380    00000320                    : dsk6713_aic23_opencodec.obj (.text)
                  0000c6a0    000002c0     csl6713.lib : csl_cache.obj (.text:_CACHE_setL2Mode)
                  0000c960    000002a0     USL.obj (.text)
                  0000cc00    00000280     csl6713.lib : csl_edma.obj (.text:_EDMA_open)
                  0000ce80    00000240                 : csl_cache.obj (.text:_CACHE_wait)
                  0000d0c0    00000240     ex2.obj (.text)
                  0000d300    00000240     rts6700.lib : memcpy62.obj (.text:_memcpy)
                  0000d540    00000220     csl6713.lib : csl.obj (.text:__CSL_init)
                  0000d760    000001e0     biosi.a62 : gbl_cslpllinit6 (.text)
                  0000d940    000001c0     csl6713.lib : csl_irq.obj (.text:_mux2Tables)
                  0000db00    000001a0                 : csl_mcbsp.obj (.text:_MCBSP_reset)
                  0000dca0    000001a0                 : csl_edma.obj (.text:_EDMA_allocTable)
                  0000de40    00000180                 : csl_cache.obj (.text:_CACHE_clean)
                  0000dfc0    00000160     dsk6713bsl.lib : dsk6713_aic23_registers.obj (.text)
                  0000e120    00000140     ex2cfg_c.obj (.text:CSL_cfgInit)
                  0000e260    00000140     csl6713.lib : csl_timer.obj (.text:_TIMER_open)
                  0000e3a0    00000140                 : csl_edma.obj (.text:_EDMA_reset)
                  0000e4e0    00000120                 : csl_timer.obj (.text:_TIMER_reset)
                  0000e600    00000100                 : csl_cache.obj (.text:_CACHE_wbInvL1d)
                  0000e700    00000100                 : csl_mcbsp.obj (.text:_MCBSP_open)
                  0000e800    00000100                 : csl_mcbsp.obj (.text:_MCBSP_start)
                  0000e900    000000e0     rts6700.lib : strasg.obj (.text:__strasg)
                  0000e9e0    000000e0                 : exit.obj (.text:_atexit)
                  0000eac0    000000e0     csl6713.lib : csl_edma.obj (.text:_EDMA_config)
                  0000eba0    000000a0                 : csl_irq.obj (.text:__IRQ_init)
                  0000ec40    00000060                 : csl_edma.obj (.text:_EDMA_qdmaConfig)
                  0000eca0    00000060                 : csl_timer.obj (.text:_TIMER_configArgs)
                  0000ed00    00000060                 : csl_edma.obj (.text:_EDMA_enableChannel)
                  0000ed60    00000060                 : csl_edma.obj (.text:_EDMA_intEnable)
                  0000edc0    00000060                 : csl_edma.obj (.text:_EDMA_disableChannel)
                  0000ee20    00000040                 : csl_timer.obj (.text:_TIMER_start)
                  0000ee60    00000040                 : csl_irq.obj (.text:_IRQ_enable)
                  0000eea0    00000020                 : csl_irq.obj (.text:_IRQ_globalDisable)
                  0000eec0    00000020                 : csl_irq.obj (.text:_IRQ_globalEnable)
                  0000eee0    00000020                 : csl_irq.obj (.text:_IRQ_globalRestore)
                  0000ef00    00000020                 : csl_irq.obj (.text)
                  0000ef20    00000020     rts6700.lib : _lock.obj (.text:__nop)
                  0000ef40    00000020     csl6713.lib : csl_edma.obj (.text:_EDMA_intClear)
                  0000ef60    00000020     rts6700.lib : _lock.obj (.text:__register_unlock)
                  0000ef80    00000020                 : _lock.obj (.text:__register_lock)

.cinit     0    0000efa0    00000fa4     
                  0000efa0    000005f4     ex2cfg.obj (.cinit)
                  0000f594    00000004     --HOLE-- [fill = 0]
                  0000f598    000002dc     biosi.a62 : biosdata.o62 (.cinit)
                  0000f874    00000004     --HOLE-- [fill = 0]
                  0000f878    0000012c     csl6713.lib : csl_irq.obj (.cinit)
                  0000f9a4    00000004     --HOLE-- [fill = 0]
                  0000f9a8    000000a8     biosi.a62 : knl_inst.o62 (.cinit)
                  0000fa50    00000070     csl6713.lib : csl_edma.obj (.cinit)
                  0000fac0    0000005c     lnkrtdx.a62 : rtdx.o62 (.cinit)
                  0000fb1c    00000004     --HOLE-- [fill = 0]
                  0000fb20    00000054     csl6713.lib : csl_mcbsp.obj (.cinit)
                  0000fb74    00000004     --HOLE-- [fill = 0]
                  0000fb78    00000050     ex2.obj (.cinit)
                  0000fbc8    0000004c     csl6713.lib : csl_timer.obj (.cinit)
                  0000fc14    00000004     --HOLE-- [fill = 0]
                  0000fc18    0000004c     biosi.a62 : tsk_inst.o62 (.cinit)
                  0000fc64    00000004     --HOLE-- [fill = 0]
                  0000fc68    0000004c               : rta.o62 (.cinit)
                  0000fcb4    00000004     --HOLE-- [fill = 0]
                  0000fcb8    00000048               : knl_inst.o62 (.cinit:c)
                  0000fd00    00000042     USL.obj (.cinit)
                  0000fd42    00000006     --HOLE-- [fill = 0]
                  0000fd48    0000003c     csl6713.lib : csl.obj (.cinit)
                  0000fd84    00000004     --HOLE-- [fill = 0]
                  0000fd88    00000030     dsk6713bsl.lib : dsk6713_aic23_registers.obj (.cinit)
                  0000fdb8    0000002c     biosi.a62 : utl_putc_inst.o (.cinit)
                  0000fde4    00000004     --HOLE-- [fill = 0]
                  0000fde8    0000002c               : tsk_stup_inst.o (.cinit)
                  0000fe14    00000004     --HOLE-- [fill = 0]
                  0000fe18    0000002c     rts6700.lib : exit.obj (.cinit)
                  0000fe44    00000004     --HOLE-- [fill = 0]
                  0000fe48    00000020     ex2cfg_c.obj (.cinit)
                  0000fe68    0000001c     biosi.a62 : hwi.o62 (.cinit)
                  0000fe84    00000004     --HOLE-- [fill = 0]
                  0000fe88    0000001c     rts6700.lib : _lock.obj (.cinit)
                  0000fea4    00000004     --HOLE-- [fill = 0]
                  0000fea8    00000018     biosi.a62 : knl_tick_inst.o (.cinit)
                  0000fec0    00000010               : clk_start6x.o62 (.cinit)
                  0000fed0    00000010               : gbl.o62 (.cinit:c)
                  0000fee0    00000010               : tsk_inst.o62 (.cinit:c)
                  0000fef0    00000010               : sys_inst.o62 (.cinit:c)
                  0000ff00    0000000c               : knl_swit_inst.o (.cinit)
                  0000ff0c    00000004     --HOLE-- [fill = 0]
                  0000ff10    0000000c               : idl_busy.o62 (.cinit)
                  0000ff1c    00000004     --HOLE-- [fill = 0]
                  0000ff20    0000000c     csl6713.lib : csl_cache.obj (.cinit)
                  0000ff2c    00000004     --HOLE-- [fill = 0]
                  0000ff30    0000000c     rtdx.lib : buffer1.o62 (.cinit)
                  0000ff3c    00000008     --HOLE-- [fill = 0]

.log       0    0000ff44    00000018     
                  0000ff44    00000018     ex2cfg.obj (.log)

.mem       0    0000ff5c    00000004     UNINITIALIZED
                  0000ff5c    00000004     ex2cfg.obj (.mem)

.rtdx_text 
*          0    0000ff60    00000cc0     
                  0000ff60    00000700     rtdx.lib : rtdx_mon.o62 (.rtdx_text)
                  00010660    00000580              : buffer1.o62 (.rtdx_text)
                  00010be0    00000040              : intr_tgt.o62 (.rtdx_text)

.bss       0    00010c20    000004dc     UNINITIALIZED
                  00010c20    00000134     biosi.a62 : biosdata.o62 (.bss)
                  00010d54    00000100               : hwi_disp_asm.o6 (.bss)
                  00010e54    000000e0               : knl_inst.o62 (.bss)
                  00010f34    0000009c     ex2cfg.obj (.bss)
                  00010fd0    00000040     biosi.a62 : knl_inst.o62 (.bss:c)
                  00011010    00000038               : tsk_inst.o62 (.bss)
                  00011048    00000024               : tsk_stup_inst.o (.bss)
                  0001106c    00000020               : sys_inst.o62 (.bss)
                  0001108c    00000018     lnkrtdx.a62 : rtdx.o62 (.bss)
                  000110a4    00000010     biosi.a62 : knl_tick_inst.o (.bss)
                  000110b4    0000000c     ex2.obj (.bss)
                  000110c0    00000008     biosi.a62 : gbl.o62 (.bss:c)
                  000110c8    00000008               : clk_start6x.o62 (.bss)
                  000110d0    00000008               : sys_inst.o62 (.bss:c)
                  000110d8    00000008               : tsk_inst.o62 (.bss:c)
                  000110e0    00000008               : hwi.o62 (.bss)
                  000110e8    00000006     USL.obj (.bss)
                  000110f0    00000004     biosi.a62 : gbl_cslinit62.o (.bss)
                  000110f4    00000004               : mem_asm.o62 (.bss)
                  000110f8    00000004               : idl_busy.o62 (.bss)

.rtdx_data 
*          0    000110fc    0000044c     UNINITIALIZED
                  000110fc    00000410     ex2cfg.obj (.rtdx_data)
                  0001150c    00000020     rtdx.lib : buffer1.o62 (.rtdx_data)
                  0001152c    0000001c              : rtdx_mon.o62 (.rtdx_data)

.stack     0    00011548    00000400     
                  00011548    00000400     --HOLE-- [fill = 00c0ffee]

.TSK_idle$stk 
*          0    00011948    00000400     UNINITIALIZED
                  00011948    00000400     ex2cfg.obj (.TSK_idle$stk)

.hst1      0    00011d48    00000010     UNINITIALIZED
                  00011d48    00000010     ex2cfg.obj (.hst1)

.clk       0    00011d58    00000008     UNINITIALIZED
                  00011d58    00000008     ex2cfg.obj (.clk)

.sysinit   0    00011d60    000003a0     
                  00011d60    000002c0     ex2cfg.obj (.sysinit)
                  00012020    000000e0     biosi.a62 : boot.o62 (.sysinit)

.far       0    00012100    00000384     UNINITIALIZED
                  00012100    000000f4     csl6713.lib : csl_irq.obj (.far)
                  000121f4    000000b0     ex2.obj (.far)
                  000122a4    0000008c     rts6700.lib : exit.obj (.far)
                  00012330    00000054     csl6713.lib : csl_edma.obj (.far)
                  00012384    00000038                 : csl_mcbsp.obj (.far)
                  000123bc    00000028     dsk6713bsl.lib : dsk6713_aic23_registers.obj (.far)
                  000123e4    00000028     csl6713.lib : csl.obj (.far)
                  0001240c    00000024                 : csl_timer.obj (.far)
                  00012430    00000020     ex2cfg_c.obj (.far)
                  00012450    00000012     USL.obj (.far)
                  00012462    00000002     dsk6713bsl.lib : dsk6713.obj (.far)
                  00012464    0000000c     biosi.a62 : utl_putc_inst.o (.far)
                  00012470    00000008     dsk6713bsl.lib : dsk6713_aic23_opencodec.obj (.far)
                  00012478    00000008     rts6700.lib : _lock.obj (.far)
                  00012480    00000004     csl6713.lib : csl_cache.obj (.far)

.trace     0    00012484    00000200     
                  00012484    00000200     --HOLE-- [fill = 00000000]

.hst0      0    00012684    00000100     UNINITIALIZED
                  00012684    00000100     ex2cfg.obj (.hst0)

.tsk       0    00012784    00000060     UNINITIALIZED
                  00012784    00000060     ex2cfg.obj (.tsk)

.sys       0    000127e4    00000010     UNINITIALIZED
                  000127e4    00000010     ex2cfg.obj (.sys)

.trcdata   0    000127f4    0000000c     
                  000127f4    0000000c     ex2cfg.obj (.trcdata)

.LOG_system$buf 
*          0    00012800    00000100     
                  00012800    00000100     ex2cfg.obj (.LOG_system$buf) [fill = ffffffff]

.pip       0    00012900    000000c8     UNINITIALIZED
                  00012900    000000c8     ex2cfg.obj (.pip)

.const     0    000129c8    000000c6     
                  000129c8    00000040     dsk6713bsl.lib : dsk6713_aic23_opencodec.obj (.const)
                  00012a08    00000020                    : dsk6713.obj (.const)
                  00012a28    00000020     csl6713.lib : csl_cache.obj (.const)
                  00012a48    00000023     biosi.a62 : utl_doab_inst.o (.const)
                  00012a6b    00000022               : utl_doer_inst.o (.const)
                  00012a8d    00000001               : tsk_inst.o62 (.const)

.swi       0    00012a90    00000058     UNINITIALIZED
                  00012a90    00000058     ex2cfg.obj (.swi)

.sts       0    00012ae8    00000040     
                  00012ae8    00000040     ex2cfg.obj (.sts)

.hst       0    00012b28    0000002c     UNINITIALIZED
                  00012b28    0000002c     ex2cfg.obj (.hst)

.gblinit   0    00012b54    00000028     
                  00012b54    00000028     ex2cfg.obj (.gblinit)

.switch    0    00012b7c    00000028     
                  00012b7c    00000028     rtdx.lib : rtdx_mon.o62 (.switch)

.idl       0    00012ba4    00000020     UNINITIALIZED
                  00012ba4    00000010     ex2cfg.obj (.idl)
                  00012bb4    00000010     ex2cfg.obj (.idlcal)

.pinit     0    00012bc4    0000000c     
                  00012bc4    00000004     rtdx.lib : rtdx_mon.o62 (.pinit)
                  00012bc8    00000004              : buffer1.o62 (.pinit)
                  00012bcc    00000004     --HOLE-- [fill = 0]

.args      0    00012bd0    00000004     
                  00012bd0    00000004     --HOLE-- [fill = 00000000]


GLOBAL SYMBOLS: SORTED ALPHABETICALLY BY Name 

address    name
--------   ----
00010c20   $bss
00010c20   .bss
00000000   .data
0000bf00   .text
00011f1c   BIOS$$CLKOFF
00011eec   BIOS$$CLKON
00011d60   BIOS_init
00011f7c   BIOS_start
00000000   BUF$
00000001   BUF_ENABLED
ffffffff   CACHE_L2
00000001   CLK$
00011d58   CLK_A_TABBEG
00011d60   CLK_A_TABEND
00000008   CLK_A_TABLEN
0000dbba   CLK_COUNTSPMS
00000000   CLK_COUNTSPMSHIGH
00010c48   CLK_D_idletime
00010c44   CLK_D_isrhook
00010c40   CLK_D_tabbeg
00010c3c   CLK_D_timefxn
00009fa0   CLK_F_getfhtime
00009fc0   CLK_F_gethtime
0000a034   CLK_F_getltime
00009fc0   CLK_F_getshtime
0000a040   CLK_F_isr
0000a17c   CLK_F_itime
00008e20   CLK_HOOKFXN
00004000   CLK_INTBIT
0000dbba   CLK_PRD
00000000   CLK_PRDHIGH
01940000   CLK_REGS
00010c38   CLK_R_time
00000020   CLK_TCR
00000000   CLK_TDDR
00000000   CLK_TDDRHIGH
00009fc0   CLK_TIMEFXN
00000000   CLK_TIMERNUM
00000001   CLK_USETIMER
00011d5c   CLK_null
00000000   DEV$
00000000   DGN$
00000000   DHL$
00000000   DHL_gChannelsAvailable
00000000   DIO$
00000000   DIO_NUMSWIBASE
00000000   DIO_NUMTSKBASE
00000000   DIO_STATIC
00000000   DPI$
0000ba60   FXN_F_nop
0000ba68   FXN_F_run
0000bab8   FXN_F_zero
00000001   GBL$
00000490   GBL_A_VERSION
00000000   GBL_BIGENDIAN
00000000   GBL_C641XL2PRIORITY
00000000   GBL_CACHE
00000001   GBL_CALLCSLCFGINIT
00000001   GBL_ENABLEINST
00000042   GBL_FOOTPRINT
0000be40   GBL_F_version
00002226   GBL_L2ALLOC
00000000   GBL_L2CONFIGALLOC
00000001   GBL_L2CONFIGURE
00000001   GBL_L2MARMASK
00000000   GBL_L2MARMASK1
00000000   GBL_L2MARMASK2
00000000   GBL_L2MARMASK3
00000000   GBL_L2MARMASK4
00000000   GBL_L2MARMASK5
00000007   GBL_L2MODE
00000000   GBL_L2PRIORITY
00000000   GBL_NULL
00000000   GBL_ROM
00000001   GBL_SUPPORTCSL
0000dbef   GBL_TRCMASKVALUE
00000001   GBL_USERINIT
0000d788   GBL_USERINITFXN
00000001   GBL_boot
000127fc   GBL_initdone
00011548   GBL_stackbeg
00011947   GBL_stackend
00000000   GIO$
0000bec0   GIO_CREATEFXN
0000bec0   GIO_DELETEFXN
0000bec0   GIO_PENDFXN
0000bec0   GIO_POSTFXN
00000000   HOOK$
00000000   HOOK_KNLID
00000001   HST$
00012b28   HST_A_TABBEG
00012b54   HST_A_TABEND
00000002   HST_A_TABLEN
00000000   HST_DSM
00010f50   HST_DSMBUFSEG
00000400   HST_DSMMEMSIZE
00010d38   HST_D_chanmask
00000100   HST_MAXFRAMEALLOWED
00000040   HST_MAXFRAMESET
00000000   HST_NONE
00000001   HST_RTDX
00000001   HWI$
00000000   HWI_A_VECS
000110e0   HWI_D_ccmask
00008e20   HWI_F_dispatch
00000000   HWI_GENERATE_RESET_VEC
0000000a   HWI_INT10
0000000b   HWI_INT11
0000000c   HWI_INT12
0000000d   HWI_INT13
0000000e   HWI_INT14
0000000f   HWI_INT15
00000004   HWI_INT4
00000005   HWI_INT5
00000006   HWI_INT6
00000007   HWI_INT7
00000008   HWI_INT8
00000009   HWI_INT9
082039a3   HWI_INTRMULTHIGH
310718a4   HWI_INTRMULTLOW
00000001   HWI_NMI
00000000   HWI_POLARITYMASK
00000002   HWI_RESERVED0
00000003   HWI_RESERVED1
00000000   HWI_RESET
00000001   HWI_ZEROTAB
00000001   IDL$
00012bb4   IDL_A_CALBEG
00012bc4   IDL_A_CALEND
00000002   IDL_A_CALLEN
00012ba4   IDL_A_TABBEG
00012bb4   IDL_A_TABEND
00000002   IDL_A_TABLEN
0000bd80   IDL_CALIBRFXN
000110f8   IDL_D_busyObj
00010c28   IDL_D_calbeg
00010c24   IDL_D_calibrate
00010c20   IDL_D_tabbeg
00012bb0   IDL_END
00012bc0   IDL_END$
0000b960   IDL_F_busy
0000b140   IDL_F_calibrate
0000bee0   IDL_F_loop
0000bd80   IDL_F_stub
00000001   IDL_USECLKIDLTIME
00012b1c   IDL_busyObj
00012b18   IDL_busyObj$stsobj
00012bac   IDL_cpuLoad
00012bbc   IDL_cpuLoad$
00010f50   IRAM
00000200   IRAM$B
00008000   IRAM$L
00000001   ISRC$
0000ab40   KNL_glue
00012a90   KNL_swi
00012aec   KNL_swi$sts
00012ae8   KNL_swi$sts$stsobj
00000001   LCK$
000088e0   LNK_F_checkBufferCall
00008954   LNK_F_dataPump
00008900   LNK_F_getChanPtr
0000894c   LNK_F_init
00008df8   LNK_F_readCallBack
00012ba4   LNK_dataPump
00012bb4   LNK_dataPump$
00011090   LNK_dspFrameReadyMask
0001108c   LNK_dspFrameRequestMask
00008ba8   LNK_newin
00008cb8   LNK_newout
00008960   LNK_rcloop
00008a10   LNK_rdrtry
00011098   LNK_readDone
0001109c   LNK_readFail
00011094   LNK_readPend
00008a18   LNK_rrloop
000110a0   LNK_writeFail
00008ad8   LNK_wrloop
00008ad0   LNK_wrrtry
00000001   LOG$
0000ff44   LOG_A_TABBEG
0000ff5c   LOG_A_TABEND
00000001   LOG_A_TABLEN
00010c2c   LOG_D_system
00000001   LOG_ENABLED
0000b8e0   LOG_F_event
0000ff44   LOG_system
00012800   LOG_system$buf
00000040   LOG_system$size
00000000   MBX$
00000001   MEM$
00010f50   MEM_MALLOCSEG
00000000   MEM_NULL
00010f50   MEM_SEGZERO
00000002   MEM_gNumHeap
00000000   OBJ$
00000000   PIP$
00012900   PIP_A_TABBEG
000129c8   PIP_A_TABEND
00000002   PIP_A_TABLEN
00010c30   PIP_D_tabbeg
00010c34   PIP_D_tablen
0000a254   PIP_F_give
0000a254   PIP_F_probe
0000a328   PIP_F_start
0000a1c0   PIP_F_take
00000000   PIP_gNextId
00000002   PIP_gNumEmbed
00000001   PRD$
00000000   PRD_A_TABBEG
00000000   PRD_A_TABEND
00000000   PRD_A_TABLEN
00010cf4   PRD_D_cur
00010cf8   PRD_D_elapsed
00010cfc   PRD_D_prevtim
00010d00   PRD_D_scalar
00010d04   PRD_D_swihandle
00010d08   PRD_D_tabbeg
00010d0c   PRD_D_tablen
00010d10   PRD_D_thook
00010cf0   PRD_D_tick
00009260   PRD_F_swi
000094bc   PRD_F_tick
00004000   PRD_SCALAR
00000000   PRD_SWIHANDLE
00009f78   PRD_THOOKFXN
00011d58   PRD_clock
00000001   QUE$
00010d14   RTA_D_fromHost
00010d1c   RTA_D_logval
00010d2c   RTA_D_stsval
00010d18   RTA_D_toHost
0000bdc0   RTA_F_andn
00009bb8   RTA_F_dispatch
00009ac0   RTA_F_getlog
00009b04   RTA_F_getsts
0000bde0   RTA_F_or
00009b4c   RTA_F_readblk
00009b78   RTA_F_resetmem
00009b6c   RTA_F_writeword
00012ba8   RTA_dispatcher
00012bb8   RTA_dispatcher$
00009bf8   RTA_execute
00012b2c   RTA_fromHost
00011d48   RTA_fromHost$buf
00012900   RTA_fromHost$pipe
00012930   RTA_fromHost$pipe$aaa
00012960   RTA_fromHost$pipe$bbb
00010f58   RTA_fromHost$pipe$dtab
00012904   RTA_fromHost$pipe$rd
00012934   RTA_fromHost$pipe$wr
00012b34   RTA_fromHost$rtdx
00012b40   RTA_toHost
00012684   RTA_toHost$buf
00012964   RTA_toHost$pipe
00012994   RTA_toHost$pipe$aaa
000129c4   RTA_toHost$pipe$bbb
00010f64   RTA_toHost$pipe$dtab
00012968   RTA_toHost$pipe$rd
00012998   RTA_toHost$pipe$wr
00012b48   RTA_toHost$rtdx
00000001   RTDX$
00000408   RTDX_BUFMEMSIZE
00010f50   RTDX_DATAMEMSEG
00000001   RTDX_NORMALIZED_HDR
00000001   RTDX_USERTDX
00000000   RTDX_USERTEXECUTION
00010f54   SDRAM
80000000   SDRAM$B
00008000   SDRAM$L
00000000   SEM$
00000000   SIO$
00000001   STS$
00012ae8   STS_A_TABBEG
00012b28   STS_A_TABEND
00000004   STS_A_TABLEN
0000bbb0   STS_F_add
0000bba0   STS_F_delta
0000bbdc   STS_F_reset
00000001   SWI$
00012a90   SWI_A_TABBEG
00012ae8   SWI_A_TABEND
00000002   SWI_A_TABLEN
00010c58   SWI_D_curfxn
00010c4c   SWI_D_curmask
00010c5c   SWI_D_curmbox
00010c50   SWI_D_curset
00010c74   SWI_D_ehook
00010c64   SWI_D_execaddr
00010c70   SWI_D_ihook
00010c60   SWI_D_lock
00010c54   SWI_D_pending
00010c6c   SWI_D_rdybeg
00010c78   SWI_D_rdytab
00010c68   SWI_D_runaddr
00000000   SWI_EHOOKFXN
0000849c   SWI_EXECFXN
00008200   SWI_F_enable
00008424   SWI_F_exec
0000849c   SWI_F_iexec
0000828c   SWI_F_post
00008670   SWI_F_run
00000000   SWI_IHOOKFXN
00008670   SWI_RUNFXN
00012abc   SWI_ex2
00012afc   SWI_ex2$sts
00012af8   SWI_ex2$sts$stsobj
00000001   SYS$
000127e4   SYS$config
0000bd20   SYS_ABORTFXN
0000be80   SYS_ERRORFXN
0000be60   SYS_EXITFXN
0000bc00   SYS_PUTCFXN
000127f8   TRC_R_mask
000127f4   TRC_cinit
00000001   TSK$
00000000   TSK_NUM_HOOKS
00000001   TSK_PRIORITY
00000000   TSK_READYFXN
00010f50   TSK_STACKSEG
00000400   TSK_STACKSIZE
00000000   TSK_SWITCHFXN
0000bec0   TSK_VCREATEFXN
0000bec0   TSK_VDELETEFXN
0000bec0   TSK_VEXITFXN
00012790   TSK_idle
00011948   TSK_idle$stack
00011ce0   TSK_idle$stkptr
00012b0c   TSK_idle$sts
00012b08   TSK_idle$sts$stsobj
00000000   UDEV$
0000b840   _ATM_andi
0000b840   _ATM_andu
0000b860   _ATM_cleari
0000b860   _ATM_clearu
0000b878   _ATM_deci
0000b878   _ATM_decu
0000b894   _ATM_inci
0000b894   _ATM_incu
0000b8b0   _ATM_ori
0000b8b0   _ATM_oru
0000b8cc   _ATM_seti
0000b8cc   _ATM_setu
00011d60   _BIOS_init
00011f7c   _BIOS_start
0000cae4   _BlockGen
0000d200   _BlockGen_SWI
ffffffff   _CACHE_L2
0000de40   _CACHE_clean
0000c6a0   _CACHE_setL2Mode
0000ce80   _CACHE_wait
0000e600   _CACHE_wbInvL1d
0000dbba   _CLK_COUNTSPMS
0000a17c   _CLK_F_itime
0000dbba   _CLK_PRD
01940000   _CLK_REGS
00000000   _CLK_TDDR
00000000   _CLK_TIMERNUM
00000001   _CLK_USETIMER
0000a17c   _CLK_itime
0000b700   _CLK_start
0000b700   _CLK_start6x
0000e120   _CSL_cfgInit
0000cbdc   _CopyBuffer
00012470   _DSK6713_AIC23_codeccontrolhandle
00012474   _DSK6713_AIC23_codecdatahandle
0000e080   _DSK6713_AIC23_config
0000c380   _DSK6713_AIC23_openCodec
0000e05c   _DSK6713_AIC23_rget
0000dfc0   _DSK6713_AIC23_rset
0000c314   _DSK6713_getVersion
0000bf4c   _DSK6713_init
0000c268   _DSK6713_rget
0000c27c   _DSK6713_rset
00012462   _DSK6713_version
0000c290   _DSK6713_wait
0000c2e8   _DSK6713_waitusec
0000cb9c   _DecBuffer
0000d1b4   _EDMA_HWI
0000d0c0   _EDMA_Init
0000dca0   _EDMA_allocTable
0000eac0   _EDMA_config
0000edc0   _EDMA_disableChannel
0000ed00   _EDMA_enableChannel
0000ef40   _EDMA_intClear
0000ed60   _EDMA_intEnable
0000cc00   _EDMA_open
0000ec40   _EDMA_qdmaConfig
0000e3a0   _EDMA_reset
0000cbb8   _FIR_C
0000bec0   _FXN_F_nop
0000ba68   _FXN_F_run
0000bab8   _FXN_F_zero
00000000   _GBL_CACHE
0000af40   _GBL_cslCacheInit
0000b9e0   _GBL_cslInit
000110f0   _GBL_cslTimerHandle
000110c0   _GBL_irqEventTable
000110c4   _GBL_irqIntTable
0000d788   _GBL_setPLLto225MHz
00012b28   _HST_A_TABBEG
00012b54   _HST_A_TABEND
00000002   _HST_A_TABLEN
000110e4   _HWI_D_spsave
00008e20   _HWI_F_dispatch
0000000a   _HWI_INT10
0000000b   _HWI_INT11
0000000c   _HWI_INT12
0000000d   _HWI_INT13
0000000e   _HWI_INT14
0000000f   _HWI_INT15
00000004   _HWI_INT4
00000005   _HWI_INT5
00000006   _HWI_INT6
00000007   _HWI_INT7
00000008   _HWI_INT8
00000009   _HWI_INT9
00000001   _HWI_NMI
00000002   _HWI_RESERVED0
00000003   _HWI_RESERVED1
00000000   _HWI_RESET
00011940   _HWI_STKBOTTOM
00011548   _HWI_STKTOP
00010d54   _HWI_dispatchTab
00012b1c   _IDL_busyObj
00012bac   _IDL_cpuLoad
0000bee0   _IDL_loop
00010f50   _IRAM
00000200   _IRAM_base
00008000   _IRAM_length
0000ee60   _IRQ_enable
0000eea0   _IRQ_globalDisable
0000eec0   _IRQ_globalEnable
0000eee0   _IRQ_globalRestore
00010fd8   _KNL_alarm
0000b040   _KNL_check
00010ff8   _KNL_curqueue
00010fec   _KNL_curtask
00010ff4   _KNL_curtime
00010ef4   _KNL_dummy
0000ae40   _KNL_enter
0000aed0   _KNL_exit
0000b0f0   _KNL_idle
00010f30   _KNL_idlefxn
00010fe0   _KNL_inactive
0000b7a0   _KNL_ipost
0000b10c   _KNL_max
00010ffc   _KNL_maxqueue
0000b4c0   _KNL_post
00010ff0   _KNL_prevtask
00010fe4   _KNL_priority
00010e54   _KNL_queues
00009580   _KNL_run
0000a9c0   _KNL_saveIsrFrame
00010fe8   _KNL_set
00010fdc   _KNL_setpri
00012a90   _KNL_swi
00010f2c   _KNL_swiptr
0000aa8c   _KNL_switch
00011004   _KNL_tcreatefxn
00011008   _KNL_tdeletefxn
00009f78   _KNL_tick
0001100c   _KNL_treadyfxn
00011000   _KNL_tswitchfxn
00010fd0   _KNL_wFlag
00010fd4   _KNL_wList
0000b68c   _LCK_pend
0000b640   _LCK_post
00012ba4   _LNK_dataPump
0000ff44   _LOG_A_TABBEG
0000ff5c   _LOG_A_TABEND
00000001   _LOG_A_TABLEN
00010c2c   _LOG_D_system
0000b8e0   _LOG_event
0000ff44   _LOG_system
0000e700   _MCBSP_open
0000db00   _MCBSP_reset
0000e800   _MCBSP_start
000110f4   _MEM
00010d3c   _MEM_D_NUMSEGMENTS
00010d44   _MEM_D_freelist
00010d48   _MEM_D_lockaddr
00010d40   _MEM_D_memtab
00010d4c   _MEM_D_unlockaddr
0000b580   _MEM_init
00010f34   _MEM_memtab
00010f70   _OBJ_table
00012900   _PIP_A_TABBEG
000129c8   _PIP_A_TABEND
00000002   _PIP_A_TABLEN
00010cf0   _PRD_D_tick
00011d58   _PRD_clock
0000bb40   _QUE_get
0000bb68   _QUE_put
00012ba8   _RTA_dispatcher
00012b2c   _RTA_fromHost
00012b40   _RTA_toHost
000110fc   _RTDX_Buffer
00011508   _RTDX_Buffer_End
00010660   _RTDX_Buffer_Initialize
00010b88   _RTDX_Buffer_Read
00011504   _RTDX_Buffer_Start
00010960   _RTDX_Buffer_Write
00010008   _RTDX_Final_RT_Monitor
0000ff80   _RTDX_Init_RT_Monitor
00010030   _RTDX_IsFlowEnabled
00000002   _RTDX_JTAGONLY
00010be0   _RTDX_Mask_IER
000104f8   _RTDX_Mon_Queue
00010044   _RTDX_Poll
00010bf8   _RTDX_Set_IER
00000000   _RTDX_interrupt_mask
00011518   _RTDX_writing
00010f54   _SDRAM
80000000   _SDRAM_base
00008000   _SDRAM_length
0000bc60   _SEM_pend
00009820   _SEM_pendEnterKnl
0000b240   _SEM_post
0000b320   _SEM_postEnterKnl
00012ae8   _STS_A_TABBEG
00012b28   _STS_A_TABEND
00000004   _STS_A_TABLEN
0000bbb0   _STS_add
0000bba0   _STS_delta
0000bbdc   _STS_reset
0000bea0   _STS_set
00010c58   _SWI_D_curfxn
00010c4c   _SWI_D_curmask
00010c60   _SWI_D_lock
00010c6c   _SWI_D_rdybeg
00012abc   _SWI_ex2
0000be00   _SWI_post
00010d50   _SYS
00012484   _SYS_PUTCBEG
00012683   _SYS_PUTCEND
0000b400   _SYS_exit
0001106c   _SYS_exitStack
000110d0   _SYS_exitStackPtr
000110d4   _SYS_exitStackTop
0000c960   _SineGen
0000ca28   _SineGenQ15
0000eca0   _TIMER_configArgs
0000e260   _TIMER_open
0000e4e0   _TIMER_reset
0000ee20   _TIMER_start
000127f8   _TRC_R_mask
0000bcc0   _TRC_disable
0000bce0   _TRC_enable
0000bcfc   _TRC_query
00010fc8   _TSK
00011010   _TSK_ATTRS
0000a7e0   _TSK_exit
00012790   _TSK_idle
0000bae0   _TSK_init
000110d8   _TSK_nTasks
000110dc   _TSK_pid
0000a5e0   _TSK_setup
0000ad54   _TSK_startup
0001102c   _TSK_timerSem
0000bd20   _UTL_doAbort
0000be80   _UTL_doError
0000bc00   _UTL_doPutc
0000be60   _UTL_halt
0000a190   __CLK_lat1beg
0000a1bc   __CLK_lat1end
0000d540   __CSL_init
00010fcc   __HOOK_NUMHOOKS
00010f4c   __HOOK_knlId
00008e20   __HWI_lat1beg
00008fcc   __HWI_lat1end
00008fcc   __HWI_lat2beg
0000915c   __HWI_lat2end1
000090e8   __HWI_lat2end2
000091a4   __HWI_lat3beg
0000924c   __HWI_lat3end1
00009120   __HWI_lat3end2
0000b960   __IDL_lat1beg
0000b9b0   __IDL_lat1end
000121ec   __IRQ_dispatchTable
00012128   __IRQ_eventTable
0000ef00   __IRQ_hookFetchPacket
0000eba0   __IRQ_init
000121ac   __IRQ_intTable
0000b074   __KNL_lat1beg
0000b0f0   __KNL_lat1end
0000b8e0   __LOG_lat1beg
0000b924   __LOG_lat1end1
0000b950   __LOG_lat1end2
000123b4   __MCBSP_hDev0
000123b8   __MCBSP_hDev1
0000bb40   __QUE_lat1beg
0000bb60   __QUE_lat1end
0000bb68   __QUE_lat2beg
0000bb80   __QUE_lat2end
00009b78   __RTA_lat1beg
00009bb0   __RTA_lat1end
0000a3e0   __SEM_dopost
00000400   __STACK_SIZE
00008394   __SWI_lat1beg
00008420   __SWI_lat1end1
000084dc   __SWI_lat1end2
00008580   __SWI_lat2beg
0000866c   __SWI_lat2end2
00008200   __SWI_lat3beg
00008288   __SWI_lat3end
0001240c   __TIMER_deviceTable
0001242c   __TIMER_hBios
00012424   __TIMER_hDev0
00012428   __TIMER_hDev1
00011048   __TSK_mutex
ffffffff   ___binit__
00010c20   ___bss__
00012bd0   ___c_args__
0000efa0   ___cinit__
00000000   ___data__
00000000   ___edata__
000110fc   ___end__
0000efa0   ___etext__
00012bc4   ___pinit__
0000bf00   ___text__
0000ab80   __auto_init
00012328   __cleanup_ptr
0001232c   __dtors_ptr
00012478   __lock
0000ef20   __nop
0000ef80   __register_lock
0000ef60   __register_unlock
00011548   __stack
0000e900   __strasg
0001247c   __unlock
0000e9e0   _atexit
0001221c   _buffer
00012020   _c_int00
000121f4   _confAIC23
0001228c   _confEDMA
00012430   _confEDMAbis
000110b4   _hAIC23
000110bc   _hEdma14
00012448   _hEdmaCha14
000110b8   _hEdmaReload
0001244c   _hEdmaReloadbis
0000d230   _main
0000d300   _memcpy
0001150c   _rtdx_buffer_state
0001152c   _rtdx_mon_state
00012344   _tccAllocTable
0000d760   _wait500nS
ffffffff   binit
0000efa0   cinit
00000000   edata
000110fc   end
0000efa0   etext
00000000   hwi0
00000020   hwi1
00000140   hwi10
00000160   hwi11
00000180   hwi12
000001a0   hwi13
000001c0   hwi14
000001e0   hwi15
00000040   hwi2
00000060   hwi3
00000080   hwi4
000000a0   hwi5
000000c0   hwi6
000000e0   hwi7
00000100   hwi8
00000120   hwi9
00012bc4   pinit


GLOBAL SYMBOLS: SORTED BY Symbol Address 

address    name
--------   ----
00000000   GBL_L2MARMASK1
00000000   GBL_L2MARMASK2
00000000   GBL_L2CONFIGALLOC
00000000   GBL_C641XL2PRIORITY
00000000   GBL_CACHE
00000000   GBL_L2PRIORITY
00000000   GBL_NULL
00000000   GBL_L2MARMASK5
00000000   GBL_L2MARMASK3
00000000   GBL_L2MARMASK4
00000000   DIO_NUMSWIBASE
00000000   DIO_NUMTSKBASE
00000000   DIO$
00000000   DHL$
00000000   DHL_gChannelsAvailable
00000000   RTDX_USERTEXECUTION
00000000   GBL_BIGENDIAN
00000000   ___data__
00000000   DIO_STATIC
00000000   DPI$
00000000   GBL_ROM
00000000   HWI_A_VECS
00000000   HWI_GENERATE_RESET_VEC
00000000   HST_NONE
00000000   HST_DSM
00000000   SWI_EHOOKFXN
00000000   HWI_RESET
00000000   SWI_IHOOKFXN
00000000   HWI_POLARITYMASK
00000000   _RTDX_interrupt_mask
00000000   TSK_NUM_HOOKS
00000000   TSK_SWITCHFXN
00000000   GIO$
00000000   PRD_A_TABEND
00000000   SIO$
00000000   UDEV$
00000000   HOOK_KNLID
00000000   TSK_READYFXN
00000000   HOOK$
00000000   PRD_SWIHANDLE
00000000   PRD_A_TABLEN
00000000   DGN$
00000000   PIP$
00000000   PRD_A_TABBEG
00000000   hwi0
00000000   edata
00000000   CLK_PRDHIGH
00000000   MEM_NULL
00000000   SEM$
00000000   BUF$
00000000   _GBL_CACHE
00000000   _CLK_TIMERNUM
00000000   MBX$
00000000   _CLK_TDDR
00000000   CLK_TDDRHIGH
00000000   CLK_TDDR
00000000   CLK_TIMERNUM
00000000   DEV$
00000000   ___edata__
00000000   CLK_COUNTSPMSHIGH
00000000   .data
00000000   PIP_gNextId
00000000   OBJ$
00000000   _HWI_RESET
00000001   BUF_ENABLED
00000001   RTDX$
00000001   CLK$
00000001   LCK$
00000001   SYS$
00000001   HST$
00000001   ISRC$
00000001   SWI$
00000001   PRD$
00000001   IDL$
00000001   HWI_ZEROTAB
00000001   HWI_NMI
00000001   TSK_PRIORITY
00000001   HST_RTDX
00000001   _LOG_A_TABLEN
00000001   HWI$
00000001   IDL_USECLKIDLTIME
00000001   TSK$
00000001   MEM$
00000001   GBL_ENABLEINST
00000001   GBL_CALLCSLCFGINIT
00000001   RTDX_NORMALIZED_HDR
00000001   _CLK_USETIMER
00000001   GBL_L2MARMASK
00000001   GBL_L2CONFIGURE
00000001   RTDX_USERTDX
00000001   QUE$
00000001   LOG$
00000001   LOG_ENABLED
00000001   GBL_USERINIT
00000001   STS$
00000001   GBL_boot
00000001   CLK_USETIMER
00000001   LOG_A_TABLEN
00000001   GBL$
00000001   GBL_SUPPORTCSL
00000001   _HWI_NMI
00000002   _HWI_RESERVED0
00000002   HWI_RESERVED0
00000002   SWI_A_TABLEN
00000002   _RTDX_JTAGONLY
00000002   _HST_A_TABLEN
00000002   IDL_A_CALLEN
00000002   MEM_gNumHeap
00000002   HST_A_TABLEN
00000002   IDL_A_TABLEN
00000002   _PIP_A_TABLEN
00000002   PIP_A_TABLEN
00000002   PIP_gNumEmbed
00000003   HWI_RESERVED1
00000003   _HWI_RESERVED1
00000004   STS_A_TABLEN
00000004   _HWI_INT4
00000004   _STS_A_TABLEN
00000004   HWI_INT4
00000005   _HWI_INT5
00000005   HWI_INT5
00000006   HWI_INT6
00000006   _HWI_INT6
00000007   HWI_INT7
00000007   GBL_L2MODE
00000007   _HWI_INT7
00000008   CLK_A_TABLEN
00000008   HWI_INT8
00000008   _HWI_INT8
00000009   HWI_INT9
00000009   _HWI_INT9
0000000a   HWI_INT10
0000000a   _HWI_INT10
0000000b   HWI_INT11
0000000b   _HWI_INT11
0000000c   _HWI_INT12
0000000c   HWI_INT12
0000000d   HWI_INT13
0000000d   _HWI_INT13
0000000e   HWI_INT14
0000000e   _HWI_INT14
0000000f   _HWI_INT15
0000000f   HWI_INT15
00000020   CLK_TCR
00000020   hwi1
00000040   HST_MAXFRAMESET
00000040   hwi2
00000040   LOG_system$size
00000042   GBL_FOOTPRINT
00000060   hwi3
00000080   hwi4
000000a0   hwi5
000000c0   hwi6
000000e0   hwi7
00000100   HST_MAXFRAMEALLOWED
00000100   hwi8
00000120   hwi9
00000140   hwi10
00000160   hwi11
00000180   hwi12
000001a0   hwi13
000001c0   hwi14
000001e0   hwi15
00000200   IRAM$B
00000200   _IRAM_base
00000400   TSK_STACKSIZE
00000400   __STACK_SIZE
00000400   HST_DSMMEMSIZE
00000408   RTDX_BUFMEMSIZE
00000490   GBL_A_VERSION
00002226   GBL_L2ALLOC
00004000   PRD_SCALAR
00004000   CLK_INTBIT
00008000   SDRAM$L
00008000   _IRAM_length
00008000   _SDRAM_length
00008000   IRAM$L
00008200   __SWI_lat3beg
00008200   SWI_F_enable
00008288   __SWI_lat3end
0000828c   SWI_F_post
00008394   __SWI_lat1beg
00008420   __SWI_lat1end1
00008424   SWI_F_exec
0000849c   SWI_EXECFXN
0000849c   SWI_F_iexec
000084dc   __SWI_lat1end2
00008580   __SWI_lat2beg
0000866c   __SWI_lat2end2
00008670   SWI_F_run
00008670   SWI_RUNFXN
000088e0   LNK_F_checkBufferCall
00008900   LNK_F_getChanPtr
0000894c   LNK_F_init
00008954   LNK_F_dataPump
00008960   LNK_rcloop
00008a10   LNK_rdrtry
00008a18   LNK_rrloop
00008ad0   LNK_wrrtry
00008ad8   LNK_wrloop
00008ba8   LNK_newin
00008cb8   LNK_newout
00008df8   LNK_F_readCallBack
00008e20   HWI_F_dispatch
00008e20   __HWI_lat1beg
00008e20   CLK_HOOKFXN
00008e20   _HWI_F_dispatch
00008fcc   __HWI_lat1end
00008fcc   __HWI_lat2beg
000090e8   __HWI_lat2end2
00009120   __HWI_lat3end2
0000915c   __HWI_lat2end1
000091a4   __HWI_lat3beg
0000924c   __HWI_lat3end1
00009260   PRD_F_swi
000094bc   PRD_F_tick
00009580   _KNL_run
00009820   _SEM_pendEnterKnl
00009ac0   RTA_F_getlog
00009b04   RTA_F_getsts
00009b4c   RTA_F_readblk
00009b6c   RTA_F_writeword
00009b78   RTA_F_resetmem
00009b78   __RTA_lat1beg
00009bb0   __RTA_lat1end
00009bb8   RTA_F_dispatch
00009bf8   RTA_execute
00009f78   _KNL_tick
00009f78   PRD_THOOKFXN
00009fa0   CLK_F_getfhtime
00009fc0   CLK_F_gethtime
00009fc0   CLK_F_getshtime
00009fc0   CLK_TIMEFXN
0000a034   CLK_F_getltime
0000a040   CLK_F_isr
0000a17c   _CLK_F_itime
0000a17c   CLK_F_itime
0000a17c   _CLK_itime
0000a190   __CLK_lat1beg
0000a1bc   __CLK_lat1end
0000a1c0   PIP_F_take
0000a254   PIP_F_give
0000a254   PIP_F_probe
0000a328   PIP_F_start
0000a3e0   __SEM_dopost
0000a5e0   _TSK_setup
0000a7e0   _TSK_exit
0000a9c0   _KNL_saveIsrFrame
0000aa8c   _KNL_switch
0000ab40   KNL_glue
0000ab80   __auto_init
0000ad54   _TSK_startup
0000ae40   _KNL_enter
0000aed0   _KNL_exit
0000af40   _GBL_cslCacheInit
0000b040   _KNL_check
0000b074   __KNL_lat1beg
0000b0f0   __KNL_lat1end
0000b0f0   _KNL_idle
0000b10c   _KNL_max
0000b140   IDL_F_calibrate
0000b240   _SEM_post
0000b320   _SEM_postEnterKnl
0000b400   _SYS_exit
0000b4c0   _KNL_post
0000b580   _MEM_init
0000b640   _LCK_post
0000b68c   _LCK_pend
0000b700   _CLK_start6x
0000b700   _CLK_start
0000b7a0   _KNL_ipost
0000b840   _ATM_andu
0000b840   _ATM_andi
0000b860   _ATM_cleari
0000b860   _ATM_clearu
0000b878   _ATM_decu
0000b878   _ATM_deci
0000b894   _ATM_incu
0000b894   _ATM_inci
0000b8b0   _ATM_oru
0000b8b0   _ATM_ori
0000b8cc   _ATM_seti
0000b8cc   _ATM_setu
0000b8e0   __LOG_lat1beg
0000b8e0   _LOG_event
0000b8e0   LOG_F_event
0000b924   __LOG_lat1end1
0000b950   __LOG_lat1end2
0000b960   __IDL_lat1beg
0000b960   IDL_F_busy
0000b9b0   __IDL_lat1end
0000b9e0   _GBL_cslInit
0000ba60   FXN_F_nop
0000ba68   _FXN_F_run
0000ba68   FXN_F_run
0000bab8   FXN_F_zero
0000bab8   _FXN_F_zero
0000bae0   _TSK_init
0000bb40   __QUE_lat1beg
0000bb40   _QUE_get
0000bb60   __QUE_lat1end
0000bb68   __QUE_lat2beg
0000bb68   _QUE_put
0000bb80   __QUE_lat2end
0000bba0   _STS_delta
0000bba0   STS_F_delta
0000bbb0   STS_F_add
0000bbb0   _STS_add
0000bbdc   _STS_reset
0000bbdc   STS_F_reset
0000bc00   SYS_PUTCFXN
0000bc00   _UTL_doPutc
0000bc60   _SEM_pend
0000bcc0   _TRC_disable
0000bce0   _TRC_enable
0000bcfc   _TRC_query
0000bd20   SYS_ABORTFXN
0000bd20   _UTL_doAbort
0000bd80   IDL_CALIBRFXN
0000bd80   IDL_F_stub
0000bdc0   RTA_F_andn
0000bde0   RTA_F_or
0000be00   _SWI_post
0000be40   GBL_F_version
0000be60   _UTL_halt
0000be60   SYS_EXITFXN
0000be80   _UTL_doError
0000be80   SYS_ERRORFXN
0000bea0   _STS_set
0000bec0   GIO_DELETEFXN
0000bec0   GIO_PENDFXN
0000bec0   GIO_CREATEFXN
0000bec0   TSK_VCREATEFXN
0000bec0   TSK_VDELETEFXN
0000bec0   GIO_POSTFXN
0000bec0   _FXN_F_nop
0000bec0   TSK_VEXITFXN
0000bee0   IDL_F_loop
0000bee0   _IDL_loop
0000bf00   ___text__
0000bf00   .text
0000bf4c   _DSK6713_init
0000c268   _DSK6713_rget
0000c27c   _DSK6713_rset
0000c290   _DSK6713_wait
0000c2e8   _DSK6713_waitusec
0000c314   _DSK6713_getVersion
0000c380   _DSK6713_AIC23_openCodec
0000c6a0   _CACHE_setL2Mode
0000c960   _SineGen
0000ca28   _SineGenQ15
0000cae4   _BlockGen
0000cb9c   _DecBuffer
0000cbb8   _FIR_C
0000cbdc   _CopyBuffer
0000cc00   _EDMA_open
0000ce80   _CACHE_wait
0000d0c0   _EDMA_Init
0000d1b4   _EDMA_HWI
0000d200   _BlockGen_SWI
0000d230   _main
0000d300   _memcpy
0000d540   __CSL_init
0000d760   _wait500nS
0000d788   GBL_USERINITFXN
0000d788   _GBL_setPLLto225MHz
0000db00   _MCBSP_reset
0000dbba   _CLK_COUNTSPMS
0000dbba   CLK_PRD
0000dbba   CLK_COUNTSPMS
0000dbba   _CLK_PRD
0000dbef   GBL_TRCMASKVALUE
0000dca0   _EDMA_allocTable
0000de40   _CACHE_clean
0000dfc0   _DSK6713_AIC23_rset
0000e05c   _DSK6713_AIC23_rget
0000e080   _DSK6713_AIC23_config
0000e120   _CSL_cfgInit
0000e260   _TIMER_open
0000e3a0   _EDMA_reset
0000e4e0   _TIMER_reset
0000e600   _CACHE_wbInvL1d
0000e700   _MCBSP_open
0000e800   _MCBSP_start
0000e900   __strasg
0000e9e0   _atexit
0000eac0   _EDMA_config
0000eba0   __IRQ_init
0000ec40   _EDMA_qdmaConfig
0000eca0   _TIMER_configArgs
0000ed00   _EDMA_enableChannel
0000ed60   _EDMA_intEnable
0000edc0   _EDMA_disableChannel
0000ee20   _TIMER_start
0000ee60   _IRQ_enable
0000eea0   _IRQ_globalDisable
0000eec0   _IRQ_globalEnable
0000eee0   _IRQ_globalRestore
0000ef00   __IRQ_hookFetchPacket
0000ef20   __nop
0000ef40   _EDMA_intClear
0000ef60   __register_unlock
0000ef80   __register_lock
0000efa0   ___cinit__
0000efa0   cinit
0000efa0   ___etext__
0000efa0   etext
0000ff44   _LOG_system
0000ff44   LOG_system
0000ff44   LOG_A_TABBEG
0000ff44   _LOG_A_TABBEG
0000ff5c   LOG_A_TABEND
0000ff5c   _LOG_A_TABEND
0000ff80   _RTDX_Init_RT_Monitor
00010008   _RTDX_Final_RT_Monitor
00010030   _RTDX_IsFlowEnabled
00010044   _RTDX_Poll
000104f8   _RTDX_Mon_Queue
00010660   _RTDX_Buffer_Initialize
00010960   _RTDX_Buffer_Write
00010b88   _RTDX_Buffer_Read
00010be0   _RTDX_Mask_IER
00010bf8   _RTDX_Set_IER
00010c20   $bss
00010c20   IDL_D_tabbeg
00010c20   .bss
00010c20   ___bss__
00010c24   IDL_D_calibrate
00010c28   IDL_D_calbeg
00010c2c   _LOG_D_system
00010c2c   LOG_D_system
00010c30   PIP_D_tabbeg
00010c34   PIP_D_tablen
00010c38   CLK_R_time
00010c3c   CLK_D_timefxn
00010c40   CLK_D_tabbeg
00010c44   CLK_D_isrhook
00010c48   CLK_D_idletime
00010c4c   SWI_D_curmask
00010c4c   _SWI_D_curmask
00010c50   SWI_D_curset
00010c54   SWI_D_pending
00010c58   _SWI_D_curfxn
00010c58   SWI_D_curfxn
00010c5c   SWI_D_curmbox
00010c60   SWI_D_lock
00010c60   _SWI_D_lock
00010c64   SWI_D_execaddr
00010c68   SWI_D_runaddr
00010c6c   SWI_D_rdybeg
00010c6c   _SWI_D_rdybeg
00010c70   SWI_D_ihook
00010c74   SWI_D_ehook
00010c78   SWI_D_rdytab
00010cf0   _PRD_D_tick
00010cf0   PRD_D_tick
00010cf4   PRD_D_cur
00010cf8   PRD_D_elapsed
00010cfc   PRD_D_prevtim
00010d00   PRD_D_scalar
00010d04   PRD_D_swihandle
00010d08   PRD_D_tabbeg
00010d0c   PRD_D_tablen
00010d10   PRD_D_thook
00010d14   RTA_D_fromHost
00010d18   RTA_D_toHost
00010d1c   RTA_D_logval
00010d2c   RTA_D_stsval
00010d38   HST_D_chanmask
00010d3c   _MEM_D_NUMSEGMENTS
00010d40   _MEM_D_memtab
00010d44   _MEM_D_freelist
00010d48   _MEM_D_lockaddr
00010d4c   _MEM_D_unlockaddr
00010d50   _SYS
00010d54   _HWI_dispatchTab
00010e54   _KNL_queues
00010ef4   _KNL_dummy
00010f2c   _KNL_swiptr
00010f30   _KNL_idlefxn
00010f34   _MEM_memtab
00010f4c   __HOOK_knlId
00010f50   TSK_STACKSEG
00010f50   RTDX_DATAMEMSEG
00010f50   MEM_MALLOCSEG
00010f50   MEM_SEGZERO
00010f50   _IRAM
00010f50   HST_DSMBUFSEG
00010f50   IRAM
00010f54   _SDRAM
00010f54   SDRAM
00010f58   RTA_fromHost$pipe$dtab
00010f64   RTA_toHost$pipe$dtab
00010f70   _OBJ_table
00010fc8   _TSK
00010fcc   __HOOK_NUMHOOKS
00010fd0   _KNL_wFlag
00010fd4   _KNL_wList
00010fd8   _KNL_alarm
00010fdc   _KNL_setpri
00010fe0   _KNL_inactive
00010fe4   _KNL_priority
00010fe8   _KNL_set
00010fec   _KNL_curtask
00010ff0   _KNL_prevtask
00010ff4   _KNL_curtime
00010ff8   _KNL_curqueue
00010ffc   _KNL_maxqueue
00011000   _KNL_tswitchfxn
00011004   _KNL_tcreatefxn
00011008   _KNL_tdeletefxn
0001100c   _KNL_treadyfxn
00011010   _TSK_ATTRS
0001102c   _TSK_timerSem
00011048   __TSK_mutex
0001106c   _SYS_exitStack
0001108c   LNK_dspFrameRequestMask
00011090   LNK_dspFrameReadyMask
00011094   LNK_readPend
00011098   LNK_readDone
0001109c   LNK_readFail
000110a0   LNK_writeFail
000110b4   _hAIC23
000110b8   _hEdmaReload
000110bc   _hEdma14
000110c0   _GBL_irqEventTable
000110c4   _GBL_irqIntTable
000110d0   _SYS_exitStackPtr
000110d4   _SYS_exitStackTop
000110d8   _TSK_nTasks
000110dc   _TSK_pid
000110e0   HWI_D_ccmask
000110e4   _HWI_D_spsave
000110f0   _GBL_cslTimerHandle
000110f4   _MEM
000110f8   IDL_D_busyObj
000110fc   end
000110fc   ___end__
000110fc   _RTDX_Buffer
00011504   _RTDX_Buffer_Start
00011508   _RTDX_Buffer_End
0001150c   _rtdx_buffer_state
00011518   _RTDX_writing
0001152c   _rtdx_mon_state
00011548   _HWI_STKTOP
00011548   __stack
00011548   GBL_stackbeg
00011940   _HWI_STKBOTTOM
00011947   GBL_stackend
00011948   TSK_idle$stack
00011ce0   TSK_idle$stkptr
00011d48   RTA_fromHost$buf
00011d58   PRD_clock
00011d58   _PRD_clock
00011d58   CLK_A_TABBEG
00011d5c   CLK_null
00011d60   BIOS_init
00011d60   _BIOS_init
00011d60   CLK_A_TABEND
00011eec   BIOS$$CLKON
00011f1c   BIOS$$CLKOFF
00011f7c   _BIOS_start
00011f7c   BIOS_start
00012020   _c_int00
00012128   __IRQ_eventTable
000121ac   __IRQ_intTable
000121ec   __IRQ_dispatchTable
000121f4   _confAIC23
0001221c   _buffer
0001228c   _confEDMA
00012328   __cleanup_ptr
0001232c   __dtors_ptr
00012344   _tccAllocTable
000123b4   __MCBSP_hDev0
000123b8   __MCBSP_hDev1
0001240c   __TIMER_deviceTable
00012424   __TIMER_hDev0
00012428   __TIMER_hDev1
0001242c   __TIMER_hBios
00012430   _confEDMAbis
00012448   _hEdmaCha14
0001244c   _hEdmaReloadbis
00012462   _DSK6713_version
00012470   _DSK6713_AIC23_codeccontrolhandle
00012474   _DSK6713_AIC23_codecdatahandle
00012478   __lock
0001247c   __unlock
00012484   _SYS_PUTCBEG
00012683   _SYS_PUTCEND
00012684   RTA_toHost$buf
00012790   TSK_idle
00012790   _TSK_idle
000127e4   SYS$config
000127f4   TRC_cinit
000127f8   TRC_R_mask
000127f8   _TRC_R_mask
000127fc   GBL_initdone
00012800   LOG_system$buf
00012900   _PIP_A_TABBEG
00012900   PIP_A_TABBEG
00012900   RTA_fromHost$pipe
00012904   RTA_fromHost$pipe$rd
00012930   RTA_fromHost$pipe$aaa
00012934   RTA_fromHost$pipe$wr
00012960   RTA_fromHost$pipe$bbb
00012964   RTA_toHost$pipe
00012968   RTA_toHost$pipe$rd
00012994   RTA_toHost$pipe$aaa
00012998   RTA_toHost$pipe$wr
000129c4   RTA_toHost$pipe$bbb
000129c8   PIP_A_TABEND
000129c8   _PIP_A_TABEND
00012a90   KNL_swi
00012a90   _KNL_swi
00012a90   SWI_A_TABBEG
00012abc   _SWI_ex2
00012abc   SWI_ex2
00012ae8   STS_A_TABBEG
00012ae8   KNL_swi$sts$stsobj
00012ae8   SWI_A_TABEND
00012ae8   _STS_A_TABBEG
00012aec   KNL_swi$sts
00012af8   SWI_ex2$sts$stsobj
00012afc   SWI_ex2$sts
00012b08   TSK_idle$sts$stsobj
00012b0c   TSK_idle$sts
00012b18   IDL_busyObj$stsobj
00012b1c   _IDL_busyObj
00012b1c   IDL_busyObj
00012b28   _STS_A_TABEND
00012b28   STS_A_TABEND
00012b28   _HST_A_TABBEG
00012b28   HST_A_TABBEG
00012b2c   _RTA_fromHost
00012b2c   RTA_fromHost
00012b34   RTA_fromHost$rtdx
00012b40   RTA_toHost
00012b40   _RTA_toHost
00012b48   RTA_toHost$rtdx
00012b54   _HST_A_TABEND
00012b54   HST_A_TABEND
00012ba4   _LNK_dataPump
00012ba4   IDL_A_TABBEG
00012ba4   LNK_dataPump
00012ba8   _RTA_dispatcher
00012ba8   RTA_dispatcher
00012bac   _IDL_cpuLoad
00012bac   IDL_cpuLoad
00012bb0   IDL_END
00012bb4   IDL_A_CALBEG
00012bb4   IDL_A_TABEND
00012bb4   LNK_dataPump$
00012bb8   RTA_dispatcher$
00012bbc   IDL_cpuLoad$
00012bc0   IDL_END$
00012bc4   pinit
00012bc4   ___pinit__
00012bc4   IDL_A_CALEND
00012bd0   ___c_args__
01940000   _CLK_REGS
01940000   CLK_REGS
082039a3   HWI_INTRMULTHIGH
310718a4   HWI_INTRMULTLOW
80000000   SDRAM$B
80000000   _SDRAM_base
ffffffff   binit
ffffffff   ___binit__
ffffffff   CACHE_L2
ffffffff   _CACHE_L2

[669 symbols]
