******************************************************************************
          TMS320C6x COFF Linker PC v5.1.0                      
******************************************************************************
>> Linked Tue Oct 14 15:10:59 2014

OUTPUT FILE NAME:   <./Debug/ex3.out>
ENTRY POINT SYMBOL: "_c_int00"  address: 00010d80


SECTION ALLOCATION MAP

 output                                  attributes/
section   page    origin      length       input sections
--------  ----  ----------  ----------   ----------------
.prd       0    00000000    00000000     UNINITIALIZED

.sysdata   0    00000000    00000000     UNINITIALIZED

.sysregs   0    00000000    00000000     UNINITIALIZED

.data      0    00000000    00000000     UNINITIALIZED

.cio       0    00000000    00000000     UNINITIALIZED

frt        0    00000000    00000000     UNINITIALIZED

.dsm       0    00000000    00000000     UNINITIALIZED

.hwi       0    00000000    00000000     UNINITIALIZED

.gio       0    00000000    00000000     UNINITIALIZED

.hwi_vec   0    00000000    00000200     
                  00000000    00000200     ex3cfg.obj (.hwi_vec)

.IRAM$heap 
*          0    00000200    00008000     UNINITIALIZED

.bios      0    00008200    00003c00     
                  00008200    000006e0     biosi.a62 : swi.o62 (.bios)
                  000088e0    00000540     lnkrtdx.a62 : rtdx.o62 (.bios)
                  00008e20    00000440     biosi.a62 : hwi_disp_asm.o6 (.bios)
                  00009260    00000320               : prd.o62 (.bios)
                  00009580    000002a0               : knl_run_inst.o6 (.bios)
                  00009820    000002a0               : sem_pend_inst.o (.bios)
                  00009ac0    00000280               : rta.o62 (.bios)
                  00009d40    00000260               : knl_tick_inst.o (.bios)
                  00009fa0    00000220               : clk.o62 (.bios)
                  0000a1c0    00000220               : pip.o62 (.bios)
                  0000a3e0    00000200               : sem_dopo_inst.o (.bios)
                  0000a5e0    00000200               : tsk_setu_inst.o (.bios)
                  0000a7e0    000001e0               : tsk_exit_inst.o (.bios)
                  0000a9c0    000001c0               : knl_swit_inst.o (.bios)
                  0000ab80    000001a0               : autoinit.o62 (.bios)
                  0000ad20    00000120               : tsk_stup_inst.o (.bios)
                  0000ae40    00000100               : knl_exit_inst.o (.bios)
                  0000af40    00000100               : idl_cal.o62 (.bios)
                  0000b040    00000100               : knl_chec_inst.o (.bios)
                  0000b140    000000e0               : sem_post_asm_in (.bios)
                  0000b220    000000e0               : sem_post_inst.o (.bios)
                  0000b300    000000c0               : sys_exit_inst.o (.bios)
                  0000b3c0    000000c0               : knl_post_inst.o (.bios)
                  0000b480    000000c0               : mem_init_inst.o (.bios:.near)
                  0000b540    000000c0               : lck_inst.o62 (.bios)
                  0000b600    000000a0               : clk_start6x.o62 (.bios)
                  0000b6a0    000000a0               : knl_ipos_inst.o (.bios)
                  0000b740    000000a0               : atm_inst.o62 (.bios)
                  0000b7e0    00000080               : log.o62 (.bios)
                  0000b860    00000080               : idl_busy.o62 (.bios)
                  0000b8e0    00000080               : gbl_cslinit62.o (.bios)
                  0000b960    00000080               : fxn.o62 (.bios)
                  0000b9e0    00000060               : tsk_init_inst.o (.bios)
                  0000ba40    00000060               : que_get_inst.o6 (.bios)
                  0000baa0    00000060               : sts.o62 (.bios)
                  0000bb00    00000060               : utl_putc_inst.o (.bios)
                  0000bb60    00000060               : sem_pend_asm_in (.bios)
                  0000bbc0    00000060               : trc_c.o62 (.bios)
                  0000bc20    00000060               : utl_doab_inst.o (.bios)
                  0000bc80    00000040               : idl_stub_inst.o (.bios)
                  0000bcc0    00000040               : rta_andn.o62 (.bios)
                  0000bd00    00000040               : swi_post.o62 (.bios)
                  0000bd40    00000020               : gbl_vers.o62 (.bios)
                  0000bd60    00000020               : utl_halt_inst.o (.bios)
                  0000bd80    00000020               : utl_doer_inst.o (.bios)
                  0000bda0    00000020               : sts_set.o62 (.bios)
                  0000bdc0    00000020               : fxn_c.o62 (.bios)
                  0000bde0    00000020               : idl.o62 (.bios)

.text      0    0000be00    000020c0     
                  0000be00    00000480     dsk6713bsl.lib : dsk6713.obj (.text)
                  0000c280    00000420     USL.obj (.text)
                  0000c6a0    00000320     dsk6713bsl.lib : dsk6713_aic23_opencodec.obj (.text)
                  0000c9c0    00000240     ex3.obj (.text)
                  0000cc00    00000240     rts6700.lib : memcpy62.obj (.text:_memcpy)
                  0000ce40    00000220     csl6713.lib : csl.obj (.text:__CSL_init)
                  0000d060    000001c0                 : csl_irq.obj (.text:_mux2Tables)
                  0000d220    000001a0                 : csl_mcbsp.obj (.text:_MCBSP_reset)
                  0000d3c0    00000160     dsk6713bsl.lib : dsk6713_aic23_registers.obj (.text)
                  0000d520    00000140     csl6713.lib : csl_timer.obj (.text:_TIMER_open)
                  0000d660    00000120                 : csl_timer.obj (.text:_TIMER_reset)
                  0000d780    00000100                 : csl_mcbsp.obj (.text:_MCBSP_start)
                  0000d880    00000100                 : csl_mcbsp.obj (.text:_MCBSP_open)
                  0000d980    000000e0     rts6700.lib : exit.obj (.text:_atexit)
                  0000da60    000000e0                 : strasg.obj (.text:__strasg)
                  0000db40    000000a0     csl6713.lib : csl_irq.obj (.text:__IRQ_init)
                  0000dbe0    00000080     dsk6713bsl.lib : dsk6713_dip.obj (.text)
                  0000dc60    00000080                    : dsk6713_aic23_write.obj (.text)
                  0000dce0    00000060     csl6713.lib : csl_timer.obj (.text:_TIMER_configArgs)
                  0000dd40    00000060     dsk6713bsl.lib : dsk6713_aic23_read.obj (.text)
                  0000dda0    00000040     csl6713.lib : csl_irq.obj (.text:_IRQ_enable)
                  0000dde0    00000040                 : csl_timer.obj (.text:_TIMER_start)
                  0000de20    00000020     rts6700.lib : _lock.obj (.text:__register_lock)
                  0000de40    00000020                 : _lock.obj (.text:__register_unlock)
                  0000de60    00000020                 : _lock.obj (.text:__nop)
                  0000de80    00000020     csl6713.lib : csl_irq.obj (.text)
                  0000dea0    00000020     ex3cfg_c.obj (.text:CSL_cfgInit)

.cinit     0    0000dec0    00000e44     
                  0000dec0    00000554     ex3cfg.obj (.cinit)
                  0000e414    00000004     --HOLE-- [fill = 0]
                  0000e418    000002dc     biosi.a62 : biosdata.o62 (.cinit)
                  0000e6f4    00000004     --HOLE-- [fill = 0]
                  0000e6f8    0000012c     csl6713.lib : csl_irq.obj (.cinit)
                  0000e824    00000004     --HOLE-- [fill = 0]
                  0000e828    000000a8     biosi.a62 : knl_inst.o62 (.cinit)
                  0000e8d0    0000005c     lnkrtdx.a62 : rtdx.o62 (.cinit)
                  0000e92c    00000004     --HOLE-- [fill = 0]
                  0000e930    00000054     csl6713.lib : csl_mcbsp.obj (.cinit)
                  0000e984    00000004     --HOLE-- [fill = 0]
                  0000e988    0000004c                 : csl_timer.obj (.cinit)
                  0000e9d4    00000004     --HOLE-- [fill = 0]
                  0000e9d8    0000004c     biosi.a62 : rta.o62 (.cinit)
                  0000ea24    00000004     --HOLE-- [fill = 0]
                  0000ea28    0000004c               : tsk_inst.o62 (.cinit)
                  0000ea74    00000004     --HOLE-- [fill = 0]
                  0000ea78    00000048               : knl_inst.o62 (.cinit:c)
                  0000eac0    00000042     USL.obj (.cinit)
                  0000eb02    00000006     --HOLE-- [fill = 0]
                  0000eb08    0000003c     csl6713.lib : csl.obj (.cinit)
                  0000eb44    00000004     --HOLE-- [fill = 0]
                  0000eb48    00000030     dsk6713bsl.lib : dsk6713_aic23_registers.obj (.cinit)
                  0000eb78    00000030     ex3.obj (.cinit)
                  0000eba8    0000002c     biosi.a62 : utl_putc_inst.o (.cinit)
                  0000ebd4    00000004     --HOLE-- [fill = 0]
                  0000ebd8    0000002c               : tsk_stup_inst.o (.cinit)
                  0000ec04    00000004     --HOLE-- [fill = 0]
                  0000ec08    0000002c     rts6700.lib : exit.obj (.cinit)
                  0000ec34    00000004     --HOLE-- [fill = 0]
                  0000ec38    0000001c                 : _lock.obj (.cinit)
                  0000ec54    00000004     --HOLE-- [fill = 0]
                  0000ec58    0000001c     biosi.a62 : hwi.o62 (.cinit)
                  0000ec74    00000004     --HOLE-- [fill = 0]
                  0000ec78    00000018               : knl_tick_inst.o (.cinit)
                  0000ec90    00000010               : clk_start6x.o62 (.cinit)
                  0000eca0    00000010               : gbl.o62 (.cinit:c)
                  0000ecb0    00000010               : tsk_inst.o62 (.cinit:c)
                  0000ecc0    00000010               : sys_inst.o62 (.cinit:c)
                  0000ecd0    0000000c               : idl_busy.o62 (.cinit)
                  0000ecdc    00000004     --HOLE-- [fill = 0]
                  0000ece0    0000000c               : knl_swit_inst.o (.cinit)
                  0000ecec    00000004     --HOLE-- [fill = 0]
                  0000ecf0    0000000c     rtdx.lib : buffer1.o62 (.cinit)
                  0000ecfc    00000008     --HOLE-- [fill = 0]

.log       0    0000ed04    00000018     
                  0000ed04    00000018     ex3cfg.obj (.log)

.mem       0    0000ed1c    00000004     UNINITIALIZED
                  0000ed1c    00000004     ex3cfg.obj (.mem)

.rtdx_text 
*          0    0000ed20    00000cc0     
                  0000ed20    00000700     rtdx.lib : rtdx_mon.o62 (.rtdx_text)
                  0000f420    00000580              : buffer1.o62 (.rtdx_text)
                  0000f9a0    00000040              : intr_tgt.o62 (.rtdx_text)

.bss       0    0000f9e0    000004c4     UNINITIALIZED
                  0000f9e0    00000134     biosi.a62 : biosdata.o62 (.bss)
                  0000fb14    00000100               : hwi_disp_asm.o6 (.bss)
                  0000fc14    000000e0               : knl_inst.o62 (.bss)
                  0000fcf4    0000008c     ex3cfg.obj (.bss)
                  0000fd80    00000040     biosi.a62 : knl_inst.o62 (.bss:c)
                  0000fdc0    00000038               : tsk_inst.o62 (.bss)
                  0000fdf8    00000024               : tsk_stup_inst.o (.bss)
                  0000fe1c    00000020               : sys_inst.o62 (.bss)
                  0000fe3c    00000018     lnkrtdx.a62 : rtdx.o62 (.bss)
                  0000fe54    00000010     biosi.a62 : knl_tick_inst.o (.bss)
                  0000fe64    00000008               : tsk_inst.o62 (.bss:c)
                  0000fe6c    00000008               : clk_start6x.o62 (.bss)
                  0000fe74    00000008               : gbl.o62 (.bss:c)
                  0000fe7c    00000008               : sys_inst.o62 (.bss:c)
                  0000fe84    00000008               : hwi.o62 (.bss)
                  0000fe8c    00000006     USL.obj (.bss)
                  0000fe94    00000004     biosi.a62 : gbl_cslinit62.o (.bss)
                  0000fe98    00000004               : mem_asm.o62 (.bss)
                  0000fe9c    00000004               : idl_busy.o62 (.bss)
                  0000fea0    00000004     ex3.obj (.bss)

.rtdx_data 
*          0    0000fea4    0000044c     UNINITIALIZED
                  0000fea4    00000410     ex3cfg.obj (.rtdx_data)
                  000102b4    00000020     rtdx.lib : buffer1.o62 (.rtdx_data)
                  000102d4    0000001c              : rtdx_mon.o62 (.rtdx_data)

.stack     0    000102f0    00000400     
                  000102f0    00000400     --HOLE-- [fill = 00c0ffee]

.TSK_idle$stk 
*          0    000106f0    00000400     UNINITIALIZED
                  000106f0    00000400     ex3cfg.obj (.TSK_idle$stk)

.hst1      0    00010af0    00000010     UNINITIALIZED
                  00010af0    00000010     ex3cfg.obj (.hst1)

.sysinit   0    00010b00    00000360     
                  00010b00    00000280     ex3cfg.obj (.sysinit)
                  00010d80    000000e0     biosi.a62 : boot.o62 (.sysinit)

.far       0    00010e60    00000284     UNINITIALIZED
                  00010e60    000000f4     csl6713.lib : csl_irq.obj (.far)
                  00010f54    0000008c     rts6700.lib : exit.obj (.far)
                  00010fe0    00000038     csl6713.lib : csl_mcbsp.obj (.far)
                  00011018    00000028     ex3.obj (.far)
                  00011040    00000028     dsk6713bsl.lib : dsk6713_aic23_registers.obj (.far)
                  00011068    00000028     csl6713.lib : csl.obj (.far)
                  00011090    00000024                 : csl_timer.obj (.far)
                  000110b4    00000012     USL.obj (.far)
                  000110c6    00000002     dsk6713bsl.lib : dsk6713.obj (.far)
                  000110c8    0000000c     biosi.a62 : utl_putc_inst.o (.far)
                  000110d4    00000008     dsk6713bsl.lib : dsk6713_aic23_opencodec.obj (.far)
                  000110dc    00000008     rts6700.lib : _lock.obj (.far)

.trace     0    000110e4    00000200     
                  000110e4    00000200     --HOLE-- [fill = 00000000]

.hst0      0    000112e4    00000100     UNINITIALIZED
                  000112e4    00000100     ex3cfg.obj (.hst0)

.sys       0    000113e4    00000010     UNINITIALIZED
                  000113e4    00000010     ex3cfg.obj (.sys)

.trcdata   0    000113f4    0000000c     
                  000113f4    0000000c     ex3cfg.obj (.trcdata)

.LOG_system$buf 
*          0    00011400    00000100     
                  00011400    00000100     ex3cfg.obj (.LOG_system$buf) [fill = ffffffff]

.pip       0    00011500    000000c8     UNINITIALIZED
                  00011500    000000c8     ex3cfg.obj (.pip)

.const     0    000115c8    000000c6     
                  000115c8    00000040     dsk6713bsl.lib : dsk6713_aic23_opencodec.obj (.const)
                  00011608    00000020                    : dsk6713.obj (.const)
                  00011628    00000020     ex3.obj (.const)
                  00011648    00000023     biosi.a62 : utl_doab_inst.o (.const)
                  0001166b    00000022               : utl_doer_inst.o (.const)
                  0001168d    00000001               : tsk_inst.o62 (.const)

.tsk       0    00011690    00000060     UNINITIALIZED
                  00011690    00000060     ex3cfg.obj (.tsk)

.sts       0    000116f0    00000030     
                  000116f0    00000030     ex3cfg.obj (.sts)

.swi       0    00011720    0000002c     UNINITIALIZED
                  00011720    0000002c     ex3cfg.obj (.swi)

.hst       0    0001174c    0000002c     UNINITIALIZED
                  0001174c    0000002c     ex3cfg.obj (.hst)

.gblinit   0    00011778    00000028     
                  00011778    00000028     ex3cfg.obj (.gblinit)

.switch    0    000117a0    00000028     
                  000117a0    00000028     rtdx.lib : rtdx_mon.o62 (.switch)

.idl       0    000117c8    00000020     UNINITIALIZED
                  000117c8    00000010     ex3cfg.obj (.idl)
                  000117d8    00000010     ex3cfg.obj (.idlcal)

.pinit     0    000117e8    0000000c     
                  000117e8    00000004     rtdx.lib : rtdx_mon.o62 (.pinit)
                  000117ec    00000004              : buffer1.o62 (.pinit)
                  000117f0    00000004     --HOLE-- [fill = 0]

.clk       0    000117f4    00000008     UNINITIALIZED
                  000117f4    00000008     ex3cfg.obj (.clk)

.args      0    000117fc    00000004     
                  000117fc    00000004     --HOLE-- [fill = 00000000]


GLOBAL SYMBOLS: SORTED ALPHABETICALLY BY Name 

address    name
--------   ----
0000f9e0   $bss
0000f9e0   .bss
00000000   .data
0000be00   .text
00010c7c   BIOS$$CLKOFF
00010c4c   BIOS$$CLKON
00010b00   BIOS_init
00010cdc   BIOS_start
00000000   BUF$
00000001   BUF_ENABLED
00000001   CLK$
000117f4   CLK_A_TABBEG
000117fc   CLK_A_TABEND
00000008   CLK_A_TABLEN
000030d4   CLK_COUNTSPMS
00000000   CLK_COUNTSPMSHIGH
0000fa08   CLK_D_idletime
0000fa04   CLK_D_isrhook
0000fa00   CLK_D_tabbeg
0000f9fc   CLK_D_timefxn
00009fa0   CLK_F_getfhtime
00009fc0   CLK_F_gethtime
0000a034   CLK_F_getltime
00009fc0   CLK_F_getshtime
0000a040   CLK_F_isr
0000a17c   CLK_F_itime
00008e20   CLK_HOOKFXN
00004000   CLK_INTBIT
000030d4   CLK_PRD
00000000   CLK_PRDHIGH
01940000   CLK_REGS
0000f9f8   CLK_R_time
00000020   CLK_TCR
00000000   CLK_TDDR
00000000   CLK_TDDRHIGH
00009fc0   CLK_TIMEFXN
00000000   CLK_TIMERNUM
00000001   CLK_USETIMER
000117f8   CLK_null
00000000   DEV$
00000000   DGN$
00000000   DHL$
00000000   DHL_gChannelsAvailable
00000000   DIO$
00000000   DIO_NUMSWIBASE
00000000   DIO_NUMTSKBASE
00000000   DIO_STATIC
00000000   DPI$
0000b960   FXN_F_nop
0000b968   FXN_F_run
0000b9b8   FXN_F_zero
00000001   GBL$
00000490   GBL_A_VERSION
00000000   GBL_BIGENDIAN
00000000   GBL_C641XL2PRIORITY
00000000   GBL_CACHE
00000001   GBL_CALLCSLCFGINIT
00000001   GBL_ENABLEINST
00000042   GBL_FOOTPRINT
0000bd40   GBL_F_version
00002226   GBL_L2ALLOC
00000000   GBL_L2CONFIGALLOC
00000000   GBL_L2CONFIGURE
00000001   GBL_L2MARMASK
00000000   GBL_L2MARMASK1
00000000   GBL_L2MARMASK2
00000000   GBL_L2MARMASK3
00000000   GBL_L2MARMASK4
00000000   GBL_L2MARMASK5
00000000   GBL_L2MODE
00000000   GBL_L2PRIORITY
00000000   GBL_NULL
00000000   GBL_ROM
00000001   GBL_SUPPORTCSL
0000dbef   GBL_TRCMASKVALUE
00000000   GBL_USERINIT
0000bdc0   GBL_USERINITFXN
00000001   GBL_boot
000113fc   GBL_initdone
000102f0   GBL_stackbeg
000106ef   GBL_stackend
00000000   GIO$
0000bdc0   GIO_CREATEFXN
0000bdc0   GIO_DELETEFXN
0000bdc0   GIO_PENDFXN
0000bdc0   GIO_POSTFXN
00000000   HOOK$
00000000   HOOK_KNLID
00000001   HST$
0001174c   HST_A_TABBEG
00011778   HST_A_TABEND
00000002   HST_A_TABLEN
00000000   HST_DSM
0000fd04   HST_DSMBUFSEG
00000400   HST_DSMMEMSIZE
0000faf8   HST_D_chanmask
00000100   HST_MAXFRAMEALLOWED
00000040   HST_MAXFRAMESET
00000000   HST_NONE
00000001   HST_RTDX
00000001   HWI$
00000000   HWI_A_VECS
0000fe84   HWI_D_ccmask
00008e20   HWI_F_dispatch
00000000   HWI_GENERATE_RESET_VEC
0000000a   HWI_INT10
0000000b   HWI_INT11
0000000c   HWI_INT12
0000000d   HWI_INT13
0000000e   HWI_INT14
0000000f   HWI_INT15
00000004   HWI_INT4
00000005   HWI_INT5
00000006   HWI_INT6
00000007   HWI_INT7
00000008   HWI_INT8
00000009   HWI_INT9
082039a3   HWI_INTRMULTHIGH
310718a4   HWI_INTRMULTLOW
00000001   HWI_NMI
00000000   HWI_POLARITYMASK
00000002   HWI_RESERVED0
00000003   HWI_RESERVED1
00000000   HWI_RESET
00000001   HWI_ZEROTAB
00000001   IDL$
000117d8   IDL_A_CALBEG
000117e8   IDL_A_CALEND
00000002   IDL_A_CALLEN
000117c8   IDL_A_TABBEG
000117d8   IDL_A_TABEND
00000002   IDL_A_TABLEN
0000bc80   IDL_CALIBRFXN
0000fe9c   IDL_D_busyObj
0000f9e8   IDL_D_calbeg
0000f9e4   IDL_D_calibrate
0000f9e0   IDL_D_tabbeg
000117d4   IDL_END
000117e4   IDL_END$
0000b860   IDL_F_busy
0000af40   IDL_F_calibrate
0000bde0   IDL_F_loop
0000bc80   IDL_F_stub
00000001   IDL_USECLKIDLTIME
00011714   IDL_busyObj
00011710   IDL_busyObj$stsobj
000117d0   IDL_cpuLoad
000117e0   IDL_cpuLoad$
0000fd04   IRAM
00000200   IRAM$B
00008000   IRAM$L
00000001   ISRC$
0000ab40   KNL_glue
00011720   KNL_swi
000116f4   KNL_swi$sts
000116f0   KNL_swi$sts$stsobj
00000001   LCK$
000088e0   LNK_F_checkBufferCall
00008954   LNK_F_dataPump
00008900   LNK_F_getChanPtr
0000894c   LNK_F_init
00008df8   LNK_F_readCallBack
000117c8   LNK_dataPump
000117d8   LNK_dataPump$
0000fe40   LNK_dspFrameReadyMask
0000fe3c   LNK_dspFrameRequestMask
00008ba8   LNK_newin
00008cb8   LNK_newout
00008960   LNK_rcloop
00008a10   LNK_rdrtry
0000fe48   LNK_readDone
0000fe4c   LNK_readFail
0000fe44   LNK_readPend
00008a18   LNK_rrloop
0000fe50   LNK_writeFail
00008ad8   LNK_wrloop
00008ad0   LNK_wrrtry
00000001   LOG$
0000ed04   LOG_A_TABBEG
0000ed1c   LOG_A_TABEND
00000001   LOG_A_TABLEN
0000f9ec   LOG_D_system
00000001   LOG_ENABLED
0000b7e0   LOG_F_event
0000ed04   LOG_system
00011400   LOG_system$buf
00000040   LOG_system$size
00000000   MBX$
00000001   MEM$
0000fd04   MEM_MALLOCSEG
00000000   MEM_NULL
0000fd04   MEM_SEGZERO
00000001   MEM_gNumHeap
00000000   OBJ$
00000000   PIP$
00011500   PIP_A_TABBEG
000115c8   PIP_A_TABEND
00000002   PIP_A_TABLEN
0000f9f0   PIP_D_tabbeg
0000f9f4   PIP_D_tablen
0000a254   PIP_F_give
0000a254   PIP_F_probe
0000a328   PIP_F_start
0000a1c0   PIP_F_take
00000000   PIP_gNextId
00000002   PIP_gNumEmbed
00000001   PRD$
00000000   PRD_A_TABBEG
00000000   PRD_A_TABEND
00000000   PRD_A_TABLEN
0000fab4   PRD_D_cur
0000fab8   PRD_D_elapsed
0000fabc   PRD_D_prevtim
0000fac0   PRD_D_scalar
0000fac4   PRD_D_swihandle
0000fac8   PRD_D_tabbeg
0000facc   PRD_D_tablen
0000fad0   PRD_D_thook
0000fab0   PRD_D_tick
00009260   PRD_F_swi
000094bc   PRD_F_tick
00004000   PRD_SCALAR
00000000   PRD_SWIHANDLE
00009f78   PRD_THOOKFXN
000117f4   PRD_clock
00000001   QUE$
0000fad4   RTA_D_fromHost
0000fadc   RTA_D_logval
0000faec   RTA_D_stsval
0000fad8   RTA_D_toHost
0000bcc0   RTA_F_andn
00009bb8   RTA_F_dispatch
00009ac0   RTA_F_getlog
00009b04   RTA_F_getsts
0000bce0   RTA_F_or
00009b4c   RTA_F_readblk
00009b78   RTA_F_resetmem
00009b6c   RTA_F_writeword
000117cc   RTA_dispatcher
000117dc   RTA_dispatcher$
00009bf8   RTA_execute
00011750   RTA_fromHost
00010af0   RTA_fromHost$buf
00011500   RTA_fromHost$pipe
00011530   RTA_fromHost$pipe$aaa
00011560   RTA_fromHost$pipe$bbb
0000fd08   RTA_fromHost$pipe$dtab
00011504   RTA_fromHost$pipe$rd
00011534   RTA_fromHost$pipe$wr
00011758   RTA_fromHost$rtdx
00011764   RTA_toHost
000112e4   RTA_toHost$buf
00011564   RTA_toHost$pipe
00011594   RTA_toHost$pipe$aaa
000115c4   RTA_toHost$pipe$bbb
0000fd14   RTA_toHost$pipe$dtab
00011568   RTA_toHost$pipe$rd
00011598   RTA_toHost$pipe$wr
0001176c   RTA_toHost$rtdx
00000001   RTDX$
00000408   RTDX_BUFMEMSIZE
0000fd04   RTDX_DATAMEMSEG
00000001   RTDX_NORMALIZED_HDR
00000001   RTDX_USERTDX
00000000   RTDX_USERTEXECUTION
00000000   SEM$
00000000   SIO$
00000001   STS$
000116f0   STS_A_TABBEG
00011720   STS_A_TABEND
00000003   STS_A_TABLEN
0000bab0   STS_F_add
0000baa0   STS_F_delta
0000badc   STS_F_reset
00000001   SWI$
00011720   SWI_A_TABBEG
0001174c   SWI_A_TABEND
00000001   SWI_A_TABLEN
0000fa18   SWI_D_curfxn
0000fa0c   SWI_D_curmask
0000fa1c   SWI_D_curmbox
0000fa10   SWI_D_curset
0000fa34   SWI_D_ehook
0000fa24   SWI_D_execaddr
0000fa30   SWI_D_ihook
0000fa20   SWI_D_lock
0000fa14   SWI_D_pending
0000fa2c   SWI_D_rdybeg
0000fa38   SWI_D_rdytab
0000fa28   SWI_D_runaddr
00000000   SWI_EHOOKFXN
0000849c   SWI_EXECFXN
00008200   SWI_F_enable
00008424   SWI_F_exec
0000849c   SWI_F_iexec
0000828c   SWI_F_post
00008670   SWI_F_run
00000000   SWI_IHOOKFXN
00008670   SWI_RUNFXN
00000001   SYS$
000113e4   SYS$config
0000bc20   SYS_ABORTFXN
0000bd80   SYS_ERRORFXN
0000bd60   SYS_EXITFXN
0000bb00   SYS_PUTCFXN
000113f8   TRC_R_mask
000113f4   TRC_cinit
00000001   TSK$
00000000   TSK_NUM_HOOKS
00000001   TSK_PRIORITY
00000000   TSK_READYFXN
0000fd04   TSK_STACKSEG
00000400   TSK_STACKSIZE
00000000   TSK_SWITCHFXN
0000bdc0   TSK_VCREATEFXN
0000bdc0   TSK_VDELETEFXN
0000bdc0   TSK_VEXITFXN
0001169c   TSK_idle
000106f0   TSK_idle$stack
00010a88   TSK_idle$stkptr
00011704   TSK_idle$sts
00011700   TSK_idle$sts$stsobj
00000000   UDEV$
0000b740   _ATM_andi
0000b740   _ATM_andu
0000b760   _ATM_cleari
0000b760   _ATM_clearu
0000b778   _ATM_deci
0000b778   _ATM_decu
0000b794   _ATM_inci
0000b794   _ATM_incu
0000b7b0   _ATM_ori
0000b7b0   _ATM_oru
0000b7cc   _ATM_seti
0000b7cc   _ATM_setu
00010b00   _BIOS_init
00010cdc   _BIOS_start
0000c404   _BlockGen
000030d4   _CLK_COUNTSPMS
0000a17c   _CLK_F_itime
000030d4   _CLK_PRD
01940000   _CLK_REGS
00000000   _CLK_TDDR
00000000   _CLK_TIMERNUM
00000001   _CLK_USETIMER
0000a17c   _CLK_itime
0000b600   _CLK_start
0000b600   _CLK_start6x
0000dea0   _CSL_cfgInit
0000c5f4   _CopyBuffer
000110d4   _DSK6713_AIC23_codeccontrolhandle
000110d8   _DSK6713_AIC23_codecdatahandle
0000d480   _DSK6713_AIC23_config
0000c6a0   _DSK6713_AIC23_openCodec
0000dd40   _DSK6713_AIC23_read
0000d45c   _DSK6713_AIC23_rget
0000d3c0   _DSK6713_AIC23_rset
0000dc60   _DSK6713_AIC23_write
0000dbe8   _DSK6713_DIP_get
0000dbe0   _DSK6713_DIP_init
0000c214   _DSK6713_getVersion
0000be4c   _DSK6713_init
0000c168   _DSK6713_rget
0000c17c   _DSK6713_rset
000110c6   _DSK6713_version
0000c190   _DSK6713_wait
0000c1e8   _DSK6713_waitusec
0000c4bc   _DecBuffer
0000c53c   _FIR_C
0000bdc0   _FXN_F_nop
0000b968   _FXN_F_run
0000b9b8   _FXN_F_zero
00000000   _GBL_CACHE
0000b8e0   _GBL_cslInit
0000fe94   _GBL_cslTimerHandle
0000fe74   _GBL_irqEventTable
0000fe78   _GBL_irqIntTable
0001174c   _HST_A_TABBEG
00011778   _HST_A_TABEND
00000002   _HST_A_TABLEN
0000fe88   _HWI_D_spsave
00008e20   _HWI_F_dispatch
0000000a   _HWI_INT10
0000000b   _HWI_INT11
0000000c   _HWI_INT12
0000000d   _HWI_INT13
0000000e   _HWI_INT14
0000000f   _HWI_INT15
00000004   _HWI_INT4
00000005   _HWI_INT5
00000006   _HWI_INT6
00000007   _HWI_INT7
00000008   _HWI_INT8
00000009   _HWI_INT9
00000001   _HWI_NMI
00000002   _HWI_RESERVED0
00000003   _HWI_RESERVED1
00000000   _HWI_RESET
000106e8   _HWI_STKBOTTOM
000102f0   _HWI_STKTOP
0000fb14   _HWI_dispatchTab
00011714   _IDL_busyObj
000117d0   _IDL_cpuLoad
0000bde0   _IDL_loop
0000fd04   _IRAM
00000200   _IRAM_base
00008000   _IRAM_length
0000dda0   _IRQ_enable
0000fd88   _KNL_alarm
0000b040   _KNL_check
0000fda8   _KNL_curqueue
0000fd9c   _KNL_curtask
0000fda4   _KNL_curtime
0000fcb4   _KNL_dummy
0000ae40   _KNL_enter
0000aed0   _KNL_exit
0000b0f0   _KNL_idle
0000fcf0   _KNL_idlefxn
0000fd90   _KNL_inactive
0000b6a0   _KNL_ipost
0000b10c   _KNL_max
0000fdac   _KNL_maxqueue
0000b3c0   _KNL_post
0000fda0   _KNL_prevtask
0000fd94   _KNL_priority
0000fc14   _KNL_queues
00009580   _KNL_run
0000a9c0   _KNL_saveIsrFrame
0000fd98   _KNL_set
0000fd8c   _KNL_setpri
00011720   _KNL_swi
0000fcec   _KNL_swiptr
0000aa8c   _KNL_switch
0000fdb4   _KNL_tcreatefxn
0000fdb8   _KNL_tdeletefxn
00009f78   _KNL_tick
0000fdbc   _KNL_treadyfxn
0000fdb0   _KNL_tswitchfxn
0000fd80   _KNL_wFlag
0000fd84   _KNL_wList
0000b58c   _LCK_pend
0000b540   _LCK_post
000117c8   _LNK_dataPump
0000ed04   _LOG_A_TABBEG
0000ed1c   _LOG_A_TABEND
00000001   _LOG_A_TABLEN
0000f9ec   _LOG_D_system
0000b7e0   _LOG_event
0000ed04   _LOG_system
0000d880   _MCBSP_open
0000d220   _MCBSP_reset
0000d780   _MCBSP_start
0000fe98   _MEM
0000fafc   _MEM_D_NUMSEGMENTS
0000fb04   _MEM_D_freelist
0000fb08   _MEM_D_lockaddr
0000fb00   _MEM_D_memtab
0000fb0c   _MEM_D_unlockaddr
0000b480   _MEM_init
0000fcf4   _MEM_memtab
0000fd20   _OBJ_table
00011500   _PIP_A_TABBEG
000115c8   _PIP_A_TABEND
00000002   _PIP_A_TABLEN
0000fab0   _PRD_D_tick
000117f4   _PRD_clock
0000ba40   _QUE_get
0000ba68   _QUE_put
000117cc   _RTA_dispatcher
00011750   _RTA_fromHost
00011764   _RTA_toHost
0000fea4   _RTDX_Buffer
000102b0   _RTDX_Buffer_End
0000f420   _RTDX_Buffer_Initialize
0000f948   _RTDX_Buffer_Read
000102ac   _RTDX_Buffer_Start
0000f720   _RTDX_Buffer_Write
0000edc8   _RTDX_Final_RT_Monitor
0000ed40   _RTDX_Init_RT_Monitor
0000edf0   _RTDX_IsFlowEnabled
00000002   _RTDX_JTAGONLY
0000f9a0   _RTDX_Mask_IER
0000f2b8   _RTDX_Mon_Queue
0000ee04   _RTDX_Poll
0000f9b8   _RTDX_Set_IER
00000000   _RTDX_interrupt_mask
000102c0   _RTDX_writing
0000bb60   _SEM_pend
00009820   _SEM_pendEnterKnl
0000b140   _SEM_post
0000b220   _SEM_postEnterKnl
000116f0   _STS_A_TABBEG
00011720   _STS_A_TABEND
00000003   _STS_A_TABLEN
0000bab0   _STS_add
0000baa0   _STS_delta
0000badc   _STS_reset
0000bda0   _STS_set
0000fa18   _SWI_D_curfxn
0000fa0c   _SWI_D_curmask
0000fa20   _SWI_D_lock
0000fa2c   _SWI_D_rdybeg
0000bd00   _SWI_post
0000fb10   _SYS
000110e4   _SYS_PUTCBEG
000112e3   _SYS_PUTCEND
0000b300   _SYS_exit
0000fe1c   _SYS_exitStack
0000fe7c   _SYS_exitStackPtr
0000fe80   _SYS_exitStackTop
0000c280   _SineGen
0000c348   _SineGenQ15
0000dce0   _TIMER_configArgs
0000d520   _TIMER_open
0000d660   _TIMER_reset
0000dde0   _TIMER_start
000113f8   _TRC_R_mask
0000bbc0   _TRC_disable
0000bbe0   _TRC_enable
0000bbfc   _TRC_query
0000fd78   _TSK
0000fdc0   _TSK_ATTRS
0000a7e0   _TSK_exit
0001169c   _TSK_idle
0000b9e0   _TSK_init
0000fe64   _TSK_nTasks
0000fe68   _TSK_pid
0000a5e0   _TSK_setup
0000ad54   _TSK_startup
0000fddc   _TSK_timerSem
0000bc20   _UTL_doAbort
0000bd80   _UTL_doError
0000bb00   _UTL_doPutc
0000bd60   _UTL_halt
0000a190   __CLK_lat1beg
0000a1bc   __CLK_lat1end
0000ce40   __CSL_init
0000fd7c   __HOOK_NUMHOOKS
0000fd00   __HOOK_knlId
00008e20   __HWI_lat1beg
00008fcc   __HWI_lat1end
00008fcc   __HWI_lat2beg
0000915c   __HWI_lat2end1
000090e8   __HWI_lat2end2
000091a4   __HWI_lat3beg
0000924c   __HWI_lat3end1
00009120   __HWI_lat3end2
0000b860   __IDL_lat1beg
0000b8b0   __IDL_lat1end
00010f4c   __IRQ_dispatchTable
00010e88   __IRQ_eventTable
0000de80   __IRQ_hookFetchPacket
0000db40   __IRQ_init
00010f0c   __IRQ_intTable
0000b074   __KNL_lat1beg
0000b0f0   __KNL_lat1end
0000b7e0   __LOG_lat1beg
0000b824   __LOG_lat1end1
0000b850   __LOG_lat1end2
00011010   __MCBSP_hDev0
00011014   __MCBSP_hDev1
0000ba40   __QUE_lat1beg
0000ba60   __QUE_lat1end
0000ba68   __QUE_lat2beg
0000ba80   __QUE_lat2end
00009b78   __RTA_lat1beg
00009bb0   __RTA_lat1end
0000a3e0   __SEM_dopost
00000400   __STACK_SIZE
00008394   __SWI_lat1beg
00008420   __SWI_lat1end1
000084dc   __SWI_lat1end2
00008580   __SWI_lat2beg
0000866c   __SWI_lat2end2
00008200   __SWI_lat3beg
00008288   __SWI_lat3end
00011090   __TIMER_deviceTable
000110b0   __TIMER_hBios
000110a8   __TIMER_hDev0
000110ac   __TIMER_hDev1
0000fdf8   __TSK_mutex
ffffffff   ___binit__
0000f9e0   ___bss__
000117fc   ___c_args__
0000dec0   ___cinit__
00000000   ___data__
00000000   ___edata__
0000fea4   ___end__
0000dec0   ___etext__
000117e8   ___pinit__
0000be00   ___text__
0000ab80   __auto_init
00010fd8   __cleanup_ptr
00010fdc   __dtors_ptr
000110dc   __lock
0000de60   __nop
0000de20   __register_lock
0000de40   __register_unlock
000102f0   __stack
0000da60   __strasg
000110e0   __unlock
0000d980   _atexit
00010d80   _c_int00
00011018   _confAIC23
0000fea0   _hAIC23
0000c9c0   _main
0000cc00   _memcpy
000102b4   _rtdx_buffer_state
000102d4   _rtdx_mon_state
ffffffff   binit
0000dec0   cinit
00000000   edata
0000fea4   end
0000dec0   etext
00000000   hwi0
00000020   hwi1
00000140   hwi10
00000160   hwi11
00000180   hwi12
000001a0   hwi13
000001c0   hwi14
000001e0   hwi15
00000040   hwi2
00000060   hwi3
00000080   hwi4
000000a0   hwi5
000000c0   hwi6
000000e0   hwi7
00000100   hwi8
00000120   hwi9
000117e8   pinit


GLOBAL SYMBOLS: SORTED BY Symbol Address 

address    name
--------   ----
00000000   GBL_L2CONFIGALLOC
00000000   GBL_L2CONFIGURE
00000000   TSK_NUM_HOOKS
00000000   GBL_C641XL2PRIORITY
00000000   GBL_CACHE
00000000   GBL_L2MARMASK3
00000000   GBL_L2MARMASK4
00000000   GBL_L2MARMASK2
00000000   TSK_READYFXN
00000000   GBL_L2MARMASK1
00000000   DIO_NUMSWIBASE
00000000   DIO_NUMTSKBASE
00000000   DIO$
00000000   DHL$
00000000   DHL_gChannelsAvailable
00000000   SWI_IHOOKFXN
00000000   GBL_BIGENDIAN
00000000   UDEV$
00000000   DIO_STATIC
00000000   DPI$
00000000   GBL_L2MARMASK5
00000000   HWI_GENERATE_RESET_VEC
00000000   HOOK$
00000000   HWI_POLARITYMASK
00000000   GIO$
00000000   HWI_RESET
00000000   HST_DSM
00000000   TSK_SWITCHFXN
00000000   HST_NONE
00000000   HOOK_KNLID
00000000   HWI_A_VECS
00000000   GBL_ROM
00000000   _CLK_TIMERNUM
00000000   GBL_NULL
00000000   GBL_L2MODE
00000000   GBL_L2PRIORITY
00000000   ___edata__
00000000   ___data__
00000000   _CLK_TDDR
00000000   edata
00000000   GBL_USERINIT
00000000   SEM$
00000000   SIO$
00000000   CLK_COUNTSPMSHIGH
00000000   RTDX_USERTEXECUTION
00000000   MEM_NULL
00000000   MBX$
00000000   PIP$
00000000   OBJ$
00000000   PIP_gNextId
00000000   PRD_SWIHANDLE
00000000   _RTDX_interrupt_mask
00000000   _HWI_RESET
00000000   .data
00000000   PRD_A_TABEND
00000000   PRD_A_TABBEG
00000000   BUF$
00000000   PRD_A_TABLEN
00000000   CLK_TIMERNUM
00000000   CLK_PRDHIGH
00000000   SWI_EHOOKFXN
00000000   CLK_TDDR
00000000   CLK_TDDRHIGH
00000000   _GBL_CACHE
00000000   hwi0
00000000   DGN$
00000000   DEV$
00000001   HWI_ZEROTAB
00000001   IDL$
00000001   _LOG_A_TABLEN
00000001   HST_RTDX
00000001   QUE$
00000001   _HWI_NMI
00000001   HWI$
00000001   RTDX$
00000001   HWI_NMI
00000001   PRD$
00000001   MEM$
00000001   _CLK_USETIMER
00000001   STS$
00000001   SYS$
00000001   LOG_ENABLED
00000001   TSK$
00000001   SWI$
00000001   TSK_PRIORITY
00000001   MEM_gNumHeap
00000001   ISRC$
00000001   RTDX_USERTDX
00000001   LCK$
00000001   RTDX_NORMALIZED_HDR
00000001   SWI_A_TABLEN
00000001   LOG_A_TABLEN
00000001   IDL_USECLKIDLTIME
00000001   LOG$
00000001   GBL_boot
00000001   GBL_ENABLEINST
00000001   HST$
00000001   GBL_L2MARMASK
00000001   GBL_SUPPORTCSL
00000001   CLK_USETIMER
00000001   GBL_CALLCSLCFGINIT
00000001   BUF_ENABLED
00000001   GBL$
00000001   CLK$
00000002   PIP_A_TABLEN
00000002   _HST_A_TABLEN
00000002   HWI_RESERVED0
00000002   _HWI_RESERVED0
00000002   _PIP_A_TABLEN
00000002   _RTDX_JTAGONLY
00000002   IDL_A_CALLEN
00000002   IDL_A_TABLEN
00000002   PIP_gNumEmbed
00000002   HST_A_TABLEN
00000003   _STS_A_TABLEN
00000003   HWI_RESERVED1
00000003   _HWI_RESERVED1
00000003   STS_A_TABLEN
00000004   HWI_INT4
00000004   _HWI_INT4
00000005   _HWI_INT5
00000005   HWI_INT5
00000006   _HWI_INT6
00000006   HWI_INT6
00000007   HWI_INT7
00000007   _HWI_INT7
00000008   _HWI_INT8
00000008   HWI_INT8
00000008   CLK_A_TABLEN
00000009   HWI_INT9
00000009   _HWI_INT9
0000000a   HWI_INT10
0000000a   _HWI_INT10
0000000b   _HWI_INT11
0000000b   HWI_INT11
0000000c   _HWI_INT12
0000000c   HWI_INT12
0000000d   _HWI_INT13
0000000d   HWI_INT13
0000000e   HWI_INT14
0000000e   _HWI_INT14
0000000f   HWI_INT15
0000000f   _HWI_INT15
00000020   hwi1
00000020   CLK_TCR
00000040   hwi2
00000040   LOG_system$size
00000040   HST_MAXFRAMESET
00000042   GBL_FOOTPRINT
00000060   hwi3
00000080   hwi4
000000a0   hwi5
000000c0   hwi6
000000e0   hwi7
00000100   hwi8
00000100   HST_MAXFRAMEALLOWED
00000120   hwi9
00000140   hwi10
00000160   hwi11
00000180   hwi12
000001a0   hwi13
000001c0   hwi14
000001e0   hwi15
00000200   _IRAM_base
00000200   IRAM$B
00000400   TSK_STACKSIZE
00000400   __STACK_SIZE
00000400   HST_DSMMEMSIZE
00000408   RTDX_BUFMEMSIZE
00000490   GBL_A_VERSION
00002226   GBL_L2ALLOC
000030d4   CLK_COUNTSPMS
000030d4   CLK_PRD
000030d4   _CLK_PRD
000030d4   _CLK_COUNTSPMS
00004000   CLK_INTBIT
00004000   PRD_SCALAR
00008000   _IRAM_length
00008000   IRAM$L
00008200   __SWI_lat3beg
00008200   SWI_F_enable
00008288   __SWI_lat3end
0000828c   SWI_F_post
00008394   __SWI_lat1beg
00008420   __SWI_lat1end1
00008424   SWI_F_exec
0000849c   SWI_F_iexec
0000849c   SWI_EXECFXN
000084dc   __SWI_lat1end2
00008580   __SWI_lat2beg
0000866c   __SWI_lat2end2
00008670   SWI_RUNFXN
00008670   SWI_F_run
000088e0   LNK_F_checkBufferCall
00008900   LNK_F_getChanPtr
0000894c   LNK_F_init
00008954   LNK_F_dataPump
00008960   LNK_rcloop
00008a10   LNK_rdrtry
00008a18   LNK_rrloop
00008ad0   LNK_wrrtry
00008ad8   LNK_wrloop
00008ba8   LNK_newin
00008cb8   LNK_newout
00008df8   LNK_F_readCallBack
00008e20   HWI_F_dispatch
00008e20   _HWI_F_dispatch
00008e20   __HWI_lat1beg
00008e20   CLK_HOOKFXN
00008fcc   __HWI_lat2beg
00008fcc   __HWI_lat1end
000090e8   __HWI_lat2end2
00009120   __HWI_lat3end2
0000915c   __HWI_lat2end1
000091a4   __HWI_lat3beg
0000924c   __HWI_lat3end1
00009260   PRD_F_swi
000094bc   PRD_F_tick
00009580   _KNL_run
00009820   _SEM_pendEnterKnl
00009ac0   RTA_F_getlog
00009b04   RTA_F_getsts
00009b4c   RTA_F_readblk
00009b6c   RTA_F_writeword
00009b78   __RTA_lat1beg
00009b78   RTA_F_resetmem
00009bb0   __RTA_lat1end
00009bb8   RTA_F_dispatch
00009bf8   RTA_execute
00009f78   _KNL_tick
00009f78   PRD_THOOKFXN
00009fa0   CLK_F_getfhtime
00009fc0   CLK_TIMEFXN
00009fc0   CLK_F_gethtime
00009fc0   CLK_F_getshtime
0000a034   CLK_F_getltime
0000a040   CLK_F_isr
0000a17c   _CLK_itime
0000a17c   CLK_F_itime
0000a17c   _CLK_F_itime
0000a190   __CLK_lat1beg
0000a1bc   __CLK_lat1end
0000a1c0   PIP_F_take
0000a254   PIP_F_give
0000a254   PIP_F_probe
0000a328   PIP_F_start
0000a3e0   __SEM_dopost
0000a5e0   _TSK_setup
0000a7e0   _TSK_exit
0000a9c0   _KNL_saveIsrFrame
0000aa8c   _KNL_switch
0000ab40   KNL_glue
0000ab80   __auto_init
0000ad54   _TSK_startup
0000ae40   _KNL_enter
0000aed0   _KNL_exit
0000af40   IDL_F_calibrate
0000b040   _KNL_check
0000b074   __KNL_lat1beg
0000b0f0   _KNL_idle
0000b0f0   __KNL_lat1end
0000b10c   _KNL_max
0000b140   _SEM_post
0000b220   _SEM_postEnterKnl
0000b300   _SYS_exit
0000b3c0   _KNL_post
0000b480   _MEM_init
0000b540   _LCK_post
0000b58c   _LCK_pend
0000b600   _CLK_start6x
0000b600   _CLK_start
0000b6a0   _KNL_ipost
0000b740   _ATM_andu
0000b740   _ATM_andi
0000b760   _ATM_clearu
0000b760   _ATM_cleari
0000b778   _ATM_deci
0000b778   _ATM_decu
0000b794   _ATM_incu
0000b794   _ATM_inci
0000b7b0   _ATM_oru
0000b7b0   _ATM_ori
0000b7cc   _ATM_seti
0000b7cc   _ATM_setu
0000b7e0   LOG_F_event
0000b7e0   _LOG_event
0000b7e0   __LOG_lat1beg
0000b824   __LOG_lat1end1
0000b850   __LOG_lat1end2
0000b860   __IDL_lat1beg
0000b860   IDL_F_busy
0000b8b0   __IDL_lat1end
0000b8e0   _GBL_cslInit
0000b960   FXN_F_nop
0000b968   _FXN_F_run
0000b968   FXN_F_run
0000b9b8   FXN_F_zero
0000b9b8   _FXN_F_zero
0000b9e0   _TSK_init
0000ba40   __QUE_lat1beg
0000ba40   _QUE_get
0000ba60   __QUE_lat1end
0000ba68   __QUE_lat2beg
0000ba68   _QUE_put
0000ba80   __QUE_lat2end
0000baa0   _STS_delta
0000baa0   STS_F_delta
0000bab0   _STS_add
0000bab0   STS_F_add
0000badc   STS_F_reset
0000badc   _STS_reset
0000bb00   _UTL_doPutc
0000bb00   SYS_PUTCFXN
0000bb60   _SEM_pend
0000bbc0   _TRC_disable
0000bbe0   _TRC_enable
0000bbfc   _TRC_query
0000bc20   SYS_ABORTFXN
0000bc20   _UTL_doAbort
0000bc80   IDL_F_stub
0000bc80   IDL_CALIBRFXN
0000bcc0   RTA_F_andn
0000bce0   RTA_F_or
0000bd00   _SWI_post
0000bd40   GBL_F_version
0000bd60   _UTL_halt
0000bd60   SYS_EXITFXN
0000bd80   _UTL_doError
0000bd80   SYS_ERRORFXN
0000bda0   _STS_set
0000bdc0   _FXN_F_nop
0000bdc0   GIO_DELETEFXN
0000bdc0   TSK_VDELETEFXN
0000bdc0   TSK_VEXITFXN
0000bdc0   TSK_VCREATEFXN
0000bdc0   GBL_USERINITFXN
0000bdc0   GIO_POSTFXN
0000bdc0   GIO_PENDFXN
0000bdc0   GIO_CREATEFXN
0000bde0   IDL_F_loop
0000bde0   _IDL_loop
0000be00   ___text__
0000be00   .text
0000be4c   _DSK6713_init
0000c168   _DSK6713_rget
0000c17c   _DSK6713_rset
0000c190   _DSK6713_wait
0000c1e8   _DSK6713_waitusec
0000c214   _DSK6713_getVersion
0000c280   _SineGen
0000c348   _SineGenQ15
0000c404   _BlockGen
0000c4bc   _DecBuffer
0000c53c   _FIR_C
0000c5f4   _CopyBuffer
0000c6a0   _DSK6713_AIC23_openCodec
0000c9c0   _main
0000cc00   _memcpy
0000ce40   __CSL_init
0000d220   _MCBSP_reset
0000d3c0   _DSK6713_AIC23_rset
0000d45c   _DSK6713_AIC23_rget
0000d480   _DSK6713_AIC23_config
0000d520   _TIMER_open
0000d660   _TIMER_reset
0000d780   _MCBSP_start
0000d880   _MCBSP_open
0000d980   _atexit
0000da60   __strasg
0000db40   __IRQ_init
0000dbe0   _DSK6713_DIP_init
0000dbe8   _DSK6713_DIP_get
0000dbef   GBL_TRCMASKVALUE
0000dc60   _DSK6713_AIC23_write
0000dce0   _TIMER_configArgs
0000dd40   _DSK6713_AIC23_read
0000dda0   _IRQ_enable
0000dde0   _TIMER_start
0000de20   __register_lock
0000de40   __register_unlock
0000de60   __nop
0000de80   __IRQ_hookFetchPacket
0000dea0   _CSL_cfgInit
0000dec0   ___cinit__
0000dec0   ___etext__
0000dec0   cinit
0000dec0   etext
0000ed04   _LOG_A_TABBEG
0000ed04   LOG_A_TABBEG
0000ed04   LOG_system
0000ed04   _LOG_system
0000ed1c   LOG_A_TABEND
0000ed1c   _LOG_A_TABEND
0000ed40   _RTDX_Init_RT_Monitor
0000edc8   _RTDX_Final_RT_Monitor
0000edf0   _RTDX_IsFlowEnabled
0000ee04   _RTDX_Poll
0000f2b8   _RTDX_Mon_Queue
0000f420   _RTDX_Buffer_Initialize
0000f720   _RTDX_Buffer_Write
0000f948   _RTDX_Buffer_Read
0000f9a0   _RTDX_Mask_IER
0000f9b8   _RTDX_Set_IER
0000f9e0   IDL_D_tabbeg
0000f9e0   ___bss__
0000f9e0   .bss
0000f9e0   $bss
0000f9e4   IDL_D_calibrate
0000f9e8   IDL_D_calbeg
0000f9ec   _LOG_D_system
0000f9ec   LOG_D_system
0000f9f0   PIP_D_tabbeg
0000f9f4   PIP_D_tablen
0000f9f8   CLK_R_time
0000f9fc   CLK_D_timefxn
0000fa00   CLK_D_tabbeg
0000fa04   CLK_D_isrhook
0000fa08   CLK_D_idletime
0000fa0c   _SWI_D_curmask
0000fa0c   SWI_D_curmask
0000fa10   SWI_D_curset
0000fa14   SWI_D_pending
0000fa18   SWI_D_curfxn
0000fa18   _SWI_D_curfxn
0000fa1c   SWI_D_curmbox
0000fa20   _SWI_D_lock
0000fa20   SWI_D_lock
0000fa24   SWI_D_execaddr
0000fa28   SWI_D_runaddr
0000fa2c   _SWI_D_rdybeg
0000fa2c   SWI_D_rdybeg
0000fa30   SWI_D_ihook
0000fa34   SWI_D_ehook
0000fa38   SWI_D_rdytab
0000fab0   PRD_D_tick
0000fab0   _PRD_D_tick
0000fab4   PRD_D_cur
0000fab8   PRD_D_elapsed
0000fabc   PRD_D_prevtim
0000fac0   PRD_D_scalar
0000fac4   PRD_D_swihandle
0000fac8   PRD_D_tabbeg
0000facc   PRD_D_tablen
0000fad0   PRD_D_thook
0000fad4   RTA_D_fromHost
0000fad8   RTA_D_toHost
0000fadc   RTA_D_logval
0000faec   RTA_D_stsval
0000faf8   HST_D_chanmask
0000fafc   _MEM_D_NUMSEGMENTS
0000fb00   _MEM_D_memtab
0000fb04   _MEM_D_freelist
0000fb08   _MEM_D_lockaddr
0000fb0c   _MEM_D_unlockaddr
0000fb10   _SYS
0000fb14   _HWI_dispatchTab
0000fc14   _KNL_queues
0000fcb4   _KNL_dummy
0000fcec   _KNL_swiptr
0000fcf0   _KNL_idlefxn
0000fcf4   _MEM_memtab
0000fd00   __HOOK_knlId
0000fd04   TSK_STACKSEG
0000fd04   IRAM
0000fd04   MEM_SEGZERO
0000fd04   HST_DSMBUFSEG
0000fd04   _IRAM
0000fd04   MEM_MALLOCSEG
0000fd04   RTDX_DATAMEMSEG
0000fd08   RTA_fromHost$pipe$dtab
0000fd14   RTA_toHost$pipe$dtab
0000fd20   _OBJ_table
0000fd78   _TSK
0000fd7c   __HOOK_NUMHOOKS
0000fd80   _KNL_wFlag
0000fd84   _KNL_wList
0000fd88   _KNL_alarm
0000fd8c   _KNL_setpri
0000fd90   _KNL_inactive
0000fd94   _KNL_priority
0000fd98   _KNL_set
0000fd9c   _KNL_curtask
0000fda0   _KNL_prevtask
0000fda4   _KNL_curtime
0000fda8   _KNL_curqueue
0000fdac   _KNL_maxqueue
0000fdb0   _KNL_tswitchfxn
0000fdb4   _KNL_tcreatefxn
0000fdb8   _KNL_tdeletefxn
0000fdbc   _KNL_treadyfxn
0000fdc0   _TSK_ATTRS
0000fddc   _TSK_timerSem
0000fdf8   __TSK_mutex
0000fe1c   _SYS_exitStack
0000fe3c   LNK_dspFrameRequestMask
0000fe40   LNK_dspFrameReadyMask
0000fe44   LNK_readPend
0000fe48   LNK_readDone
0000fe4c   LNK_readFail
0000fe50   LNK_writeFail
0000fe64   _TSK_nTasks
0000fe68   _TSK_pid
0000fe74   _GBL_irqEventTable
0000fe78   _GBL_irqIntTable
0000fe7c   _SYS_exitStackPtr
0000fe80   _SYS_exitStackTop
0000fe84   HWI_D_ccmask
0000fe88   _HWI_D_spsave
0000fe94   _GBL_cslTimerHandle
0000fe98   _MEM
0000fe9c   IDL_D_busyObj
0000fea0   _hAIC23
0000fea4   end
0000fea4   ___end__
0000fea4   _RTDX_Buffer
000102ac   _RTDX_Buffer_Start
000102b0   _RTDX_Buffer_End
000102b4   _rtdx_buffer_state
000102c0   _RTDX_writing
000102d4   _rtdx_mon_state
000102f0   _HWI_STKTOP
000102f0   GBL_stackbeg
000102f0   __stack
000106e8   _HWI_STKBOTTOM
000106ef   GBL_stackend
000106f0   TSK_idle$stack
00010a88   TSK_idle$stkptr
00010af0   RTA_fromHost$buf
00010b00   _BIOS_init
00010b00   BIOS_init
00010c4c   BIOS$$CLKON
00010c7c   BIOS$$CLKOFF
00010cdc   BIOS_start
00010cdc   _BIOS_start
00010d80   _c_int00
00010e88   __IRQ_eventTable
00010f0c   __IRQ_intTable
00010f4c   __IRQ_dispatchTable
00010fd8   __cleanup_ptr
00010fdc   __dtors_ptr
00011010   __MCBSP_hDev0
00011014   __MCBSP_hDev1
00011018   _confAIC23
00011090   __TIMER_deviceTable
000110a8   __TIMER_hDev0
000110ac   __TIMER_hDev1
000110b0   __TIMER_hBios
000110c6   _DSK6713_version
000110d4   _DSK6713_AIC23_codeccontrolhandle
000110d8   _DSK6713_AIC23_codecdatahandle
000110dc   __lock
000110e0   __unlock
000110e4   _SYS_PUTCBEG
000112e3   _SYS_PUTCEND
000112e4   RTA_toHost$buf
000113e4   SYS$config
000113f4   TRC_cinit
000113f8   TRC_R_mask
000113f8   _TRC_R_mask
000113fc   GBL_initdone
00011400   LOG_system$buf
00011500   PIP_A_TABBEG
00011500   RTA_fromHost$pipe
00011500   _PIP_A_TABBEG
00011504   RTA_fromHost$pipe$rd
00011530   RTA_fromHost$pipe$aaa
00011534   RTA_fromHost$pipe$wr
00011560   RTA_fromHost$pipe$bbb
00011564   RTA_toHost$pipe
00011568   RTA_toHost$pipe$rd
00011594   RTA_toHost$pipe$aaa
00011598   RTA_toHost$pipe$wr
000115c4   RTA_toHost$pipe$bbb
000115c8   _PIP_A_TABEND
000115c8   PIP_A_TABEND
0001169c   TSK_idle
0001169c   _TSK_idle
000116f0   KNL_swi$sts$stsobj
000116f0   STS_A_TABBEG
000116f0   _STS_A_TABBEG
000116f4   KNL_swi$sts
00011700   TSK_idle$sts$stsobj
00011704   TSK_idle$sts
00011710   IDL_busyObj$stsobj
00011714   IDL_busyObj
00011714   _IDL_busyObj
00011720   _STS_A_TABEND
00011720   KNL_swi
00011720   STS_A_TABEND
00011720   SWI_A_TABBEG
00011720   _KNL_swi
0001174c   HST_A_TABBEG
0001174c   SWI_A_TABEND
0001174c   _HST_A_TABBEG
00011750   _RTA_fromHost
00011750   RTA_fromHost
00011758   RTA_fromHost$rtdx
00011764   _RTA_toHost
00011764   RTA_toHost
0001176c   RTA_toHost$rtdx
00011778   HST_A_TABEND
00011778   _HST_A_TABEND
000117c8   _LNK_dataPump
000117c8   IDL_A_TABBEG
000117c8   LNK_dataPump
000117cc   RTA_dispatcher
000117cc   _RTA_dispatcher
000117d0   _IDL_cpuLoad
000117d0   IDL_cpuLoad
000117d4   IDL_END
000117d8   IDL_A_TABEND
000117d8   LNK_dataPump$
000117d8   IDL_A_CALBEG
000117dc   RTA_dispatcher$
000117e0   IDL_cpuLoad$
000117e4   IDL_END$
000117e8   pinit
000117e8   ___pinit__
000117e8   IDL_A_CALEND
000117f4   CLK_A_TABBEG
000117f4   PRD_clock
000117f4   _PRD_clock
000117f8   CLK_null
000117fc   ___c_args__
000117fc   CLK_A_TABEND
01940000   _CLK_REGS
01940000   CLK_REGS
082039a3   HWI_INTRMULTHIGH
310718a4   HWI_INTRMULTLOW
ffffffff   binit
ffffffff   ___binit__

[631 symbols]
