******************************************************************************
          TMS320C6x COFF Linker PC v5.1.0                      
******************************************************************************
>> Linked Tue Sep 30 16:36:02 2014

OUTPUT FILE NAME:   <./Debug/ex1.out>
ENTRY POINT SYMBOL: "_c_int00"  address: 00011760


MEMORY CONFIGURATION

                  name            origin    length      used    attr    fill
         ----------------------  --------  ---------  --------  ----  --------
         IRAM                    00000000   00030000  000121fe  RWIX
         CACHE_L2                00030000   00010000  00000000  RWIX
         SDRAM                   80000000   01000000  00008000  RWIX


SECTION ALLOCATION MAP

 output                                  attributes/
section   page    origin      length       input sections
--------  ----  ----------  ----------   ----------------
.SDRAM$heap 
*          0    80000000    00008000     UNINITIALIZED

.prd       0    00000000    00000000     UNINITIALIZED

.sysdata   0    00000000    00000000     UNINITIALIZED

.sysregs   0    00000000    00000000     UNINITIALIZED

.data      0    00000000    00000000     UNINITIALIZED

.cio       0    00000000    00000000     UNINITIALIZED

frt        0    00000000    00000000     UNINITIALIZED

.gio       0    00000000    00000000     UNINITIALIZED

.dsm       0    00000000    00000000     UNINITIALIZED

.hwi       0    00000000    00000000     UNINITIALIZED

.hwi_vec   0    00000000    00000200     
                  00000000    00000200     ex1cfg.obj (.hwi_vec)

.IRAM$heap 
*          0    00000200    00008000     UNINITIALIZED

.bios      0    00008200    00003d00     
                  00008200    000006e0     biosi.a62 : swi.o62 (.bios)
                  000088e0    00000540     lnkrtdx.a62 : rtdx.o62 (.bios)
                  00008e20    00000440     biosi.a62 : hwi_disp_asm.o6 (.bios)
                  00009260    00000320               : prd.o62 (.bios)
                  00009580    000002a0               : knl_run_inst.o6 (.bios)
                  00009820    000002a0               : sem_pend_inst.o (.bios)
                  00009ac0    00000280               : rta.o62 (.bios)
                  00009d40    00000260               : knl_tick_inst.o (.bios)
                  00009fa0    00000220               : clk.o62 (.bios)
                  0000a1c0    00000220               : pip.o62 (.bios)
                  0000a3e0    00000200               : sem_dopo_inst.o (.bios)
                  0000a5e0    00000200               : tsk_setu_inst.o (.bios)
                  0000a7e0    000001e0               : tsk_exit_inst.o (.bios)
                  0000a9c0    000001c0               : knl_swit_inst.o (.bios)
                  0000ab80    000001a0               : autoinit.o62 (.bios)
                  0000ad20    00000120               : tsk_stup_inst.o (.bios)
                  0000ae40    00000100               : knl_exit_inst.o (.bios)
                  0000af40    00000100               : gbl_cslcacheini (.bios)
                  0000b040    00000100               : knl_chec_inst.o (.bios)
                  0000b140    00000100               : idl_cal.o62 (.bios)
                  0000b240    000000e0               : sem_post_asm_in (.bios)
                  0000b320    000000e0               : sem_post_inst.o (.bios)
                  0000b400    000000c0               : sys_exit_inst.o (.bios)
                  0000b4c0    000000c0               : knl_post_inst.o (.bios)
                  0000b580    000000c0               : mem_init_inst.o (.bios:.near)
                  0000b640    000000c0               : lck_inst.o62 (.bios)
                  0000b700    000000a0               : clk_start6x.o62 (.bios)
                  0000b7a0    000000a0               : knl_ipos_inst.o (.bios)
                  0000b840    000000a0               : atm_inst.o62 (.bios)
                  0000b8e0    00000080               : log.o62 (.bios)
                  0000b960    00000080               : idl_busy.o62 (.bios)
                  0000b9e0    00000080               : gbl_cslinit62.o (.bios)
                  0000ba60    00000080               : fxn.o62 (.bios)
                  0000bae0    00000060               : tsk_init_inst.o (.bios)
                  0000bb40    00000060               : que_get_inst.o6 (.bios)
                  0000bba0    00000060               : sts.o62 (.bios)
                  0000bc00    00000060               : utl_putc_inst.o (.bios)
                  0000bc60    00000060               : sem_pend_asm_in (.bios)
                  0000bcc0    00000060               : trc_c.o62 (.bios)
                  0000bd20    00000060               : utl_doab_inst.o (.bios)
                  0000bd80    00000040               : idl_stub_inst.o (.bios)
                  0000bdc0    00000040               : rta_andn.o62 (.bios)
                  0000be00    00000040               : swi_post.o62 (.bios)
                  0000be40    00000020               : gbl_vers.o62 (.bios)
                  0000be60    00000020               : utl_halt_inst.o (.bios)
                  0000be80    00000020               : utl_doer_inst.o (.bios)
                  0000bea0    00000020               : sts_set.o62 (.bios)
                  0000bec0    00000020               : fxn_c.o62 (.bios)
                  0000bee0    00000020               : idl.o62 (.bios)

.text      0    0000bf00    000028e0     
                  0000bf00    00000480     dsk6713bsl.lib : dsk6713.obj (.text)
                  0000c380    00000320                    : dsk6713_aic23_opencodec.obj (.text)
                  0000c6a0    000002e0     USL.obj (.text)
                  0000c980    000002c0     csl6713.lib : csl_cache.obj (.text:_CACHE_setL2Mode)
                  0000cc40    00000240                 : csl_cache.obj (.text:_CACHE_wait)
                  0000ce80    00000240     rts6700.lib : memcpy62.obj (.text:_memcpy)
                  0000d0c0    00000220     csl6713.lib : csl.obj (.text:__CSL_init)
                  0000d2e0    000001e0     biosi.a62 : gbl_cslpllinit6 (.text)
                  0000d4c0    000001c0     csl6713.lib : csl_irq.obj (.text:_mux2Tables)
                  0000d680    000001a0                 : csl_mcbsp.obj (.text:_MCBSP_reset)
                  0000d820    00000180                 : csl_cache.obj (.text:_CACHE_clean)
                  0000d9a0    00000160     ex1.obj (.text)
                  0000db00    00000160     dsk6713bsl.lib : dsk6713_aic23_registers.obj (.text)
                  0000dc60    00000140     csl6713.lib : csl_timer.obj (.text:_TIMER_open)
                  0000dda0    00000120                 : csl_timer.obj (.text:_TIMER_reset)
                  0000dec0    00000100                 : csl_mcbsp.obj (.text:_MCBSP_start)
                  0000dfc0    00000100                 : csl_mcbsp.obj (.text:_MCBSP_open)
                  0000e0c0    00000100                 : csl_cache.obj (.text:_CACHE_wbInvL1d)
                  0000e1c0    000000e0     rts6700.lib : exit.obj (.text:_atexit)
                  0000e2a0    000000e0                 : strasg.obj (.text:__strasg)
                  0000e380    000000a0                 : fixfi.obj (.text:__fixfi)
                  0000e420    000000a0     csl6713.lib : csl_irq.obj (.text:__IRQ_init)
                  0000e4c0    00000080     dsk6713bsl.lib : dsk6713_aic23_write.obj (.text)
                  0000e540    00000080                    : dsk6713_dip.obj (.text)
                  0000e5c0    00000060     csl6713.lib : csl_timer.obj (.text:_TIMER_configArgs)
                  0000e620    00000040                 : csl_irq.obj (.text:_IRQ_enable)
                  0000e660    00000040                 : csl_timer.obj (.text:_TIMER_start)
                  0000e6a0    00000020     rts6700.lib : _lock.obj (.text:__nop)
                  0000e6c0    00000020     csl6713.lib : csl_irq.obj (.text:_IRQ_globalDisable)
                  0000e6e0    00000020     rts6700.lib : _lock.obj (.text:__register_lock)
                  0000e700    00000020     ex1cfg_c.obj (.text:CSL_cfgInit)
                  0000e720    00000020     rts6700.lib : subf.obj (.text:__subf)
                  0000e740    00000020     csl6713.lib : csl_irq.obj (.text:_IRQ_globalEnable)
                  0000e760    00000020                 : csl_irq.obj (.text:_IRQ_globalRestore)
                  0000e780    00000020     rts6700.lib : _lock.obj (.text:__register_unlock)
                  0000e7a0    00000020     csl6713.lib : csl_irq.obj (.text)
                  0000e7c0    00000020     rts6700.lib : mpyf.obj (.text:__mpyf)

.cinit     0    0000e7e0    00000ebc     
                  0000e7e0    00000594     ex1cfg.obj (.cinit)
                  0000ed74    00000004     --HOLE-- [fill = 0]
                  0000ed78    000002dc     biosi.a62 : biosdata.o62 (.cinit)
                  0000f054    00000004     --HOLE-- [fill = 0]
                  0000f058    0000012c     csl6713.lib : csl_irq.obj (.cinit)
                  0000f184    00000004     --HOLE-- [fill = 0]
                  0000f188    000000a8     biosi.a62 : knl_inst.o62 (.cinit)
                  0000f230    0000005c     lnkrtdx.a62 : rtdx.o62 (.cinit)
                  0000f28c    00000004     --HOLE-- [fill = 0]
                  0000f290    00000054     csl6713.lib : csl_mcbsp.obj (.cinit)
                  0000f2e4    00000004     --HOLE-- [fill = 0]
                  0000f2e8    00000052     ex1.obj (.cinit)
                  0000f33a    00000006     --HOLE-- [fill = 0]
                  0000f340    0000004c     csl6713.lib : csl_timer.obj (.cinit)
                  0000f38c    00000004     --HOLE-- [fill = 0]
                  0000f390    0000004c     biosi.a62 : tsk_inst.o62 (.cinit)
                  0000f3dc    00000004     --HOLE-- [fill = 0]
                  0000f3e0    0000004c               : rta.o62 (.cinit)
                  0000f42c    00000004     --HOLE-- [fill = 0]
                  0000f430    00000048               : knl_inst.o62 (.cinit:c)
                  0000f478    00000042     USL.obj (.cinit)
                  0000f4ba    00000006     --HOLE-- [fill = 0]
                  0000f4c0    0000003c     csl6713.lib : csl.obj (.cinit)
                  0000f4fc    00000004     --HOLE-- [fill = 0]
                  0000f500    00000030     dsk6713bsl.lib : dsk6713_aic23_registers.obj (.cinit)
                  0000f530    0000002c     biosi.a62 : utl_putc_inst.o (.cinit)
                  0000f55c    00000004     --HOLE-- [fill = 0]
                  0000f560    0000002c               : tsk_stup_inst.o (.cinit)
                  0000f58c    00000004     --HOLE-- [fill = 0]
                  0000f590    0000002c     rts6700.lib : exit.obj (.cinit)
                  0000f5bc    00000004     --HOLE-- [fill = 0]
                  0000f5c0    0000001c     biosi.a62 : hwi.o62 (.cinit)
                  0000f5dc    00000004     --HOLE-- [fill = 0]
                  0000f5e0    0000001c     rts6700.lib : _lock.obj (.cinit)
                  0000f5fc    00000004     --HOLE-- [fill = 0]
                  0000f600    00000018     biosi.a62 : knl_tick_inst.o (.cinit)
                  0000f618    00000010               : clk_start6x.o62 (.cinit)
                  0000f628    00000010               : gbl.o62 (.cinit:c)
                  0000f638    00000010               : tsk_inst.o62 (.cinit:c)
                  0000f648    00000010               : sys_inst.o62 (.cinit:c)
                  0000f658    0000000c               : knl_swit_inst.o (.cinit)
                  0000f664    00000004     --HOLE-- [fill = 0]
                  0000f668    0000000c               : idl_busy.o62 (.cinit)
                  0000f674    00000004     --HOLE-- [fill = 0]
                  0000f678    0000000c     csl6713.lib : csl_cache.obj (.cinit)
                  0000f684    00000004     --HOLE-- [fill = 0]
                  0000f688    0000000c     rtdx.lib : buffer1.o62 (.cinit)
                  0000f694    00000008     --HOLE-- [fill = 0]

.mem       0    0000f69c    00000004     UNINITIALIZED
                  0000f69c    00000004     ex1cfg.obj (.mem)

.rtdx_text 
*          0    0000f6a0    00000cc0     
                  0000f6a0    00000700     rtdx.lib : rtdx_mon.o62 (.rtdx_text)
                  0000fda0    00000580              : buffer1.o62 (.rtdx_text)
                  00010320    00000040              : intr_tgt.o62 (.rtdx_text)

.bss       0    00010360    000004d8     UNINITIALIZED
                  00010360    00000134     biosi.a62 : biosdata.o62 (.bss)
                  00010494    00000100               : hwi_disp_asm.o6 (.bss)
                  00010594    000000e0               : knl_inst.o62 (.bss)
                  00010674    0000009c     ex1cfg.obj (.bss)
                  00010710    00000040     biosi.a62 : knl_inst.o62 (.bss:c)
                  00010750    00000038               : tsk_inst.o62 (.bss)
                  00010788    00000024               : tsk_stup_inst.o (.bss)
                  000107ac    00000020               : sys_inst.o62 (.bss)
                  000107cc    00000018     lnkrtdx.a62 : rtdx.o62 (.bss)
                  000107e4    00000010     biosi.a62 : knl_tick_inst.o (.bss)
                  000107f4    00000008               : clk_start6x.o62 (.bss)
                  000107fc    00000008               : gbl.o62 (.bss:c)
                  00010804    00000008               : sys_inst.o62 (.bss:c)
                  0001080c    00000008               : tsk_inst.o62 (.bss:c)
                  00010814    00000008               : hwi.o62 (.bss)
                  0001081c    00000008     ex1.obj (.bss)
                  00010824    00000006     USL.obj (.bss)
                  0001082c    00000004     biosi.a62 : idl_busy.o62 (.bss)
                  00010830    00000004               : gbl_cslinit62.o (.bss)
                  00010834    00000004               : mem_asm.o62 (.bss)

.rtdx_data 
*          0    00010838    0000044c     UNINITIALIZED
                  00010838    00000410     ex1cfg.obj (.rtdx_data)
                  00010c48    00000020     rtdx.lib : buffer1.o62 (.rtdx_data)
                  00010c68    0000001c              : rtdx_mon.o62 (.rtdx_data)

.args      0    00010c84    00000004     
                  00010c84    00000004     --HOLE-- [fill = 00000000]

.stack     0    00010c88    00000400     
                  00010c88    00000400     --HOLE-- [fill = 00c0ffee]

.TSK_idle$stk 
*          0    00011088    00000400     UNINITIALIZED
                  00011088    00000400     ex1cfg.obj (.TSK_idle$stk)

.log       0    00011488    00000018     
                  00011488    00000018     ex1cfg.obj (.log)

.sysinit   0    000114a0    000003a0     
                  000114a0    000002c0     ex1cfg.obj (.sysinit)
                  00011760    000000e0     biosi.a62 : boot.o62 (.sysinit)

.far       0    00011840    00000298     UNINITIALIZED
                  00011840    000000f4     csl6713.lib : csl_irq.obj (.far)
                  00011934    0000008c     rts6700.lib : exit.obj (.far)
                  000119c0    00000038     csl6713.lib : csl_mcbsp.obj (.far)
                  000119f8    00000038     ex1.obj (.far)
                  00011a30    00000028     dsk6713bsl.lib : dsk6713_aic23_registers.obj (.far)
                  00011a58    00000028     csl6713.lib : csl.obj (.far)
                  00011a80    00000024                 : csl_timer.obj (.far)
                  00011aa4    00000012     USL.obj (.far)
                  00011ab6    00000002     dsk6713bsl.lib : dsk6713.obj (.far)
                  00011ab8    0000000c     biosi.a62 : utl_putc_inst.o (.far)
                  00011ac4    00000008     dsk6713bsl.lib : dsk6713_aic23_opencodec.obj (.far)
                  00011acc    00000008     rts6700.lib : _lock.obj (.far)
                  00011ad4    00000004     csl6713.lib : csl_cache.obj (.far)

.trace     0    00011ad8    00000200     
                  00011ad8    00000200     --HOLE-- [fill = 00000000]

.hst0      0    00011cd8    00000100     UNINITIALIZED
                  00011cd8    00000100     ex1cfg.obj (.hst0)

.gblinit   0    00011dd8    00000028     
                  00011dd8    00000028     ex1cfg.obj (.gblinit)

.LOG_system$buf 
*          0    00011e00    00000100     
                  00011e00    00000100     ex1cfg.obj (.LOG_system$buf) [fill = ffffffff]

.pip       0    00011f00    000000c8     UNINITIALIZED
                  00011f00    000000c8     ex1cfg.obj (.pip)

.const     0    00011fc8    000000c6     
                  00011fc8    00000040     dsk6713bsl.lib : dsk6713_aic23_opencodec.obj (.const)
                  00012008    00000020                    : dsk6713.obj (.const)
                  00012028    00000020     csl6713.lib : csl_cache.obj (.const)
                  00012048    00000023     biosi.a62 : utl_doab_inst.o (.const)
                  0001206b    00000022               : utl_doer_inst.o (.const)
                  0001208d    00000001               : tsk_inst.o62 (.const)

.tsk       0    00012090    00000060     UNINITIALIZED
                  00012090    00000060     ex1cfg.obj (.tsk)

.sts       0    000120f0    00000030     
                  000120f0    00000030     ex1cfg.obj (.sts)

.swi       0    00012120    0000002c     UNINITIALIZED
                  00012120    0000002c     ex1cfg.obj (.swi)

.hst       0    0001214c    0000002c     UNINITIALIZED
                  0001214c    0000002c     ex1cfg.obj (.hst)

.switch    0    00012178    00000028     
                  00012178    00000028     rtdx.lib : rtdx_mon.o62 (.switch)

.idl       0    000121a0    00000020     UNINITIALIZED
                  000121a0    00000010     ex1cfg.obj (.idl)
                  000121b0    00000010     ex1cfg.obj (.idlcal)

.hst1      0    000121c0    00000010     UNINITIALIZED
                  000121c0    00000010     ex1cfg.obj (.hst1)

.sys       0    000121d0    00000010     UNINITIALIZED
                  000121d0    00000010     ex1cfg.obj (.sys)

.trcdata   0    000121e0    0000000c     
                  000121e0    0000000c     ex1cfg.obj (.trcdata)

.pinit     0    000121ec    0000000c     
                  000121ec    00000004     rtdx.lib : rtdx_mon.o62 (.pinit)
                  000121f0    00000004              : buffer1.o62 (.pinit)
                  000121f4    00000004     --HOLE-- [fill = 0]

.clk       0    000121f8    00000008     UNINITIALIZED
                  000121f8    00000008     ex1cfg.obj (.clk)


GLOBAL SYMBOLS: SORTED ALPHABETICALLY BY Name 

address    name
--------   ----
00010360   $bss
00010360   .bss
00000000   .data
0000bf00   .text
0001165c   BIOS$$CLKOFF
0001162c   BIOS$$CLKON
000114a0   BIOS_init
000116bc   BIOS_start
00000000   BUF$
00000001   BUF_ENABLED
ffffffff   CACHE_L2
00000001   CLK$
000121f8   CLK_A_TABBEG
00012200   CLK_A_TABEND
00000008   CLK_A_TABLEN
0000dbba   CLK_COUNTSPMS
00000000   CLK_COUNTSPMSHIGH
00010388   CLK_D_idletime
00010384   CLK_D_isrhook
00010380   CLK_D_tabbeg
0001037c   CLK_D_timefxn
00009fa0   CLK_F_getfhtime
00009fc0   CLK_F_gethtime
0000a034   CLK_F_getltime
00009fc0   CLK_F_getshtime
0000a040   CLK_F_isr
0000a17c   CLK_F_itime
00008e20   CLK_HOOKFXN
00004000   CLK_INTBIT
0000dbba   CLK_PRD
00000000   CLK_PRDHIGH
01940000   CLK_REGS
00010378   CLK_R_time
00000020   CLK_TCR
00000000   CLK_TDDR
00000000   CLK_TDDRHIGH
00009fc0   CLK_TIMEFXN
00000000   CLK_TIMERNUM
00000001   CLK_USETIMER
000121fc   CLK_null
00000000   DEV$
00000000   DGN$
00000000   DHL$
00000000   DHL_gChannelsAvailable
00000000   DIO$
00000000   DIO_NUMSWIBASE
00000000   DIO_NUMTSKBASE
00000000   DIO_STATIC
00000000   DPI$
0000ba60   FXN_F_nop
0000ba68   FXN_F_run
0000bab8   FXN_F_zero
00000001   GBL$
00000490   GBL_A_VERSION
00000000   GBL_BIGENDIAN
00000000   GBL_C641XL2PRIORITY
00000000   GBL_CACHE
00000001   GBL_CALLCSLCFGINIT
00000001   GBL_ENABLEINST
00000042   GBL_FOOTPRINT
0000be40   GBL_F_version
00002226   GBL_L2ALLOC
00000000   GBL_L2CONFIGALLOC
00000001   GBL_L2CONFIGURE
00000001   GBL_L2MARMASK
00000000   GBL_L2MARMASK1
00000000   GBL_L2MARMASK2
00000000   GBL_L2MARMASK3
00000000   GBL_L2MARMASK4
00000000   GBL_L2MARMASK5
00000007   GBL_L2MODE
00000000   GBL_L2PRIORITY
00000000   GBL_NULL
00000000   GBL_ROM
00000001   GBL_SUPPORTCSL
0000dbef   GBL_TRCMASKVALUE
00000001   GBL_USERINIT
0000d308   GBL_USERINITFXN
00000001   GBL_boot
000121e8   GBL_initdone
00010c88   GBL_stackbeg
00011087   GBL_stackend
00000000   GIO$
0000bec0   GIO_CREATEFXN
0000bec0   GIO_DELETEFXN
0000bec0   GIO_PENDFXN
0000bec0   GIO_POSTFXN
00000000   HOOK$
00000000   HOOK_KNLID
00000001   HST$
0001214c   HST_A_TABBEG
00012178   HST_A_TABEND
00000002   HST_A_TABLEN
00000000   HST_DSM
00010690   HST_DSMBUFSEG
00000400   HST_DSMMEMSIZE
00010478   HST_D_chanmask
00000100   HST_MAXFRAMEALLOWED
00000040   HST_MAXFRAMESET
00000000   HST_NONE
00000001   HST_RTDX
00000001   HWI$
00000000   HWI_A_VECS
00010814   HWI_D_ccmask
00008e20   HWI_F_dispatch
00000000   HWI_GENERATE_RESET_VEC
0000000a   HWI_INT10
0000000b   HWI_INT11
0000000c   HWI_INT12
0000000d   HWI_INT13
0000000e   HWI_INT14
0000000f   HWI_INT15
00000004   HWI_INT4
00000005   HWI_INT5
00000006   HWI_INT6
00000007   HWI_INT7
00000008   HWI_INT8
00000009   HWI_INT9
082039a3   HWI_INTRMULTHIGH
310718a4   HWI_INTRMULTLOW
00000001   HWI_NMI
00000000   HWI_POLARITYMASK
00000002   HWI_RESERVED0
00000003   HWI_RESERVED1
00000000   HWI_RESET
00000001   HWI_ZEROTAB
00000001   IDL$
000121b0   IDL_A_CALBEG
000121c0   IDL_A_CALEND
00000002   IDL_A_CALLEN
000121a0   IDL_A_TABBEG
000121b0   IDL_A_TABEND
00000002   IDL_A_TABLEN
0000bd80   IDL_CALIBRFXN
0001082c   IDL_D_busyObj
00010368   IDL_D_calbeg
00010364   IDL_D_calibrate
00010360   IDL_D_tabbeg
000121ac   IDL_END
000121bc   IDL_END$
0000b960   IDL_F_busy
0000b140   IDL_F_calibrate
0000bee0   IDL_F_loop
0000bd80   IDL_F_stub
00000001   IDL_USECLKIDLTIME
00012114   IDL_busyObj
00012110   IDL_busyObj$stsobj
000121a8   IDL_cpuLoad
000121b8   IDL_cpuLoad$
00010690   IRAM
00000200   IRAM$B
00008000   IRAM$L
00000001   ISRC$
0000ab40   KNL_glue
00012120   KNL_swi
000120f4   KNL_swi$sts
000120f0   KNL_swi$sts$stsobj
00000001   LCK$
000088e0   LNK_F_checkBufferCall
00008954   LNK_F_dataPump
00008900   LNK_F_getChanPtr
0000894c   LNK_F_init
00008df8   LNK_F_readCallBack
000121a0   LNK_dataPump
000121b0   LNK_dataPump$
000107d0   LNK_dspFrameReadyMask
000107cc   LNK_dspFrameRequestMask
00008ba8   LNK_newin
00008cb8   LNK_newout
00008960   LNK_rcloop
00008a10   LNK_rdrtry
000107d8   LNK_readDone
000107dc   LNK_readFail
000107d4   LNK_readPend
00008a18   LNK_rrloop
000107e0   LNK_writeFail
00008ad8   LNK_wrloop
00008ad0   LNK_wrrtry
00000001   LOG$
00011488   LOG_A_TABBEG
000114a0   LOG_A_TABEND
00000001   LOG_A_TABLEN
0001036c   LOG_D_system
00000001   LOG_ENABLED
0000b8e0   LOG_F_event
00011488   LOG_system
00011e00   LOG_system$buf
00000040   LOG_system$size
00000000   MBX$
00000001   MEM$
00010690   MEM_MALLOCSEG
00000000   MEM_NULL
00010690   MEM_SEGZERO
00000002   MEM_gNumHeap
00000000   OBJ$
00000000   PIP$
00011f00   PIP_A_TABBEG
00011fc8   PIP_A_TABEND
00000002   PIP_A_TABLEN
00010370   PIP_D_tabbeg
00010374   PIP_D_tablen
0000a254   PIP_F_give
0000a254   PIP_F_probe
0000a328   PIP_F_start
0000a1c0   PIP_F_take
00000000   PIP_gNextId
00000002   PIP_gNumEmbed
00000001   PRD$
00000000   PRD_A_TABBEG
00000000   PRD_A_TABEND
00000000   PRD_A_TABLEN
00010434   PRD_D_cur
00010438   PRD_D_elapsed
0001043c   PRD_D_prevtim
00010440   PRD_D_scalar
00010444   PRD_D_swihandle
00010448   PRD_D_tabbeg
0001044c   PRD_D_tablen
00010450   PRD_D_thook
00010430   PRD_D_tick
00009260   PRD_F_swi
000094bc   PRD_F_tick
00004000   PRD_SCALAR
00000000   PRD_SWIHANDLE
00009f78   PRD_THOOKFXN
000121f8   PRD_clock
00000001   QUE$
00010454   RTA_D_fromHost
0001045c   RTA_D_logval
0001046c   RTA_D_stsval
00010458   RTA_D_toHost
0000bdc0   RTA_F_andn
00009bb8   RTA_F_dispatch
00009ac0   RTA_F_getlog
00009b04   RTA_F_getsts
0000bde0   RTA_F_or
00009b4c   RTA_F_readblk
00009b78   RTA_F_resetmem
00009b6c   RTA_F_writeword
000121a4   RTA_dispatcher
000121b4   RTA_dispatcher$
00009bf8   RTA_execute
00012150   RTA_fromHost
000121c0   RTA_fromHost$buf
00011f00   RTA_fromHost$pipe
00011f30   RTA_fromHost$pipe$aaa
00011f60   RTA_fromHost$pipe$bbb
00010698   RTA_fromHost$pipe$dtab
00011f04   RTA_fromHost$pipe$rd
00011f34   RTA_fromHost$pipe$wr
00012158   RTA_fromHost$rtdx
00012164   RTA_toHost
00011cd8   RTA_toHost$buf
00011f64   RTA_toHost$pipe
00011f94   RTA_toHost$pipe$aaa
00011fc4   RTA_toHost$pipe$bbb
000106a4   RTA_toHost$pipe$dtab
00011f68   RTA_toHost$pipe$rd
00011f98   RTA_toHost$pipe$wr
0001216c   RTA_toHost$rtdx
00000001   RTDX$
00000408   RTDX_BUFMEMSIZE
00010690   RTDX_DATAMEMSEG
00000001   RTDX_NORMALIZED_HDR
00000001   RTDX_USERTDX
00000000   RTDX_USERTEXECUTION
00010694   SDRAM
80000000   SDRAM$B
00008000   SDRAM$L
00000000   SEM$
00000000   SIO$
00000001   STS$
000120f0   STS_A_TABBEG
00012120   STS_A_TABEND
00000003   STS_A_TABLEN
0000bbb0   STS_F_add
0000bba0   STS_F_delta
0000bbdc   STS_F_reset
00000001   SWI$
00012120   SWI_A_TABBEG
0001214c   SWI_A_TABEND
00000001   SWI_A_TABLEN
00010398   SWI_D_curfxn
0001038c   SWI_D_curmask
0001039c   SWI_D_curmbox
00010390   SWI_D_curset
000103b4   SWI_D_ehook
000103a4   SWI_D_execaddr
000103b0   SWI_D_ihook
000103a0   SWI_D_lock
00010394   SWI_D_pending
000103ac   SWI_D_rdybeg
000103b8   SWI_D_rdytab
000103a8   SWI_D_runaddr
00000000   SWI_EHOOKFXN
0000849c   SWI_EXECFXN
00008200   SWI_F_enable
00008424   SWI_F_exec
0000849c   SWI_F_iexec
0000828c   SWI_F_post
00008670   SWI_F_run
00000000   SWI_IHOOKFXN
00008670   SWI_RUNFXN
00000001   SYS$
000121d0   SYS$config
0000bd20   SYS_ABORTFXN
0000be80   SYS_ERRORFXN
0000be60   SYS_EXITFXN
0000bc00   SYS_PUTCFXN
000121e4   TRC_R_mask
000121e0   TRC_cinit
00000001   TSK$
00000000   TSK_NUM_HOOKS
00000001   TSK_PRIORITY
00000000   TSK_READYFXN
00010690   TSK_STACKSEG
00000400   TSK_STACKSIZE
00000000   TSK_SWITCHFXN
0000bec0   TSK_VCREATEFXN
0000bec0   TSK_VDELETEFXN
0000bec0   TSK_VEXITFXN
0001209c   TSK_idle
00011088   TSK_idle$stack
00011420   TSK_idle$stkptr
00012104   TSK_idle$sts
00012100   TSK_idle$sts$stsobj
00000000   UDEV$
0000b840   _ATM_andi
0000b840   _ATM_andu
0000b860   _ATM_cleari
0000b860   _ATM_clearu
0000b878   _ATM_deci
0000b878   _ATM_decu
0000b894   _ATM_inci
0000b894   _ATM_incu
0000b8b0   _ATM_ori
0000b8b0   _ATM_oru
0000b8cc   _ATM_seti
0000b8cc   _ATM_setu
000114a0   _BIOS_init
000116bc   _BIOS_start
0000c84c   _BlockGen
ffffffff   _CACHE_L2
0000d820   _CACHE_clean
0000c980   _CACHE_setL2Mode
0000cc40   _CACHE_wait
0000e0c0   _CACHE_wbInvL1d
0000dbba   _CLK_COUNTSPMS
0000a17c   _CLK_F_itime
0000dbba   _CLK_PRD
01940000   _CLK_REGS
00000000   _CLK_TDDR
00000000   _CLK_TIMERNUM
00000001   _CLK_USETIMER
0000a17c   _CLK_itime
0000b700   _CLK_start
0000b700   _CLK_start6x
0000e700   _CSL_cfgInit
0000c944   _CopyBuffer
00011ac4   _DSK6713_AIC23_codeccontrolhandle
00011ac8   _DSK6713_AIC23_codecdatahandle
0000dbc0   _DSK6713_AIC23_config
0000c380   _DSK6713_AIC23_openCodec
0000db9c   _DSK6713_AIC23_rget
0000db00   _DSK6713_AIC23_rset
0000e4c0   _DSK6713_AIC23_write
0000e548   _DSK6713_DIP_get
0000e540   _DSK6713_DIP_init
0000c314   _DSK6713_getVersion
0000bf4c   _DSK6713_init
0000c268   _DSK6713_rget
0000c27c   _DSK6713_rset
00011ab6   _DSK6713_version
0000c290   _DSK6713_wait
0000c2e8   _DSK6713_waitusec
0000c904   _DecBuffer
0000c920   _FIR_C
0000bec0   _FXN_F_nop
0000ba68   _FXN_F_run
0000bab8   _FXN_F_zero
00000000   _GBL_CACHE
0000af40   _GBL_cslCacheInit
0000b9e0   _GBL_cslInit
00010830   _GBL_cslTimerHandle
000107fc   _GBL_irqEventTable
00010800   _GBL_irqIntTable
0000d308   _GBL_setPLLto225MHz
0001214c   _HST_A_TABBEG
00012178   _HST_A_TABEND
00000002   _HST_A_TABLEN
00010818   _HWI_D_spsave
00008e20   _HWI_F_dispatch
0000000a   _HWI_INT10
0000000b   _HWI_INT11
0000000c   _HWI_INT12
0000000d   _HWI_INT13
0000000e   _HWI_INT14
0000000f   _HWI_INT15
00000004   _HWI_INT4
00000005   _HWI_INT5
00000006   _HWI_INT6
00000007   _HWI_INT7
00000008   _HWI_INT8
00000009   _HWI_INT9
00000001   _HWI_NMI
00000002   _HWI_RESERVED0
00000003   _HWI_RESERVED1
00000000   _HWI_RESET
00011080   _HWI_STKBOTTOM
00010c88   _HWI_STKTOP
00010494   _HWI_dispatchTab
00012114   _IDL_busyObj
000121a8   _IDL_cpuLoad
0000bee0   _IDL_loop
00010690   _IRAM
00000200   _IRAM_base
00008000   _IRAM_length
00011a20   _IRQ_Config_XINT1
0000e620   _IRQ_enable
0000e6c0   _IRQ_globalDisable
0000e740   _IRQ_globalEnable
0000e760   _IRQ_globalRestore
00010718   _KNL_alarm
0000b040   _KNL_check
00010738   _KNL_curqueue
0001072c   _KNL_curtask
00010734   _KNL_curtime
00010634   _KNL_dummy
0000ae40   _KNL_enter
0000aed0   _KNL_exit
0000b0f0   _KNL_idle
00010670   _KNL_idlefxn
00010720   _KNL_inactive
0000b7a0   _KNL_ipost
0000b10c   _KNL_max
0001073c   _KNL_maxqueue
0000b4c0   _KNL_post
00010730   _KNL_prevtask
00010724   _KNL_priority
00010594   _KNL_queues
00009580   _KNL_run
0000a9c0   _KNL_saveIsrFrame
00010728   _KNL_set
0001071c   _KNL_setpri
00012120   _KNL_swi
0001066c   _KNL_swiptr
0000aa8c   _KNL_switch
00010744   _KNL_tcreatefxn
00010748   _KNL_tdeletefxn
00009f78   _KNL_tick
0001074c   _KNL_treadyfxn
00010740   _KNL_tswitchfxn
00010710   _KNL_wFlag
00010714   _KNL_wList
0000b68c   _LCK_pend
0000b640   _LCK_post
000121a0   _LNK_dataPump
00011488   _LOG_A_TABBEG
000114a0   _LOG_A_TABEND
00000001   _LOG_A_TABLEN
0001036c   _LOG_D_system
0000b8e0   _LOG_event
00011488   _LOG_system
0000dfc0   _MCBSP_open
0000d680   _MCBSP_reset
0000dec0   _MCBSP_start
00010834   _MEM
0001047c   _MEM_D_NUMSEGMENTS
00010484   _MEM_D_freelist
00010488   _MEM_D_lockaddr
00010480   _MEM_D_memtab
0001048c   _MEM_D_unlockaddr
0000b580   _MEM_init
00010674   _MEM_memtab
000106b0   _OBJ_table
00011f00   _PIP_A_TABBEG
00011fc8   _PIP_A_TABEND
00000002   _PIP_A_TABLEN
00010430   _PRD_D_tick
000121f8   _PRD_clock
0000bb40   _QUE_get
0000bb68   _QUE_put
000121a4   _RTA_dispatcher
00012150   _RTA_fromHost
00012164   _RTA_toHost
00010838   _RTDX_Buffer
00010c44   _RTDX_Buffer_End
0000fda0   _RTDX_Buffer_Initialize
000102c8   _RTDX_Buffer_Read
00010c40   _RTDX_Buffer_Start
000100a0   _RTDX_Buffer_Write
0000f748   _RTDX_Final_RT_Monitor
0000f6c0   _RTDX_Init_RT_Monitor
0000f770   _RTDX_IsFlowEnabled
00000002   _RTDX_JTAGONLY
00010320   _RTDX_Mask_IER
0000fc38   _RTDX_Mon_Queue
0000f784   _RTDX_Poll
00010338   _RTDX_Set_IER
00000000   _RTDX_interrupt_mask
00010c54   _RTDX_writing
00010694   _SDRAM
80000000   _SDRAM_base
00008000   _SDRAM_length
0000bc60   _SEM_pend
00009820   _SEM_pendEnterKnl
0000b240   _SEM_post
0000b320   _SEM_postEnterKnl
000120f0   _STS_A_TABBEG
00012120   _STS_A_TABEND
00000003   _STS_A_TABLEN
0000bbb0   _STS_add
0000bba0   _STS_delta
0000bbdc   _STS_reset
0000bea0   _STS_set
00010398   _SWI_D_curfxn
0001038c   _SWI_D_curmask
000103a0   _SWI_D_lock
000103ac   _SWI_D_rdybeg
0000be00   _SWI_post
00010490   _SYS
00011ad8   _SYS_PUTCBEG
00011cd7   _SYS_PUTCEND
0000b400   _SYS_exit
000107ac   _SYS_exitStack
00010804   _SYS_exitStackPtr
00010808   _SYS_exitStackTop
0000c6a0   _SineGen
0000c790   _SineGenQ15
0000e5c0   _TIMER_configArgs
0000dc60   _TIMER_open
0000dda0   _TIMER_reset
0000e660   _TIMER_start
000121e4   _TRC_R_mask
0000bcc0   _TRC_disable
0000bce0   _TRC_enable
0000bcfc   _TRC_query
00010708   _TSK
00010750   _TSK_ATTRS
0000a7e0   _TSK_exit
0001209c   _TSK_idle
0000bae0   _TSK_init
0001080c   _TSK_nTasks
00010810   _TSK_pid
0000a5e0   _TSK_setup
0000ad54   _TSK_startup
0001076c   _TSK_timerSem
0000bd20   _UTL_doAbort
0000be80   _UTL_doError
0000bc00   _UTL_doPutc
0000be60   _UTL_halt
0000d9a0   _XINT1_HWI
0000a190   __CLK_lat1beg
0000a1bc   __CLK_lat1end
0000d0c0   __CSL_init
0001070c   __HOOK_NUMHOOKS
0001068c   __HOOK_knlId
00008e20   __HWI_lat1beg
00008fcc   __HWI_lat1end
00008fcc   __HWI_lat2beg
0000915c   __HWI_lat2end1
000090e8   __HWI_lat2end2
000091a4   __HWI_lat3beg
0000924c   __HWI_lat3end1
00009120   __HWI_lat3end2
0000b960   __IDL_lat1beg
0000b9b0   __IDL_lat1end
0001192c   __IRQ_dispatchTable
00011868   __IRQ_eventTable
0000e7a0   __IRQ_hookFetchPacket
0000e420   __IRQ_init
000118ec   __IRQ_intTable
0000b074   __KNL_lat1beg
0000b0f0   __KNL_lat1end
0000b8e0   __LOG_lat1beg
0000b924   __LOG_lat1end1
0000b950   __LOG_lat1end2
000119f0   __MCBSP_hDev0
000119f4   __MCBSP_hDev1
0000bb40   __QUE_lat1beg
0000bb60   __QUE_lat1end
0000bb68   __QUE_lat2beg
0000bb80   __QUE_lat2end
00009b78   __RTA_lat1beg
00009bb0   __RTA_lat1end
0000a3e0   __SEM_dopost
00000400   __STACK_SIZE
00008394   __SWI_lat1beg
00008420   __SWI_lat1end1
000084dc   __SWI_lat1end2
00008580   __SWI_lat2beg
0000866c   __SWI_lat2end2
00008200   __SWI_lat3beg
00008288   __SWI_lat3end
00011a80   __TIMER_deviceTable
00011aa0   __TIMER_hBios
00011a98   __TIMER_hDev0
00011a9c   __TIMER_hDev1
00010788   __TSK_mutex
ffffffff   ___binit__
00010360   ___bss__
00010c84   ___c_args__
0000e7e0   ___cinit__
00000000   ___data__
00000000   ___edata__
00010838   ___end__
0000e7e0   ___etext__
000121ec   ___pinit__
0000bf00   ___text__
0000ab80   __auto_init
000119b8   __cleanup_ptr
000119bc   __dtors_ptr
0000e380   __fixfi
00011acc   __lock
0000e7c0   __mpyf
0000e6a0   __nop
0000e6e0   __register_lock
0000e780   __register_unlock
00010c88   __stack
0000e2a0   __strasg
0000e720   __subf
00011ad0   __unlock
0000e1c0   _atexit
00011760   _c_int00
000119f8   _confAIC23
0001081c   _hAIC23
0000da54   _main
0000ce80   _memcpy
00010c48   _rtdx_buffer_state
00010c68   _rtdx_mon_state
0000d2e0   _wait500nS
ffffffff   binit
0000e7e0   cinit
00000000   edata
00010838   end
0000e7e0   etext
00000000   hwi0
00000020   hwi1
00000140   hwi10
00000160   hwi11
00000180   hwi12
000001a0   hwi13
000001c0   hwi14
000001e0   hwi15
00000040   hwi2
00000060   hwi3
00000080   hwi4
000000a0   hwi5
000000c0   hwi6
000000e0   hwi7
00000100   hwi8
00000120   hwi9
000121ec   pinit


GLOBAL SYMBOLS: SORTED BY Symbol Address 

address    name
--------   ----
00000000   HST_DSM
00000000   HST_NONE
00000000   HWI_A_VECS
00000000   GIO$
00000000   HOOK$
00000000   HOOK_KNLID
00000000   MBX$
00000000   MEM_NULL
00000000   OBJ$
00000000   HWI_GENERATE_RESET_VEC
00000000   HWI_POLARITYMASK
00000000   HWI_RESET
00000000   GBL_L2CONFIGALLOC
00000000   GBL_L2MARMASK1
00000000   GBL_L2MARMASK2
00000000   GBL_BIGENDIAN
00000000   GBL_C641XL2PRIORITY
00000000   GBL_CACHE
00000000   GBL_L2PRIORITY
00000000   GBL_NULL
00000000   GBL_ROM
00000000   GBL_L2MARMASK3
00000000   GBL_L2MARMASK4
00000000   GBL_L2MARMASK5
00000000   _CLK_TDDR
00000000   _CLK_TIMERNUM
00000000   _GBL_CACHE
00000000   TSK_READYFXN
00000000   TSK_SWITCHFXN
00000000   UDEV$
00000000   ___edata__
00000000   edata
00000000   hwi0
00000000   _HWI_RESET
00000000   _RTDX_interrupt_mask
00000000   ___data__
00000000   PRD_A_TABEND
00000000   PRD_A_TABLEN
00000000   PRD_SWIHANDLE
00000000   PIP$
00000000   PIP_gNextId
00000000   PRD_A_TABBEG
00000000   SWI_EHOOKFXN
00000000   SWI_IHOOKFXN
00000000   TSK_NUM_HOOKS
00000000   RTDX_USERTEXECUTION
00000000   SEM$
00000000   SIO$
00000000   DPI$
00000000   CLK_TDDRHIGH
00000000   DIO$
00000000   CLK_COUNTSPMSHIGH
00000000   CLK_PRDHIGH
00000000   DHL_gChannelsAvailable
00000000   DEV$
00000000   CLK_TIMERNUM
00000000   DHL$
00000000   DGN$
00000000   CLK_TDDR
00000000   DIO_STATIC
00000000   .data
00000000   BUF$
00000000   DIO_NUMSWIBASE
00000000   DIO_NUMTSKBASE
00000001   SYS$
00000001   TSK$
00000001   ISRC$
00000001   IDL_USECLKIDLTIME
00000001   CLK$
00000001   IDL$
00000001   HWI_ZEROTAB
00000001   HWI_NMI
00000001   TSK_PRIORITY
00000001   HST_RTDX
00000001   HWI$
00000001   RTDX_USERTDX
00000001   STS$
00000001   PRD$
00000001   RTDX_NORMALIZED_HDR
00000001   _LOG_A_TABLEN
00000001   QUE$
00000001   RTDX$
00000001   SWI$
00000001   LOG_A_TABLEN
00000001   LOG$
00000001   LCK$
00000001   LOG_ENABLED
00000001   _HWI_NMI
00000001   SWI_A_TABLEN
00000001   MEM$
00000001   GBL$
00000001   GBL_L2MARMASK
00000001   GBL_L2CONFIGURE
00000001   BUF_ENABLED
00000001   GBL_CALLCSLCFGINIT
00000001   GBL_boot
00000001   CLK_USETIMER
00000001   HST$
00000001   _CLK_USETIMER
00000001   GBL_SUPPORTCSL
00000001   GBL_USERINIT
00000001   GBL_ENABLEINST
00000002   _RTDX_JTAGONLY
00000002   _HST_A_TABLEN
00000002   _PIP_A_TABLEN
00000002   PIP_gNumEmbed
00000002   PIP_A_TABLEN
00000002   _HWI_RESERVED0
00000002   HST_A_TABLEN
00000002   IDL_A_CALLEN
00000002   IDL_A_TABLEN
00000002   HWI_RESERVED0
00000002   MEM_gNumHeap
00000003   STS_A_TABLEN
00000003   _HWI_RESERVED1
00000003   _STS_A_TABLEN
00000003   HWI_RESERVED1
00000004   _HWI_INT4
00000004   HWI_INT4
00000005   _HWI_INT5
00000005   HWI_INT5
00000006   _HWI_INT6
00000006   HWI_INT6
00000007   GBL_L2MODE
00000007   _HWI_INT7
00000007   HWI_INT7
00000008   _HWI_INT8
00000008   CLK_A_TABLEN
00000008   HWI_INT8
00000009   _HWI_INT9
00000009   HWI_INT9
0000000a   HWI_INT10
0000000a   _HWI_INT10
0000000b   HWI_INT11
0000000b   _HWI_INT11
0000000c   _HWI_INT12
0000000c   HWI_INT12
0000000d   _HWI_INT13
0000000d   HWI_INT13
0000000e   HWI_INT14
0000000e   _HWI_INT14
0000000f   HWI_INT15
0000000f   _HWI_INT15
00000020   hwi1
00000020   CLK_TCR
00000040   hwi2
00000040   HST_MAXFRAMESET
00000040   LOG_system$size
00000042   GBL_FOOTPRINT
00000060   hwi3
00000080   hwi4
000000a0   hwi5
000000c0   hwi6
000000e0   hwi7
00000100   HST_MAXFRAMEALLOWED
00000100   hwi8
00000120   hwi9
00000140   hwi10
00000160   hwi11
00000180   hwi12
000001a0   hwi13
000001c0   hwi14
000001e0   hwi15
00000200   _IRAM_base
00000200   IRAM$B
00000400   HST_DSMMEMSIZE
00000400   TSK_STACKSIZE
00000400   __STACK_SIZE
00000408   RTDX_BUFMEMSIZE
00000490   GBL_A_VERSION
00002226   GBL_L2ALLOC
00004000   CLK_INTBIT
00004000   PRD_SCALAR
00008000   SDRAM$L
00008000   IRAM$L
00008000   _IRAM_length
00008000   _SDRAM_length
00008200   __SWI_lat3beg
00008200   SWI_F_enable
00008288   __SWI_lat3end
0000828c   SWI_F_post
00008394   __SWI_lat1beg
00008420   __SWI_lat1end1
00008424   SWI_F_exec
0000849c   SWI_F_iexec
0000849c   SWI_EXECFXN
000084dc   __SWI_lat1end2
00008580   __SWI_lat2beg
0000866c   __SWI_lat2end2
00008670   SWI_RUNFXN
00008670   SWI_F_run
000088e0   LNK_F_checkBufferCall
00008900   LNK_F_getChanPtr
0000894c   LNK_F_init
00008954   LNK_F_dataPump
00008960   LNK_rcloop
00008a10   LNK_rdrtry
00008a18   LNK_rrloop
00008ad0   LNK_wrrtry
00008ad8   LNK_wrloop
00008ba8   LNK_newin
00008cb8   LNK_newout
00008df8   LNK_F_readCallBack
00008e20   CLK_HOOKFXN
00008e20   HWI_F_dispatch
00008e20   __HWI_lat1beg
00008e20   _HWI_F_dispatch
00008fcc   __HWI_lat1end
00008fcc   __HWI_lat2beg
000090e8   __HWI_lat2end2
00009120   __HWI_lat3end2
0000915c   __HWI_lat2end1
000091a4   __HWI_lat3beg
0000924c   __HWI_lat3end1
00009260   PRD_F_swi
000094bc   PRD_F_tick
00009580   _KNL_run
00009820   _SEM_pendEnterKnl
00009ac0   RTA_F_getlog
00009b04   RTA_F_getsts
00009b4c   RTA_F_readblk
00009b6c   RTA_F_writeword
00009b78   RTA_F_resetmem
00009b78   __RTA_lat1beg
00009bb0   __RTA_lat1end
00009bb8   RTA_F_dispatch
00009bf8   RTA_execute
00009f78   _KNL_tick
00009f78   PRD_THOOKFXN
00009fa0   CLK_F_getfhtime
00009fc0   CLK_F_getshtime
00009fc0   CLK_TIMEFXN
00009fc0   CLK_F_gethtime
0000a034   CLK_F_getltime
0000a040   CLK_F_isr
0000a17c   CLK_F_itime
0000a17c   _CLK_F_itime
0000a17c   _CLK_itime
0000a190   __CLK_lat1beg
0000a1bc   __CLK_lat1end
0000a1c0   PIP_F_take
0000a254   PIP_F_give
0000a254   PIP_F_probe
0000a328   PIP_F_start
0000a3e0   __SEM_dopost
0000a5e0   _TSK_setup
0000a7e0   _TSK_exit
0000a9c0   _KNL_saveIsrFrame
0000aa8c   _KNL_switch
0000ab40   KNL_glue
0000ab80   __auto_init
0000ad54   _TSK_startup
0000ae40   _KNL_enter
0000aed0   _KNL_exit
0000af40   _GBL_cslCacheInit
0000b040   _KNL_check
0000b074   __KNL_lat1beg
0000b0f0   _KNL_idle
0000b0f0   __KNL_lat1end
0000b10c   _KNL_max
0000b140   IDL_F_calibrate
0000b240   _SEM_post
0000b320   _SEM_postEnterKnl
0000b400   _SYS_exit
0000b4c0   _KNL_post
0000b580   _MEM_init
0000b640   _LCK_post
0000b68c   _LCK_pend
0000b700   _CLK_start
0000b700   _CLK_start6x
0000b7a0   _KNL_ipost
0000b840   _ATM_andi
0000b840   _ATM_andu
0000b860   _ATM_clearu
0000b860   _ATM_cleari
0000b878   _ATM_decu
0000b878   _ATM_deci
0000b894   _ATM_incu
0000b894   _ATM_inci
0000b8b0   _ATM_oru
0000b8b0   _ATM_ori
0000b8cc   _ATM_seti
0000b8cc   _ATM_setu
0000b8e0   LOG_F_event
0000b8e0   __LOG_lat1beg
0000b8e0   _LOG_event
0000b924   __LOG_lat1end1
0000b950   __LOG_lat1end2
0000b960   IDL_F_busy
0000b960   __IDL_lat1beg
0000b9b0   __IDL_lat1end
0000b9e0   _GBL_cslInit
0000ba60   FXN_F_nop
0000ba68   FXN_F_run
0000ba68   _FXN_F_run
0000bab8   _FXN_F_zero
0000bab8   FXN_F_zero
0000bae0   _TSK_init
0000bb40   _QUE_get
0000bb40   __QUE_lat1beg
0000bb60   __QUE_lat1end
0000bb68   __QUE_lat2beg
0000bb68   _QUE_put
0000bb80   __QUE_lat2end
0000bba0   STS_F_delta
0000bba0   _STS_delta
0000bbb0   STS_F_add
0000bbb0   _STS_add
0000bbdc   _STS_reset
0000bbdc   STS_F_reset
0000bc00   _UTL_doPutc
0000bc00   SYS_PUTCFXN
0000bc60   _SEM_pend
0000bcc0   _TRC_disable
0000bce0   _TRC_enable
0000bcfc   _TRC_query
0000bd20   SYS_ABORTFXN
0000bd20   _UTL_doAbort
0000bd80   IDL_CALIBRFXN
0000bd80   IDL_F_stub
0000bdc0   RTA_F_andn
0000bde0   RTA_F_or
0000be00   _SWI_post
0000be40   GBL_F_version
0000be60   SYS_EXITFXN
0000be60   _UTL_halt
0000be80   _UTL_doError
0000be80   SYS_ERRORFXN
0000bea0   _STS_set
0000bec0   TSK_VEXITFXN
0000bec0   TSK_VDELETEFXN
0000bec0   TSK_VCREATEFXN
0000bec0   GIO_POSTFXN
0000bec0   GIO_DELETEFXN
0000bec0   GIO_CREATEFXN
0000bec0   _FXN_F_nop
0000bec0   GIO_PENDFXN
0000bee0   _IDL_loop
0000bee0   IDL_F_loop
0000bf00   ___text__
0000bf00   .text
0000bf4c   _DSK6713_init
0000c268   _DSK6713_rget
0000c27c   _DSK6713_rset
0000c290   _DSK6713_wait
0000c2e8   _DSK6713_waitusec
0000c314   _DSK6713_getVersion
0000c380   _DSK6713_AIC23_openCodec
0000c6a0   _SineGen
0000c790   _SineGenQ15
0000c84c   _BlockGen
0000c904   _DecBuffer
0000c920   _FIR_C
0000c944   _CopyBuffer
0000c980   _CACHE_setL2Mode
0000cc40   _CACHE_wait
0000ce80   _memcpy
0000d0c0   __CSL_init
0000d2e0   _wait500nS
0000d308   _GBL_setPLLto225MHz
0000d308   GBL_USERINITFXN
0000d680   _MCBSP_reset
0000d820   _CACHE_clean
0000d9a0   _XINT1_HWI
0000da54   _main
0000db00   _DSK6713_AIC23_rset
0000db9c   _DSK6713_AIC23_rget
0000dbba   _CLK_PRD
0000dbba   _CLK_COUNTSPMS
0000dbba   CLK_COUNTSPMS
0000dbba   CLK_PRD
0000dbc0   _DSK6713_AIC23_config
0000dbef   GBL_TRCMASKVALUE
0000dc60   _TIMER_open
0000dda0   _TIMER_reset
0000dec0   _MCBSP_start
0000dfc0   _MCBSP_open
0000e0c0   _CACHE_wbInvL1d
0000e1c0   _atexit
0000e2a0   __strasg
0000e380   __fixfi
0000e420   __IRQ_init
0000e4c0   _DSK6713_AIC23_write
0000e540   _DSK6713_DIP_init
0000e548   _DSK6713_DIP_get
0000e5c0   _TIMER_configArgs
0000e620   _IRQ_enable
0000e660   _TIMER_start
0000e6a0   __nop
0000e6c0   _IRQ_globalDisable
0000e6e0   __register_lock
0000e700   _CSL_cfgInit
0000e720   __subf
0000e740   _IRQ_globalEnable
0000e760   _IRQ_globalRestore
0000e780   __register_unlock
0000e7a0   __IRQ_hookFetchPacket
0000e7c0   __mpyf
0000e7e0   ___cinit__
0000e7e0   cinit
0000e7e0   etext
0000e7e0   ___etext__
0000f6c0   _RTDX_Init_RT_Monitor
0000f748   _RTDX_Final_RT_Monitor
0000f770   _RTDX_IsFlowEnabled
0000f784   _RTDX_Poll
0000fc38   _RTDX_Mon_Queue
0000fda0   _RTDX_Buffer_Initialize
000100a0   _RTDX_Buffer_Write
000102c8   _RTDX_Buffer_Read
00010320   _RTDX_Mask_IER
00010338   _RTDX_Set_IER
00010360   IDL_D_tabbeg
00010360   ___bss__
00010360   $bss
00010360   .bss
00010364   IDL_D_calibrate
00010368   IDL_D_calbeg
0001036c   LOG_D_system
0001036c   _LOG_D_system
00010370   PIP_D_tabbeg
00010374   PIP_D_tablen
00010378   CLK_R_time
0001037c   CLK_D_timefxn
00010380   CLK_D_tabbeg
00010384   CLK_D_isrhook
00010388   CLK_D_idletime
0001038c   SWI_D_curmask
0001038c   _SWI_D_curmask
00010390   SWI_D_curset
00010394   SWI_D_pending
00010398   _SWI_D_curfxn
00010398   SWI_D_curfxn
0001039c   SWI_D_curmbox
000103a0   _SWI_D_lock
000103a0   SWI_D_lock
000103a4   SWI_D_execaddr
000103a8   SWI_D_runaddr
000103ac   _SWI_D_rdybeg
000103ac   SWI_D_rdybeg
000103b0   SWI_D_ihook
000103b4   SWI_D_ehook
000103b8   SWI_D_rdytab
00010430   _PRD_D_tick
00010430   PRD_D_tick
00010434   PRD_D_cur
00010438   PRD_D_elapsed
0001043c   PRD_D_prevtim
00010440   PRD_D_scalar
00010444   PRD_D_swihandle
00010448   PRD_D_tabbeg
0001044c   PRD_D_tablen
00010450   PRD_D_thook
00010454   RTA_D_fromHost
00010458   RTA_D_toHost
0001045c   RTA_D_logval
0001046c   RTA_D_stsval
00010478   HST_D_chanmask
0001047c   _MEM_D_NUMSEGMENTS
00010480   _MEM_D_memtab
00010484   _MEM_D_freelist
00010488   _MEM_D_lockaddr
0001048c   _MEM_D_unlockaddr
00010490   _SYS
00010494   _HWI_dispatchTab
00010594   _KNL_queues
00010634   _KNL_dummy
0001066c   _KNL_swiptr
00010670   _KNL_idlefxn
00010674   _MEM_memtab
0001068c   __HOOK_knlId
00010690   _IRAM
00010690   RTDX_DATAMEMSEG
00010690   TSK_STACKSEG
00010690   IRAM
00010690   HST_DSMBUFSEG
00010690   MEM_SEGZERO
00010690   MEM_MALLOCSEG
00010694   SDRAM
00010694   _SDRAM
00010698   RTA_fromHost$pipe$dtab
000106a4   RTA_toHost$pipe$dtab
000106b0   _OBJ_table
00010708   _TSK
0001070c   __HOOK_NUMHOOKS
00010710   _KNL_wFlag
00010714   _KNL_wList
00010718   _KNL_alarm
0001071c   _KNL_setpri
00010720   _KNL_inactive
00010724   _KNL_priority
00010728   _KNL_set
0001072c   _KNL_curtask
00010730   _KNL_prevtask
00010734   _KNL_curtime
00010738   _KNL_curqueue
0001073c   _KNL_maxqueue
00010740   _KNL_tswitchfxn
00010744   _KNL_tcreatefxn
00010748   _KNL_tdeletefxn
0001074c   _KNL_treadyfxn
00010750   _TSK_ATTRS
0001076c   _TSK_timerSem
00010788   __TSK_mutex
000107ac   _SYS_exitStack
000107cc   LNK_dspFrameRequestMask
000107d0   LNK_dspFrameReadyMask
000107d4   LNK_readPend
000107d8   LNK_readDone
000107dc   LNK_readFail
000107e0   LNK_writeFail
000107fc   _GBL_irqEventTable
00010800   _GBL_irqIntTable
00010804   _SYS_exitStackPtr
00010808   _SYS_exitStackTop
0001080c   _TSK_nTasks
00010810   _TSK_pid
00010814   HWI_D_ccmask
00010818   _HWI_D_spsave
0001081c   _hAIC23
0001082c   IDL_D_busyObj
00010830   _GBL_cslTimerHandle
00010834   _MEM
00010838   ___end__
00010838   _RTDX_Buffer
00010838   end
00010c40   _RTDX_Buffer_Start
00010c44   _RTDX_Buffer_End
00010c48   _rtdx_buffer_state
00010c54   _RTDX_writing
00010c68   _rtdx_mon_state
00010c84   ___c_args__
00010c88   __stack
00010c88   _HWI_STKTOP
00010c88   GBL_stackbeg
00011080   _HWI_STKBOTTOM
00011087   GBL_stackend
00011088   TSK_idle$stack
00011420   TSK_idle$stkptr
00011488   _LOG_A_TABBEG
00011488   LOG_system
00011488   LOG_A_TABBEG
00011488   _LOG_system
000114a0   _LOG_A_TABEND
000114a0   LOG_A_TABEND
000114a0   _BIOS_init
000114a0   BIOS_init
0001162c   BIOS$$CLKON
0001165c   BIOS$$CLKOFF
000116bc   _BIOS_start
000116bc   BIOS_start
00011760   _c_int00
00011868   __IRQ_eventTable
000118ec   __IRQ_intTable
0001192c   __IRQ_dispatchTable
000119b8   __cleanup_ptr
000119bc   __dtors_ptr
000119f0   __MCBSP_hDev0
000119f4   __MCBSP_hDev1
000119f8   _confAIC23
00011a20   _IRQ_Config_XINT1
00011a80   __TIMER_deviceTable
00011a98   __TIMER_hDev0
00011a9c   __TIMER_hDev1
00011aa0   __TIMER_hBios
00011ab6   _DSK6713_version
00011ac4   _DSK6713_AIC23_codeccontrolhandle
00011ac8   _DSK6713_AIC23_codecdatahandle
00011acc   __lock
00011ad0   __unlock
00011ad8   _SYS_PUTCBEG
00011cd7   _SYS_PUTCEND
00011cd8   RTA_toHost$buf
00011e00   LOG_system$buf
00011f00   _PIP_A_TABBEG
00011f00   RTA_fromHost$pipe
00011f00   PIP_A_TABBEG
00011f04   RTA_fromHost$pipe$rd
00011f30   RTA_fromHost$pipe$aaa
00011f34   RTA_fromHost$pipe$wr
00011f60   RTA_fromHost$pipe$bbb
00011f64   RTA_toHost$pipe
00011f68   RTA_toHost$pipe$rd
00011f94   RTA_toHost$pipe$aaa
00011f98   RTA_toHost$pipe$wr
00011fc4   RTA_toHost$pipe$bbb
00011fc8   PIP_A_TABEND
00011fc8   _PIP_A_TABEND
0001209c   TSK_idle
0001209c   _TSK_idle
000120f0   KNL_swi$sts$stsobj
000120f0   STS_A_TABBEG
000120f0   _STS_A_TABBEG
000120f4   KNL_swi$sts
00012100   TSK_idle$sts$stsobj
00012104   TSK_idle$sts
00012110   IDL_busyObj$stsobj
00012114   _IDL_busyObj
00012114   IDL_busyObj
00012120   _KNL_swi
00012120   KNL_swi
00012120   SWI_A_TABBEG
00012120   _STS_A_TABEND
00012120   STS_A_TABEND
0001214c   SWI_A_TABEND
0001214c   _HST_A_TABBEG
0001214c   HST_A_TABBEG
00012150   _RTA_fromHost
00012150   RTA_fromHost
00012158   RTA_fromHost$rtdx
00012164   RTA_toHost
00012164   _RTA_toHost
0001216c   RTA_toHost$rtdx
00012178   HST_A_TABEND
00012178   _HST_A_TABEND
000121a0   _LNK_dataPump
000121a0   LNK_dataPump
000121a0   IDL_A_TABBEG
000121a4   RTA_dispatcher
000121a4   _RTA_dispatcher
000121a8   IDL_cpuLoad
000121a8   _IDL_cpuLoad
000121ac   IDL_END
000121b0   IDL_A_CALBEG
000121b0   IDL_A_TABEND
000121b0   LNK_dataPump$
000121b4   RTA_dispatcher$
000121b8   IDL_cpuLoad$
000121bc   IDL_END$
000121c0   IDL_A_CALEND
000121c0   RTA_fromHost$buf
000121d0   SYS$config
000121e0   TRC_cinit
000121e4   TRC_R_mask
000121e4   _TRC_R_mask
000121e8   GBL_initdone
000121ec   ___pinit__
000121ec   pinit
000121f8   CLK_A_TABBEG
000121f8   PRD_clock
000121f8   _PRD_clock
000121fc   CLK_null
00012200   CLK_A_TABEND
01940000   _CLK_REGS
01940000   CLK_REGS
082039a3   HWI_INTRMULTHIGH
310718a4   HWI_INTRMULTLOW
80000000   SDRAM$B
80000000   _SDRAM_base
ffffffff   ___binit__
ffffffff   binit
ffffffff   CACHE_L2
ffffffff   _CACHE_L2

[653 symbols]
