******************************************************************************
          TMS320C6x COFF Linker PC v5.1.0                      
******************************************************************************
>> Linked Tue Nov 04 15:44:17 2014

OUTPUT FILE NAME:   <./Debug/ex4.out>
ENTRY POINT SYMBOL: "_c_int00"  address: 000112c0


SECTION ALLOCATION MAP

 output                                  attributes/
section   page    origin      length       input sections
--------  ----  ----------  ----------   ----------------
.prd       0    00000000    00000000     UNINITIALIZED

.sysdata   0    00000000    00000000     UNINITIALIZED

.sysregs   0    00000000    00000000     UNINITIALIZED

.data      0    00000000    00000000     UNINITIALIZED

.cio       0    00000000    00000000     UNINITIALIZED

frt        0    00000000    00000000     UNINITIALIZED

.dsm       0    00000000    00000000     UNINITIALIZED

.hwi       0    00000000    00000000     UNINITIALIZED

.gio       0    00000000    00000000     UNINITIALIZED

.hwi_vec   0    00000000    00000200     
                  00000000    00000200     ex4cfg.obj (.hwi_vec)

.IRAM$heap 
*          0    00000200    00008000     UNINITIALIZED

.bios      0    00008200    00003c40     
                  00008200    000006e0     biosi.a62 : swi.o62 (.bios)
                  000088e0    00000540     lnkrtdx.a62 : rtdx.o62 (.bios)
                  00008e20    00000440     biosi.a62 : hwi_disp_asm.o6 (.bios)
                  00009260    00000320               : prd.o62 (.bios)
                  00009580    000002a0               : sem_pend_inst.o (.bios)
                  00009820    000002a0               : knl_run_inst.o6 (.bios)
                  00009ac0    00000280               : rta.o62 (.bios)
                  00009d40    00000260               : knl_tick_inst.o (.bios)
                  00009fa0    00000220               : pip.o62 (.bios)
                  0000a1c0    00000220               : clk.o62 (.bios)
                  0000a3e0    00000200               : sem_dopo_inst.o (.bios)
                  0000a5e0    00000200               : tsk_setu_inst.o (.bios)
                  0000a7e0    000001e0               : tsk_exit_inst.o (.bios)
                  0000a9c0    000001c0               : knl_swit_inst.o (.bios)
                  0000ab80    000001a0               : autoinit.o62 (.bios)
                  0000ad20    00000120               : tsk_stup_inst.o (.bios)
                  0000ae40    00000100               : knl_exit_inst.o (.bios)
                  0000af40    00000100               : idl_cal.o62 (.bios)
                  0000b040    00000100               : knl_chec_inst.o (.bios)
                  0000b140    000000e0               : sem_post_asm_in (.bios)
                  0000b220    000000e0               : sem_post_inst.o (.bios)
                  0000b300    000000c0               : mem_init_inst.o (.bios:.near)
                  0000b3c0    000000c0               : knl_post_inst.o (.bios)
                  0000b480    000000c0               : sys_exit_inst.o (.bios)
                  0000b540    000000c0               : lck_inst.o62 (.bios)
                  0000b600    000000a0               : atm_inst.o62 (.bios)
                  0000b6a0    000000a0               : knl_ipos_inst.o (.bios)
                  0000b740    000000a0               : clk_start6x.o62 (.bios)
                  0000b7e0    00000080               : idl_busy.o62 (.bios)
                  0000b860    00000080               : gbl_cslinit62.o (.bios)
                  0000b8e0    00000080               : log.o62 (.bios)
                  0000b960    00000080               : fxn.o62 (.bios)
                  0000b9e0    00000060               : utl_putc_inst.o (.bios)
                  0000ba40    00000060               : sts.o62 (.bios)
                  0000baa0    00000060               : tsk_init_inst.o (.bios)
                  0000bb00    00000060               : trc_c.o62 (.bios)
                  0000bb60    00000060               : que_get_inst.o6 (.bios)
                  0000bbc0    00000060               : sem_pend_asm_in (.bios)
                  0000bc20    00000060               : utl_doab_inst.o (.bios)
                  0000bc80    00000040               : clk_gethtime.o6 (.bios)
                  0000bcc0    00000040               : rta_andn.o62 (.bios)
                  0000bd00    00000040               : swi_post.o62 (.bios)
                  0000bd40    00000040               : idl_stub_inst.o (.bios)
                  0000bd80    00000020               : gbl_vers.o62 (.bios)
                  0000bda0    00000020               : utl_doer_inst.o (.bios)
                  0000bdc0    00000020               : utl_halt_inst.o (.bios)
                  0000bde0    00000020               : idl.o62 (.bios)
                  0000be00    00000020               : sts_set.o62 (.bios)
                  0000be20    00000020               : fxn_c.o62 (.bios)

.text      0    0000be40    000024a0     
                  0000be40    00000520     ex4.obj (.text)
                  0000c360    00000480     dsk6713bsl.lib : dsk6713.obj (.text)
                  0000c7e0    00000420     USL.obj (.text)
                  0000cc00    00000320     dsk6713bsl.lib : dsk6713_aic23_opencodec.obj (.text)
                  0000cf20    00000240     rts6700.lib : memcpy62.obj (.text:_memcpy)
                  0000d160    00000220     csl6713.lib : csl.obj (.text:__CSL_init)
                  0000d380    000001c0                 : csl_irq.obj (.text:_mux2Tables)
                  0000d540    000001a0                 : csl_mcbsp.obj (.text:_MCBSP_reset)
                  0000d6e0    00000160     dsk6713bsl.lib : dsk6713_aic23_registers.obj (.text)
                  0000d840    00000140     csl6713.lib : csl_timer.obj (.text:_TIMER_open)
                  0000d980    00000120                 : csl_timer.obj (.text:_TIMER_reset)
                  0000daa0    00000100                 : csl_mcbsp.obj (.text:_MCBSP_open)
                  0000dba0    00000100                 : csl_mcbsp.obj (.text:_MCBSP_start)
                  0000dca0    000000e0     rts6700.lib : exit.obj (.text:_atexit)
                  0000dd80    000000e0                 : strasg.obj (.text:__strasg)
                  0000de60    000000a0     csl6713.lib : csl_irq.obj (.text:__IRQ_init)
                  0000df00    00000080     dsk6713bsl.lib : dsk6713_aic23_write.obj (.text)
                  0000df80    00000080                    : dsk6713_dip.obj (.text)
                  0000e000    00000060     FIR_sa.obj (.text)
                  0000e060    00000060     dsk6713bsl.lib : dsk6713_aic23_read.obj (.text)
                  0000e0c0    00000060     csl6713.lib : csl_timer.obj (.text:_TIMER_configArgs)
                  0000e120    00000060     FIR_asm.obj (.text)
                  0000e180    00000040     csl6713.lib : csl_timer.obj (.text:_TIMER_start)
                  0000e1c0    00000040                 : csl_irq.obj (.text:_IRQ_enable)
                  0000e200    00000020     rts6700.lib : _lock.obj (.text:__nop)
                  0000e220    00000020                 : _lock.obj (.text:__register_lock)
                  0000e240    00000020                 : _lock.obj (.text:__register_unlock)
                  0000e260    00000020     FIR_asmPipe.obj (.text)
                  0000e280    00000020     csl6713.lib : csl_irq.obj (.text)
                  0000e2a0    00000020     ex4cfg_c.obj (.text:CSL_cfgInit)
                  0000e2c0    00000020     csl6713.lib : csl_irq.obj (.text:_IRQ_globalEnable)

.cinit     0    0000e2e0    00000f54     
                  0000e2e0    00000644     ex4cfg.obj (.cinit)
                  0000e924    00000004     --HOLE-- [fill = 0]
                  0000e928    000002dc     biosi.a62 : biosdata.o62 (.cinit)
                  0000ec04    00000004     --HOLE-- [fill = 0]
                  0000ec08    0000012c     csl6713.lib : csl_irq.obj (.cinit)
                  0000ed34    00000004     --HOLE-- [fill = 0]
                  0000ed38    000000a8     biosi.a62 : knl_inst.o62 (.cinit)
                  0000ede0    0000005c     lnkrtdx.a62 : rtdx.o62 (.cinit)
                  0000ee3c    00000004     --HOLE-- [fill = 0]
                  0000ee40    00000054     csl6713.lib : csl_mcbsp.obj (.cinit)
                  0000ee94    00000004     --HOLE-- [fill = 0]
                  0000ee98    0000004c     biosi.a62 : tsk_inst.o62 (.cinit)
                  0000eee4    00000004     --HOLE-- [fill = 0]
                  0000eee8    0000004c     csl6713.lib : csl_timer.obj (.cinit)
                  0000ef34    00000004     --HOLE-- [fill = 0]
                  0000ef38    0000004c     biosi.a62 : rta.o62 (.cinit)
                  0000ef84    00000004     --HOLE-- [fill = 0]
                  0000ef88    00000049     ex4.obj (.cinit)
                  0000efd1    00000007     --HOLE-- [fill = 0]
                  0000efd8    00000048     biosi.a62 : knl_inst.o62 (.cinit:c)
                  0000f020    00000042     USL.obj (.cinit)
                  0000f062    00000006     --HOLE-- [fill = 0]
                  0000f068    0000003c     csl6713.lib : csl.obj (.cinit)
                  0000f0a4    00000004     --HOLE-- [fill = 0]
                  0000f0a8    00000030     dsk6713bsl.lib : dsk6713_aic23_registers.obj (.cinit)
                  0000f0d8    0000002c     biosi.a62 : tsk_stup_inst.o (.cinit)
                  0000f104    00000004     --HOLE-- [fill = 0]
                  0000f108    0000002c               : utl_putc_inst.o (.cinit)
                  0000f134    00000004     --HOLE-- [fill = 0]
                  0000f138    0000002c     rts6700.lib : exit.obj (.cinit)
                  0000f164    00000004     --HOLE-- [fill = 0]
                  0000f168    0000001c                 : _lock.obj (.cinit)
                  0000f184    00000004     --HOLE-- [fill = 0]
                  0000f188    0000001c     biosi.a62 : hwi.o62 (.cinit)
                  0000f1a4    00000004     --HOLE-- [fill = 0]
                  0000f1a8    00000018               : knl_tick_inst.o (.cinit)
                  0000f1c0    00000010               : clk_start6x.o62 (.cinit)
                  0000f1d0    00000010               : gbl.o62 (.cinit:c)
                  0000f1e0    00000010               : tsk_inst.o62 (.cinit:c)
                  0000f1f0    00000010               : sys_inst.o62 (.cinit:c)
                  0000f200    0000000c               : idl_busy.o62 (.cinit)
                  0000f20c    00000004     --HOLE-- [fill = 0]
                  0000f210    0000000c               : knl_swit_inst.o (.cinit)
                  0000f21c    00000004     --HOLE-- [fill = 0]
                  0000f220    0000000c     rtdx.lib : buffer1.o62 (.cinit)
                  0000f22c    00000008     --HOLE-- [fill = 0]

.trcdata   0    0000f234    0000000c     
                  0000f234    0000000c     ex4cfg.obj (.trcdata)

.rtdx_text 
*          0    0000f240    00000cc0     
                  0000f240    00000700     rtdx.lib : rtdx_mon.o62 (.rtdx_text)
                  0000f940    00000580              : buffer1.o62 (.rtdx_text)
                  0000fec0    00000040              : intr_tgt.o62 (.rtdx_text)

.bss       0    0000ff00    000004d8     UNINITIALIZED
                  0000ff00    00000134     biosi.a62 : biosdata.o62 (.bss)
                  00010034    00000100               : hwi_disp_asm.o6 (.bss)
                  00010134    000000e0               : knl_inst.o62 (.bss)
                  00010214    0000008c     ex4cfg.obj (.bss)
                  000102a0    00000040     biosi.a62 : knl_inst.o62 (.bss:c)
                  000102e0    00000038               : tsk_inst.o62 (.bss)
                  00010318    00000024               : tsk_stup_inst.o (.bss)
                  0001033c    00000020               : sys_inst.o62 (.bss)
                  0001035c    00000018     lnkrtdx.a62 : rtdx.o62 (.bss)
                  00010374    00000016     ex4.obj (.bss)
                  0001038c    00000010     biosi.a62 : knl_tick_inst.o (.bss)
                  0001039c    00000008               : gbl.o62 (.bss:c)
                  000103a4    00000008               : hwi.o62 (.bss)
                  000103ac    00000008               : tsk_inst.o62 (.bss:c)
                  000103b4    00000008               : sys_inst.o62 (.bss:c)
                  000103bc    00000008               : clk_start6x.o62 (.bss)
                  000103c4    00000006     USL.obj (.bss)
                  000103cc    00000004     biosi.a62 : gbl_cslinit62.o (.bss)
                  000103d0    00000004               : mem_asm.o62 (.bss)
                  000103d4    00000004               : idl_busy.o62 (.bss)

.rtdx_data 
*          0    000103d8    0000044c     UNINITIALIZED
                  000103d8    00000410     ex4cfg.obj (.rtdx_data)
                  000107e8    00000020     rtdx.lib : buffer1.o62 (.rtdx_data)
                  00010808    0000001c              : rtdx_mon.o62 (.rtdx_data)

.mem       0    00010824    00000004     UNINITIALIZED
                  00010824    00000004     ex4cfg.obj (.mem)

.stack     0    00010828    00000400     
                  00010828    00000400     --HOLE-- [fill = 00c0ffee]

.TSK_idle$stk 
*          0    00010c28    00000400     UNINITIALIZED
                  00010c28    00000400     ex4cfg.obj (.TSK_idle$stk)

.log       0    00011028    00000018     
                  00011028    00000018     ex4cfg.obj (.log)

.sysinit   0    00011040    00000360     
                  00011040    00000280     ex4cfg.obj (.sysinit)
                  000112c0    000000e0     biosi.a62 : boot.o62 (.sysinit)

.far       0    000113a0    000002c4     UNINITIALIZED
                  000113a0    000000f4     csl6713.lib : csl_irq.obj (.far)
                  00011494    0000008c     rts6700.lib : exit.obj (.far)
                  00011520    00000068     ex4.obj (.far)
                  00011588    00000038     csl6713.lib : csl_mcbsp.obj (.far)
                  000115c0    00000028     dsk6713bsl.lib : dsk6713_aic23_registers.obj (.far)
                  000115e8    00000028     csl6713.lib : csl.obj (.far)
                  00011610    00000024                 : csl_timer.obj (.far)
                  00011634    00000012     USL.obj (.far)
                  00011646    00000002     dsk6713bsl.lib : dsk6713.obj (.far)
                  00011648    0000000c     biosi.a62 : utl_putc_inst.o (.far)
                  00011654    00000008     dsk6713bsl.lib : dsk6713_aic23_opencodec.obj (.far)
                  0001165c    00000008     rts6700.lib : _lock.obj (.far)

.trace     0    00011664    00000200     
                  00011664    00000200     --HOLE-- [fill = 00000000]

.hst0      0    00011864    00000100     UNINITIALIZED
                  00011864    00000100     ex4cfg.obj (.hst0)

.sts       0    00011964    00000080     
                  00011964    00000080     ex4cfg.obj (.sts)

.hst1      0    000119e4    00000010     UNINITIALIZED
                  000119e4    00000010     ex4cfg.obj (.hst1)

.pinit     0    000119f4    0000000c     
                  000119f4    00000004     rtdx.lib : rtdx_mon.o62 (.pinit)
                  000119f8    00000004              : buffer1.o62 (.pinit)
                  000119fc    00000004     --HOLE-- [fill = 0]

.LOG_system$buf 
*          0    00011a00    00000100     
                  00011a00    00000100     ex4cfg.obj (.LOG_system$buf) [fill = ffffffff]

.pip       0    00011b00    000000c8     UNINITIALIZED
                  00011b00    000000c8     ex4cfg.obj (.pip)

.const     0    00011bc8    000000c6     
                  00011bc8    00000040     dsk6713bsl.lib : dsk6713_aic23_opencodec.obj (.const)
                  00011c08    00000020                    : dsk6713.obj (.const)
                  00011c28    00000020     ex4.obj (.const)
                  00011c48    00000023     biosi.a62 : utl_doab_inst.o (.const)
                  00011c6b    00000022               : utl_doer_inst.o (.const)
                  00011c8d    00000001               : tsk_inst.o62 (.const)

.tsk       0    00011c90    00000060     UNINITIALIZED
                  00011c90    00000060     ex4cfg.obj (.tsk)

.swi       0    00011cf0    00000058     UNINITIALIZED
                  00011cf0    00000058     ex4cfg.obj (.swi)

.hst       0    00011d48    0000002c     UNINITIALIZED
                  00011d48    0000002c     ex4cfg.obj (.hst)

.gblinit   0    00011d74    00000028     
                  00011d74    00000028     ex4cfg.obj (.gblinit)

.switch    0    00011d9c    00000028     
                  00011d9c    00000028     rtdx.lib : rtdx_mon.o62 (.switch)

.idl       0    00011dc4    00000020     UNINITIALIZED
                  00011dc4    00000010     ex4cfg.obj (.idl)
                  00011dd4    00000010     ex4cfg.obj (.idlcal)

.sys       0    00011de4    00000010     UNINITIALIZED
                  00011de4    00000010     ex4cfg.obj (.sys)

.clk       0    00011df4    00000008     UNINITIALIZED
                  00011df4    00000008     ex4cfg.obj (.clk)

.args      0    00011dfc    00000004     
                  00011dfc    00000004     --HOLE-- [fill = 00000000]


GLOBAL SYMBOLS: SORTED ALPHABETICALLY BY Name 

address    name
--------   ----
0000ff00   $bss
0000ff00   .bss
00000000   .data
0000be40   .text
000111bc   BIOS$$CLKOFF
0001118c   BIOS$$CLKON
00011040   BIOS_init
0001121c   BIOS_start
00000000   BUF$
00000001   BUF_ENABLED
00000001   CLK$
00011df4   CLK_A_TABBEG
00011dfc   CLK_A_TABEND
00000008   CLK_A_TABLEN
000030d4   CLK_COUNTSPMS
00000000   CLK_COUNTSPMSHIGH
0000ff28   CLK_D_idletime
0000ff24   CLK_D_isrhook
0000ff20   CLK_D_tabbeg
0000ff1c   CLK_D_timefxn
0000a1c0   CLK_F_getfhtime
0000a1e0   CLK_F_gethtime
0000a254   CLK_F_getltime
0000a1e0   CLK_F_getshtime
0000a260   CLK_F_isr
0000a39c   CLK_F_itime
00008e20   CLK_HOOKFXN
00004000   CLK_INTBIT
000030d4   CLK_PRD
00000000   CLK_PRDHIGH
01940000   CLK_REGS
0000ff18   CLK_R_time
00000020   CLK_TCR
00000000   CLK_TDDR
00000000   CLK_TDDRHIGH
0000a1e0   CLK_TIMEFXN
00000000   CLK_TIMERNUM
00000001   CLK_USETIMER
00011df8   CLK_null
00000000   DEV$
00000000   DGN$
00000000   DHL$
00000000   DHL_gChannelsAvailable
00000000   DIO$
00000000   DIO_NUMSWIBASE
00000000   DIO_NUMTSKBASE
00000000   DIO_STATIC
00000000   DPI$
0000b960   FXN_F_nop
0000b968   FXN_F_run
0000b9b8   FXN_F_zero
00000001   GBL$
00000490   GBL_A_VERSION
00000000   GBL_BIGENDIAN
00000000   GBL_C641XL2PRIORITY
00000000   GBL_CACHE
00000001   GBL_CALLCSLCFGINIT
00000001   GBL_ENABLEINST
00000042   GBL_FOOTPRINT
0000bd80   GBL_F_version
00002226   GBL_L2ALLOC
00000000   GBL_L2CONFIGALLOC
00000000   GBL_L2CONFIGURE
00000001   GBL_L2MARMASK
00000000   GBL_L2MARMASK1
00000000   GBL_L2MARMASK2
00000000   GBL_L2MARMASK3
00000000   GBL_L2MARMASK4
00000000   GBL_L2MARMASK5
00000000   GBL_L2MODE
00000000   GBL_L2PRIORITY
00000000   GBL_NULL
00000000   GBL_ROM
00000001   GBL_SUPPORTCSL
0000dbef   GBL_TRCMASKVALUE
00000000   GBL_USERINIT
0000be20   GBL_USERINITFXN
00000001   GBL_boot
0000f23c   GBL_initdone
00010828   GBL_stackbeg
00010c27   GBL_stackend
00000000   GIO$
0000be20   GIO_CREATEFXN
0000be20   GIO_DELETEFXN
0000be20   GIO_PENDFXN
0000be20   GIO_POSTFXN
00000000   HOOK$
00000000   HOOK_KNLID
00000001   HST$
00011d48   HST_A_TABBEG
00011d74   HST_A_TABEND
00000002   HST_A_TABLEN
00000000   HST_DSM
00010224   HST_DSMBUFSEG
00000400   HST_DSMMEMSIZE
00010018   HST_D_chanmask
00000100   HST_MAXFRAMEALLOWED
00000040   HST_MAXFRAMESET
00000000   HST_NONE
00000001   HST_RTDX
00000001   HWI$
00000000   HWI_A_VECS
000103a4   HWI_D_ccmask
00008e20   HWI_F_dispatch
00000000   HWI_GENERATE_RESET_VEC
0000000a   HWI_INT10
0000000b   HWI_INT11
0000000c   HWI_INT12
0000000d   HWI_INT13
0000000e   HWI_INT14
0000000f   HWI_INT15
00000004   HWI_INT4
00000005   HWI_INT5
00000006   HWI_INT6
00000007   HWI_INT7
00000008   HWI_INT8
00000009   HWI_INT9
082f39a3   HWI_INTRMULTHIGH
310718a4   HWI_INTRMULTLOW
00000001   HWI_NMI
00000000   HWI_POLARITYMASK
00000002   HWI_RESERVED0
00000003   HWI_RESERVED1
00000000   HWI_RESET
00000001   HWI_ZEROTAB
00000001   IDL$
00011dd4   IDL_A_CALBEG
00011de4   IDL_A_CALEND
00000002   IDL_A_CALLEN
00011dc4   IDL_A_TABBEG
00011dd4   IDL_A_TABEND
00000002   IDL_A_TABLEN
0000bd40   IDL_CALIBRFXN
000103d4   IDL_D_busyObj
0000ff08   IDL_D_calbeg
0000ff04   IDL_D_calibrate
0000ff00   IDL_D_tabbeg
00011dd0   IDL_END
00011de0   IDL_END$
0000b7e0   IDL_F_busy
0000af40   IDL_F_calibrate
0000bde0   IDL_F_loop
0000bd40   IDL_F_stub
00000001   IDL_USECLKIDLTIME
00011998   IDL_busyObj
00011994   IDL_busyObj$stsobj
00011dcc   IDL_cpuLoad
00011ddc   IDL_cpuLoad$
00010224   IRAM
00000200   IRAM$B
00008000   IRAM$L
00000001   ISRC$
0000ab40   KNL_glue
00011cf0   KNL_swi
00011968   KNL_swi$sts
00011964   KNL_swi$sts$stsobj
00000001   LCK$
000088e0   LNK_F_checkBufferCall
00008954   LNK_F_dataPump
00008900   LNK_F_getChanPtr
0000894c   LNK_F_init
00008df8   LNK_F_readCallBack
00011dc4   LNK_dataPump
00011dd4   LNK_dataPump$
00010360   LNK_dspFrameReadyMask
0001035c   LNK_dspFrameRequestMask
00008ba8   LNK_newin
00008cb8   LNK_newout
00008960   LNK_rcloop
00008a10   LNK_rdrtry
00010368   LNK_readDone
0001036c   LNK_readFail
00010364   LNK_readPend
00008a18   LNK_rrloop
00010370   LNK_writeFail
00008ad8   LNK_wrloop
00008ad0   LNK_wrrtry
00000001   LOG$
00011028   LOG_A_TABBEG
00011040   LOG_A_TABEND
00000001   LOG_A_TABLEN
0000ff0c   LOG_D_system
00000001   LOG_ENABLED
0000b8e0   LOG_F_event
00011028   LOG_system
00011a00   LOG_system$buf
00000040   LOG_system$size
00000000   MBX$
00000001   MEM$
00010224   MEM_MALLOCSEG
00000000   MEM_NULL
00010224   MEM_SEGZERO
00000001   MEM_gNumHeap
00000000   OBJ$
00000000   PIP$
00011b00   PIP_A_TABBEG
00011bc8   PIP_A_TABEND
00000002   PIP_A_TABLEN
0000ff10   PIP_D_tabbeg
0000ff14   PIP_D_tablen
0000a034   PIP_F_give
0000a034   PIP_F_probe
0000a108   PIP_F_start
00009fa0   PIP_F_take
00000000   PIP_gNextId
00000002   PIP_gNumEmbed
00000001   PRD$
00000000   PRD_A_TABBEG
00000000   PRD_A_TABEND
00000000   PRD_A_TABLEN
0000ffd4   PRD_D_cur
0000ffd8   PRD_D_elapsed
0000ffdc   PRD_D_prevtim
0000ffe0   PRD_D_scalar
0000ffe4   PRD_D_swihandle
0000ffe8   PRD_D_tabbeg
0000ffec   PRD_D_tablen
0000fff0   PRD_D_thook
0000ffd0   PRD_D_tick
00009260   PRD_F_swi
000094bc   PRD_F_tick
00004000   PRD_SCALAR
00000000   PRD_SWIHANDLE
00009f78   PRD_THOOKFXN
00011df4   PRD_clock
00000001   QUE$
0000fff4   RTA_D_fromHost
0000fffc   RTA_D_logval
0001000c   RTA_D_stsval
0000fff8   RTA_D_toHost
0000bcc0   RTA_F_andn
00009bb8   RTA_F_dispatch
00009ac0   RTA_F_getlog
00009b04   RTA_F_getsts
0000bce0   RTA_F_or
00009b4c   RTA_F_readblk
00009b78   RTA_F_resetmem
00009b6c   RTA_F_writeword
00011dc8   RTA_dispatcher
00011dd8   RTA_dispatcher$
00009bf8   RTA_execute
00011d4c   RTA_fromHost
000119e4   RTA_fromHost$buf
00011b00   RTA_fromHost$pipe
00011b30   RTA_fromHost$pipe$aaa
00011b60   RTA_fromHost$pipe$bbb
00010228   RTA_fromHost$pipe$dtab
00011b04   RTA_fromHost$pipe$rd
00011b34   RTA_fromHost$pipe$wr
00011d54   RTA_fromHost$rtdx
00011d60   RTA_toHost
00011864   RTA_toHost$buf
00011b64   RTA_toHost$pipe
00011b94   RTA_toHost$pipe$aaa
00011bc4   RTA_toHost$pipe$bbb
00010234   RTA_toHost$pipe$dtab
00011b68   RTA_toHost$pipe$rd
00011b98   RTA_toHost$pipe$wr
00011d68   RTA_toHost$rtdx
00000001   RTDX$
00000408   RTDX_BUFMEMSIZE
00010224   RTDX_DATAMEMSEG
00000001   RTDX_NORMALIZED_HDR
00000001   RTDX_USERTDX
00000000   RTDX_USERTEXECUTION
00000000   SEM$
00000000   SIO$
00000001   STS$
00011964   STS_A_TABBEG
000119e4   STS_A_TABEND
00000008   STS_A_TABLEN
000119a8   STS_C
000119a4   STS_C$stsobj
0000ba50   STS_F_add
0000ba40   STS_F_delta
0000ba7c   STS_F_reset
000119b8   STS_asm
000119b4   STS_asm$stsobj
000119d8   STS_asmPipe
000119d4   STS_asmPipe$stsobj
000119c8   STS_sa
000119c4   STS_sa$stsobj
00000001   SWI$
00011cf0   SWI_A_TABBEG
00011d48   SWI_A_TABEND
00000002   SWI_A_TABLEN
0000ff38   SWI_D_curfxn
0000ff2c   SWI_D_curmask
0000ff3c   SWI_D_curmbox
0000ff30   SWI_D_curset
0000ff54   SWI_D_ehook
0000ff44   SWI_D_execaddr
0000ff50   SWI_D_ihook
0000ff40   SWI_D_lock
0000ff34   SWI_D_pending
0000ff4c   SWI_D_rdybeg
0000ff58   SWI_D_rdytab
0000ff48   SWI_D_runaddr
00000000   SWI_EHOOKFXN
0000849c   SWI_EXECFXN
00008200   SWI_F_enable
00008424   SWI_F_exec
0000849c   SWI_F_iexec
0000828c   SWI_F_post
00008670   SWI_F_run
00000000   SWI_IHOOKFXN
00008670   SWI_RUNFXN
00011d1c   SWI_ex4
00011978   SWI_ex4$sts
00011974   SWI_ex4$sts$stsobj
00000001   SYS$
00011de4   SYS$config
0000bc20   SYS_ABORTFXN
0000bda0   SYS_ERRORFXN
0000bdc0   SYS_EXITFXN
0000b9e0   SYS_PUTCFXN
0000f238   TRC_R_mask
0000f234   TRC_cinit
00000001   TSK$
00000000   TSK_NUM_HOOKS
00000001   TSK_PRIORITY
00000000   TSK_READYFXN
00010224   TSK_STACKSEG
00000400   TSK_STACKSIZE
00000000   TSK_SWITCHFXN
0000be20   TSK_VCREATEFXN
0000be20   TSK_VDELETEFXN
0000be20   TSK_VEXITFXN
00011c9c   TSK_idle
00010c28   TSK_idle$stack
00010fc0   TSK_idle$stkptr
00011988   TSK_idle$sts
00011984   TSK_idle$sts$stsobj
00000000   UDEV$
0000b600   _ATM_andi
0000b600   _ATM_andu
0000b620   _ATM_cleari
0000b620   _ATM_clearu
0000b638   _ATM_deci
0000b638   _ATM_decu
0000b654   _ATM_inci
0000b654   _ATM_incu
0000b670   _ATM_ori
0000b670   _ATM_oru
0000b68c   _ATM_seti
0000b68c   _ATM_setu
0000bf50   _AlgoFIR_SWI
00011040   _BIOS_init
0001121c   _BIOS_start
0000c964   _BlockGen
000030d4   _CLK_COUNTSPMS
0000a39c   _CLK_F_itime
000030d4   _CLK_PRD
01940000   _CLK_REGS
00000000   _CLK_TDDR
00000000   _CLK_TIMERNUM
00000001   _CLK_USETIMER
0000bc80   _CLK_gethtime
0000a39c   _CLK_itime
0000b740   _CLK_start
0000b740   _CLK_start6x
0000e2a0   _CSL_cfgInit
0000cb54   _CopyBuffer
00011654   _DSK6713_AIC23_codeccontrolhandle
00011658   _DSK6713_AIC23_codecdatahandle
0000d7a0   _DSK6713_AIC23_config
0000cc00   _DSK6713_AIC23_openCodec
0000e060   _DSK6713_AIC23_read
0000d77c   _DSK6713_AIC23_rget
0000d6e0   _DSK6713_AIC23_rset
0000df00   _DSK6713_AIC23_write
0000df88   _DSK6713_DIP_get
0000df80   _DSK6713_DIP_init
0000c774   _DSK6713_getVersion
0000c3ac   _DSK6713_init
0000c6c8   _DSK6713_rget
0000c6dc   _DSK6713_rset
00011646   _DSK6713_version
0000c6f0   _DSK6713_wait
0000c748   _DSK6713_waitusec
0000ca1c   _DecBuffer
0000ca9c   _FIR_C
0000e120   _FIR_asm
0000e260   _FIR_asmPipe
0000e000   _FIR_sa
0000be20   _FXN_F_nop
0000b968   _FXN_F_run
0000b9b8   _FXN_F_zero
00000000   _GBL_CACHE
0000b860   _GBL_cslInit
000103cc   _GBL_cslTimerHandle
0001039c   _GBL_irqEventTable
000103a0   _GBL_irqIntTable
00011d48   _HST_A_TABBEG
00011d74   _HST_A_TABEND
00000002   _HST_A_TABLEN
000103a8   _HWI_D_spsave
00008e20   _HWI_F_dispatch
0000000a   _HWI_INT10
0000000b   _HWI_INT11
0000000c   _HWI_INT12
0000000d   _HWI_INT13
0000000e   _HWI_INT14
0000000f   _HWI_INT15
00000004   _HWI_INT4
00000005   _HWI_INT5
00000006   _HWI_INT6
00000007   _HWI_INT7
00000008   _HWI_INT8
00000009   _HWI_INT9
00000001   _HWI_NMI
00000002   _HWI_RESERVED0
00000003   _HWI_RESERVED1
00000000   _HWI_RESET
00010c20   _HWI_STKBOTTOM
00010828   _HWI_STKTOP
00010034   _HWI_dispatchTab
00011998   _IDL_busyObj
00011dcc   _IDL_cpuLoad
0000bde0   _IDL_loop
00010224   _IRAM
00000200   _IRAM_base
00008000   _IRAM_length
0000e1c0   _IRQ_enable
0000e2c0   _IRQ_globalEnable
000102a8   _KNL_alarm
0000b040   _KNL_check
000102c8   _KNL_curqueue
000102bc   _KNL_curtask
000102c4   _KNL_curtime
000101d4   _KNL_dummy
0000ae40   _KNL_enter
0000aed0   _KNL_exit
0000b0f0   _KNL_idle
00010210   _KNL_idlefxn
000102b0   _KNL_inactive
0000b6a0   _KNL_ipost
0000b10c   _KNL_max
000102cc   _KNL_maxqueue
0000b3c0   _KNL_post
000102c0   _KNL_prevtask
000102b4   _KNL_priority
00010134   _KNL_queues
00009820   _KNL_run
0000a9c0   _KNL_saveIsrFrame
000102b8   _KNL_set
000102ac   _KNL_setpri
00011cf0   _KNL_swi
0001020c   _KNL_swiptr
0000aa8c   _KNL_switch
000102d4   _KNL_tcreatefxn
000102d8   _KNL_tdeletefxn
00009f78   _KNL_tick
000102dc   _KNL_treadyfxn
000102d0   _KNL_tswitchfxn
000102a0   _KNL_wFlag
000102a4   _KNL_wList
0000b58c   _LCK_pend
0000b540   _LCK_post
00011dc4   _LNK_dataPump
00011028   _LOG_A_TABBEG
00011040   _LOG_A_TABEND
00000001   _LOG_A_TABLEN
0000ff0c   _LOG_D_system
0000b8e0   _LOG_event
00011028   _LOG_system
0000daa0   _MCBSP_open
0000d540   _MCBSP_reset
0000dba0   _MCBSP_start
000103d0   _MEM
0001001c   _MEM_D_NUMSEGMENTS
00010024   _MEM_D_freelist
00010028   _MEM_D_lockaddr
00010020   _MEM_D_memtab
0001002c   _MEM_D_unlockaddr
0000b300   _MEM_init
00010214   _MEM_memtab
00010240   _OBJ_table
00011b00   _PIP_A_TABBEG
00011bc8   _PIP_A_TABEND
00000002   _PIP_A_TABLEN
0000ffd0   _PRD_D_tick
00011df4   _PRD_clock
0000bb60   _QUE_get
0000bb88   _QUE_put
0000be40   _RINT1_HWI
00011dc8   _RTA_dispatcher
00011d4c   _RTA_fromHost
00011d60   _RTA_toHost
000103d8   _RTDX_Buffer
000107e4   _RTDX_Buffer_End
0000f940   _RTDX_Buffer_Initialize
0000fe68   _RTDX_Buffer_Read
000107e0   _RTDX_Buffer_Start
0000fc40   _RTDX_Buffer_Write
0000f2e8   _RTDX_Final_RT_Monitor
0000f260   _RTDX_Init_RT_Monitor
0000f310   _RTDX_IsFlowEnabled
00000002   _RTDX_JTAGONLY
0000fec0   _RTDX_Mask_IER
0000f7d8   _RTDX_Mon_Queue
0000f324   _RTDX_Poll
0000fed8   _RTDX_Set_IER
00000000   _RTDX_interrupt_mask
000107f4   _RTDX_writing
0000bbc0   _SEM_pend
00009580   _SEM_pendEnterKnl
0000b140   _SEM_post
0000b220   _SEM_postEnterKnl
00011964   _STS_A_TABBEG
000119e4   _STS_A_TABEND
00000008   _STS_A_TABLEN
000119a8   _STS_C
0000ba50   _STS_add
000119b8   _STS_asm
000119d8   _STS_asmPipe
0000ba40   _STS_delta
0000ba7c   _STS_reset
000119c8   _STS_sa
0000be00   _STS_set
0000ff38   _SWI_D_curfxn
0000ff2c   _SWI_D_curmask
0000ff40   _SWI_D_lock
0000ff4c   _SWI_D_rdybeg
00011d1c   _SWI_ex4
0000bd00   _SWI_post
00010030   _SYS
00011664   _SYS_PUTCBEG
00011863   _SYS_PUTCEND
0000b480   _SYS_exit
0001033c   _SYS_exitStack
000103b4   _SYS_exitStackPtr
000103b8   _SYS_exitStackTop
0000c7e0   _SineGen
0000c8a8   _SineGenQ15
0000e0c0   _TIMER_configArgs
0000d840   _TIMER_open
0000d980   _TIMER_reset
0000e180   _TIMER_start
0000f238   _TRC_R_mask
0000bb00   _TRC_disable
0000bb20   _TRC_enable
0000bb3c   _TRC_query
00010298   _TSK
000102e0   _TSK_ATTRS
0000a7e0   _TSK_exit
00011c9c   _TSK_idle
0000baa0   _TSK_init
000103ac   _TSK_nTasks
000103b0   _TSK_pid
0000a5e0   _TSK_setup
0000ad54   _TSK_startup
000102fc   _TSK_timerSem
0000bc20   _UTL_doAbort
0000bda0   _UTL_doError
0000b9e0   _UTL_doPutc
0000bdc0   _UTL_halt
0000bebc   _XINT1_HWI
0000a3b0   __CLK_lat1beg
0000a3dc   __CLK_lat1end
0000bc84   __CLK_lat2beg
0000bcbc   __CLK_lat2end
0000d160   __CSL_init
0001029c   __HOOK_NUMHOOKS
00010220   __HOOK_knlId
00008e20   __HWI_lat1beg
00008fcc   __HWI_lat1end
00008fcc   __HWI_lat2beg
0000915c   __HWI_lat2end1
000090e8   __HWI_lat2end2
000091a4   __HWI_lat3beg
0000924c   __HWI_lat3end1
00009120   __HWI_lat3end2
0000b7e0   __IDL_lat1beg
0000b830   __IDL_lat1end
0001148c   __IRQ_dispatchTable
000113c8   __IRQ_eventTable
0000e280   __IRQ_hookFetchPacket
0000de60   __IRQ_init
0001144c   __IRQ_intTable
0000b074   __KNL_lat1beg
0000b0f0   __KNL_lat1end
0000b8e0   __LOG_lat1beg
0000b924   __LOG_lat1end1
0000b950   __LOG_lat1end2
000115b8   __MCBSP_hDev0
000115bc   __MCBSP_hDev1
0000bb60   __QUE_lat1beg
0000bb80   __QUE_lat1end
0000bb88   __QUE_lat2beg
0000bba0   __QUE_lat2end
00009b78   __RTA_lat1beg
00009bb0   __RTA_lat1end
0000a3e0   __SEM_dopost
00000400   __STACK_SIZE
00008394   __SWI_lat1beg
00008420   __SWI_lat1end1
000084dc   __SWI_lat1end2
00008580   __SWI_lat2beg
0000866c   __SWI_lat2end2
00008200   __SWI_lat3beg
00008288   __SWI_lat3end
00011610   __TIMER_deviceTable
00011630   __TIMER_hBios
00011628   __TIMER_hDev0
0001162c   __TIMER_hDev1
00010318   __TSK_mutex
ffffffff   ___binit__
0000ff00   ___bss__
00011dfc   ___c_args__
0000e2e0   ___cinit__
00000000   ___data__
00000000   ___edata__
000103d8   ___end__
0000e2e0   ___etext__
000119f4   ___pinit__
0000be40   ___text__
0000ab80   __auto_init
00011518   __cleanup_ptr
0001151c   __dtors_ptr
0001165c   __lock
0000e200   __nop
0000e220   __register_lock
0000e240   __register_unlock
00010828   __stack
0000dd80   __strasg
00011660   __unlock
0000dca0   _atexit
000112c0   _c_int00
00011520   _confAIC23
00010374   _hAIC23
0000c29c   _main
0000cf20   _memcpy
000107e8   _rtdx_buffer_state
00010808   _rtdx_mon_state
00010378   _x0_d
0001037c   _x0_g
00010380   _y_d
00010384   _y_g
ffffffff   binit
0000e2e0   cinit
00000000   edata
000103d8   end
0000e2e0   etext
00000000   hwi0
00000020   hwi1
00000140   hwi10
00000160   hwi11
00000180   hwi12
000001a0   hwi13
000001c0   hwi14
000001e0   hwi15
00000040   hwi2
00000060   hwi3
00000080   hwi4
000000a0   hwi5
000000c0   hwi6
000000e0   hwi7
00000100   hwi8
00000120   hwi9
000119f4   pinit


GLOBAL SYMBOLS: SORTED BY Symbol Address 

address    name
--------   ----
00000000   GIO$
00000000   HOOK$
00000000   HOOK_KNLID
00000000   GBL_ROM
00000000   _HWI_RESET
00000000   GBL_USERINIT
00000000   HWI_GENERATE_RESET_VEC
00000000   HWI_POLARITYMASK
00000000   HWI_RESET
00000000   HST_DSM
00000000   HST_NONE
00000000   HWI_A_VECS
00000000   GBL_NULL
00000000   GBL_L2CONFIGALLOC
00000000   GBL_L2CONFIGURE
00000000   GBL_L2MARMASK1
00000000   GBL_BIGENDIAN
00000000   GBL_C641XL2PRIORITY
00000000   GBL_CACHE
00000000   GBL_L2MARMASK5
00000000   GBL_L2MODE
00000000   GBL_L2PRIORITY
00000000   GBL_L2MARMASK2
00000000   GBL_L2MARMASK3
00000000   GBL_L2MARMASK4
00000000   PRD_A_TABBEG
00000000   PRD_A_TABEND
00000000   PRD_A_TABLEN
00000000   PIP$
00000000   SWI_EHOOKFXN
00000000   PIP_gNextId
00000000   RTDX_USERTEXECUTION
00000000   ___edata__
00000000   ___data__
00000000   SIO$
00000000   SEM$
00000000   PRD_SWIHANDLE
00000000   OBJ$
00000000   edata
00000000   _CLK_TDDR
00000000   UDEV$
00000000   hwi0
00000000   _GBL_CACHE
00000000   _CLK_TIMERNUM
00000000   SWI_IHOOKFXN
00000000   MBX$
00000000   MEM_NULL
00000000   TSK_SWITCHFXN
00000000   TSK_READYFXN
00000000   TSK_NUM_HOOKS
00000000   DHL_gChannelsAvailable
00000000   DHL$
00000000   DGN$
00000000   DIO_NUMTSKBASE
00000000   DIO_NUMSWIBASE
00000000   DIO$
00000000   CLK_TDDR
00000000   CLK_COUNTSPMSHIGH
00000000   CLK_PRDHIGH
00000000   DEV$
00000000   CLK_TIMERNUM
00000000   CLK_TDDRHIGH
00000000   DPI$
00000000   BUF$
00000000   _RTDX_interrupt_mask
00000000   .data
00000000   DIO_STATIC
00000001   ISRC$
00000001   IDL$
00000001   HWI_ZEROTAB
00000001   HWI_NMI
00000001   LOG_ENABLED
00000001   HST_RTDX
00000001   LCK$
00000001   HWI$
00000001   MEM_gNumHeap
00000001   MEM$
00000001   SYS$
00000001   SWI$
00000001   _LOG_A_TABLEN
00000001   QUE$
00000001   _CLK_USETIMER
00000001   IDL_USECLKIDLTIME
00000001   TSK_PRIORITY
00000001   PRD$
00000001   LOG_A_TABLEN
00000001   TSK$
00000001   LOG$
00000001   STS$
00000001   CLK$
00000001   GBL_L2MARMASK
00000001   GBL_ENABLEINST
00000001   RTDX$
00000001   GBL_boot
00000001   _HWI_NMI
00000001   CLK_USETIMER
00000001   GBL_SUPPORTCSL
00000001   GBL_CALLCSLCFGINIT
00000001   HST$
00000001   RTDX_USERTDX
00000001   GBL$
00000001   BUF_ENABLED
00000001   RTDX_NORMALIZED_HDR
00000002   IDL_A_CALLEN
00000002   PIP_A_TABLEN
00000002   SWI_A_TABLEN
00000002   HWI_RESERVED0
00000002   _HWI_RESERVED0
00000002   _RTDX_JTAGONLY
00000002   PIP_gNumEmbed
00000002   _PIP_A_TABLEN
00000002   _HST_A_TABLEN
00000002   IDL_A_TABLEN
00000002   HST_A_TABLEN
00000003   _HWI_RESERVED1
00000003   HWI_RESERVED1
00000004   HWI_INT4
00000004   _HWI_INT4
00000005   HWI_INT5
00000005   _HWI_INT5
00000006   HWI_INT6
00000006   _HWI_INT6
00000007   _HWI_INT7
00000007   HWI_INT7
00000008   STS_A_TABLEN
00000008   CLK_A_TABLEN
00000008   _HWI_INT8
00000008   _STS_A_TABLEN
00000008   HWI_INT8
00000009   HWI_INT9
00000009   _HWI_INT9
0000000a   _HWI_INT10
0000000a   HWI_INT10
0000000b   HWI_INT11
0000000b   _HWI_INT11
0000000c   HWI_INT12
0000000c   _HWI_INT12
0000000d   HWI_INT13
0000000d   _HWI_INT13
0000000e   _HWI_INT14
0000000e   HWI_INT14
0000000f   HWI_INT15
0000000f   _HWI_INT15
00000020   CLK_TCR
00000020   hwi1
00000040   HST_MAXFRAMESET
00000040   LOG_system$size
00000040   hwi2
00000042   GBL_FOOTPRINT
00000060   hwi3
00000080   hwi4
000000a0   hwi5
000000c0   hwi6
000000e0   hwi7
00000100   hwi8
00000100   HST_MAXFRAMEALLOWED
00000120   hwi9
00000140   hwi10
00000160   hwi11
00000180   hwi12
000001a0   hwi13
000001c0   hwi14
000001e0   hwi15
00000200   IRAM$B
00000200   _IRAM_base
00000400   TSK_STACKSIZE
00000400   HST_DSMMEMSIZE
00000400   __STACK_SIZE
00000408   RTDX_BUFMEMSIZE
00000490   GBL_A_VERSION
00002226   GBL_L2ALLOC
000030d4   _CLK_COUNTSPMS
000030d4   CLK_PRD
000030d4   CLK_COUNTSPMS
000030d4   _CLK_PRD
00004000   PRD_SCALAR
00004000   CLK_INTBIT
00008000   _IRAM_length
00008000   IRAM$L
00008200   SWI_F_enable
00008200   __SWI_lat3beg
00008288   __SWI_lat3end
0000828c   SWI_F_post
00008394   __SWI_lat1beg
00008420   __SWI_lat1end1
00008424   SWI_F_exec
0000849c   SWI_F_iexec
0000849c   SWI_EXECFXN
000084dc   __SWI_lat1end2
00008580   __SWI_lat2beg
0000866c   __SWI_lat2end2
00008670   SWI_F_run
00008670   SWI_RUNFXN
000088e0   LNK_F_checkBufferCall
00008900   LNK_F_getChanPtr
0000894c   LNK_F_init
00008954   LNK_F_dataPump
00008960   LNK_rcloop
00008a10   LNK_rdrtry
00008a18   LNK_rrloop
00008ad0   LNK_wrrtry
00008ad8   LNK_wrloop
00008ba8   LNK_newin
00008cb8   LNK_newout
00008df8   LNK_F_readCallBack
00008e20   __HWI_lat1beg
00008e20   HWI_F_dispatch
00008e20   CLK_HOOKFXN
00008e20   _HWI_F_dispatch
00008fcc   __HWI_lat1end
00008fcc   __HWI_lat2beg
000090e8   __HWI_lat2end2
00009120   __HWI_lat3end2
0000915c   __HWI_lat2end1
000091a4   __HWI_lat3beg
0000924c   __HWI_lat3end1
00009260   PRD_F_swi
000094bc   PRD_F_tick
00009580   _SEM_pendEnterKnl
00009820   _KNL_run
00009ac0   RTA_F_getlog
00009b04   RTA_F_getsts
00009b4c   RTA_F_readblk
00009b6c   RTA_F_writeword
00009b78   RTA_F_resetmem
00009b78   __RTA_lat1beg
00009bb0   __RTA_lat1end
00009bb8   RTA_F_dispatch
00009bf8   RTA_execute
00009f78   _KNL_tick
00009f78   PRD_THOOKFXN
00009fa0   PIP_F_take
0000a034   PIP_F_probe
0000a034   PIP_F_give
0000a108   PIP_F_start
0000a1c0   CLK_F_getfhtime
0000a1e0   CLK_F_getshtime
0000a1e0   CLK_TIMEFXN
0000a1e0   CLK_F_gethtime
0000a254   CLK_F_getltime
0000a260   CLK_F_isr
0000a39c   _CLK_itime
0000a39c   CLK_F_itime
0000a39c   _CLK_F_itime
0000a3b0   __CLK_lat1beg
0000a3dc   __CLK_lat1end
0000a3e0   __SEM_dopost
0000a5e0   _TSK_setup
0000a7e0   _TSK_exit
0000a9c0   _KNL_saveIsrFrame
0000aa8c   _KNL_switch
0000ab40   KNL_glue
0000ab80   __auto_init
0000ad54   _TSK_startup
0000ae40   _KNL_enter
0000aed0   _KNL_exit
0000af40   IDL_F_calibrate
0000b040   _KNL_check
0000b074   __KNL_lat1beg
0000b0f0   __KNL_lat1end
0000b0f0   _KNL_idle
0000b10c   _KNL_max
0000b140   _SEM_post
0000b220   _SEM_postEnterKnl
0000b300   _MEM_init
0000b3c0   _KNL_post
0000b480   _SYS_exit
0000b540   _LCK_post
0000b58c   _LCK_pend
0000b600   _ATM_andu
0000b600   _ATM_andi
0000b620   _ATM_clearu
0000b620   _ATM_cleari
0000b638   _ATM_decu
0000b638   _ATM_deci
0000b654   _ATM_inci
0000b654   _ATM_incu
0000b670   _ATM_oru
0000b670   _ATM_ori
0000b68c   _ATM_setu
0000b68c   _ATM_seti
0000b6a0   _KNL_ipost
0000b740   _CLK_start6x
0000b740   _CLK_start
0000b7e0   IDL_F_busy
0000b7e0   __IDL_lat1beg
0000b830   __IDL_lat1end
0000b860   _GBL_cslInit
0000b8e0   LOG_F_event
0000b8e0   _LOG_event
0000b8e0   __LOG_lat1beg
0000b924   __LOG_lat1end1
0000b950   __LOG_lat1end2
0000b960   FXN_F_nop
0000b968   FXN_F_run
0000b968   _FXN_F_run
0000b9b8   FXN_F_zero
0000b9b8   _FXN_F_zero
0000b9e0   _UTL_doPutc
0000b9e0   SYS_PUTCFXN
0000ba40   _STS_delta
0000ba40   STS_F_delta
0000ba50   STS_F_add
0000ba50   _STS_add
0000ba7c   STS_F_reset
0000ba7c   _STS_reset
0000baa0   _TSK_init
0000bb00   _TRC_disable
0000bb20   _TRC_enable
0000bb3c   _TRC_query
0000bb60   __QUE_lat1beg
0000bb60   _QUE_get
0000bb80   __QUE_lat1end
0000bb88   _QUE_put
0000bb88   __QUE_lat2beg
0000bba0   __QUE_lat2end
0000bbc0   _SEM_pend
0000bc20   _UTL_doAbort
0000bc20   SYS_ABORTFXN
0000bc80   _CLK_gethtime
0000bc84   __CLK_lat2beg
0000bcbc   __CLK_lat2end
0000bcc0   RTA_F_andn
0000bce0   RTA_F_or
0000bd00   _SWI_post
0000bd40   IDL_CALIBRFXN
0000bd40   IDL_F_stub
0000bd80   GBL_F_version
0000bda0   SYS_ERRORFXN
0000bda0   _UTL_doError
0000bdc0   SYS_EXITFXN
0000bdc0   _UTL_halt
0000bde0   _IDL_loop
0000bde0   IDL_F_loop
0000be00   _STS_set
0000be20   GIO_CREATEFXN
0000be20   GBL_USERINITFXN
0000be20   GIO_DELETEFXN
0000be20   _FXN_F_nop
0000be20   TSK_VCREATEFXN
0000be20   TSK_VEXITFXN
0000be20   TSK_VDELETEFXN
0000be20   GIO_POSTFXN
0000be20   GIO_PENDFXN
0000be40   ___text__
0000be40   .text
0000be40   _RINT1_HWI
0000bebc   _XINT1_HWI
0000bf50   _AlgoFIR_SWI
0000c29c   _main
0000c3ac   _DSK6713_init
0000c6c8   _DSK6713_rget
0000c6dc   _DSK6713_rset
0000c6f0   _DSK6713_wait
0000c748   _DSK6713_waitusec
0000c774   _DSK6713_getVersion
0000c7e0   _SineGen
0000c8a8   _SineGenQ15
0000c964   _BlockGen
0000ca1c   _DecBuffer
0000ca9c   _FIR_C
0000cb54   _CopyBuffer
0000cc00   _DSK6713_AIC23_openCodec
0000cf20   _memcpy
0000d160   __CSL_init
0000d540   _MCBSP_reset
0000d6e0   _DSK6713_AIC23_rset
0000d77c   _DSK6713_AIC23_rget
0000d7a0   _DSK6713_AIC23_config
0000d840   _TIMER_open
0000d980   _TIMER_reset
0000daa0   _MCBSP_open
0000dba0   _MCBSP_start
0000dbef   GBL_TRCMASKVALUE
0000dca0   _atexit
0000dd80   __strasg
0000de60   __IRQ_init
0000df00   _DSK6713_AIC23_write
0000df80   _DSK6713_DIP_init
0000df88   _DSK6713_DIP_get
0000e000   _FIR_sa
0000e060   _DSK6713_AIC23_read
0000e0c0   _TIMER_configArgs
0000e120   _FIR_asm
0000e180   _TIMER_start
0000e1c0   _IRQ_enable
0000e200   __nop
0000e220   __register_lock
0000e240   __register_unlock
0000e260   _FIR_asmPipe
0000e280   __IRQ_hookFetchPacket
0000e2a0   _CSL_cfgInit
0000e2c0   _IRQ_globalEnable
0000e2e0   ___etext__
0000e2e0   ___cinit__
0000e2e0   etext
0000e2e0   cinit
0000f234   TRC_cinit
0000f238   TRC_R_mask
0000f238   _TRC_R_mask
0000f23c   GBL_initdone
0000f260   _RTDX_Init_RT_Monitor
0000f2e8   _RTDX_Final_RT_Monitor
0000f310   _RTDX_IsFlowEnabled
0000f324   _RTDX_Poll
0000f7d8   _RTDX_Mon_Queue
0000f940   _RTDX_Buffer_Initialize
0000fc40   _RTDX_Buffer_Write
0000fe68   _RTDX_Buffer_Read
0000fec0   _RTDX_Mask_IER
0000fed8   _RTDX_Set_IER
0000ff00   ___bss__
0000ff00   $bss
0000ff00   IDL_D_tabbeg
0000ff00   .bss
0000ff04   IDL_D_calibrate
0000ff08   IDL_D_calbeg
0000ff0c   _LOG_D_system
0000ff0c   LOG_D_system
0000ff10   PIP_D_tabbeg
0000ff14   PIP_D_tablen
0000ff18   CLK_R_time
0000ff1c   CLK_D_timefxn
0000ff20   CLK_D_tabbeg
0000ff24   CLK_D_isrhook
0000ff28   CLK_D_idletime
0000ff2c   _SWI_D_curmask
0000ff2c   SWI_D_curmask
0000ff30   SWI_D_curset
0000ff34   SWI_D_pending
0000ff38   _SWI_D_curfxn
0000ff38   SWI_D_curfxn
0000ff3c   SWI_D_curmbox
0000ff40   _SWI_D_lock
0000ff40   SWI_D_lock
0000ff44   SWI_D_execaddr
0000ff48   SWI_D_runaddr
0000ff4c   SWI_D_rdybeg
0000ff4c   _SWI_D_rdybeg
0000ff50   SWI_D_ihook
0000ff54   SWI_D_ehook
0000ff58   SWI_D_rdytab
0000ffd0   _PRD_D_tick
0000ffd0   PRD_D_tick
0000ffd4   PRD_D_cur
0000ffd8   PRD_D_elapsed
0000ffdc   PRD_D_prevtim
0000ffe0   PRD_D_scalar
0000ffe4   PRD_D_swihandle
0000ffe8   PRD_D_tabbeg
0000ffec   PRD_D_tablen
0000fff0   PRD_D_thook
0000fff4   RTA_D_fromHost
0000fff8   RTA_D_toHost
0000fffc   RTA_D_logval
0001000c   RTA_D_stsval
00010018   HST_D_chanmask
0001001c   _MEM_D_NUMSEGMENTS
00010020   _MEM_D_memtab
00010024   _MEM_D_freelist
00010028   _MEM_D_lockaddr
0001002c   _MEM_D_unlockaddr
00010030   _SYS
00010034   _HWI_dispatchTab
00010134   _KNL_queues
000101d4   _KNL_dummy
0001020c   _KNL_swiptr
00010210   _KNL_idlefxn
00010214   _MEM_memtab
00010220   __HOOK_knlId
00010224   _IRAM
00010224   MEM_MALLOCSEG
00010224   HST_DSMBUFSEG
00010224   IRAM
00010224   RTDX_DATAMEMSEG
00010224   MEM_SEGZERO
00010224   TSK_STACKSEG
00010228   RTA_fromHost$pipe$dtab
00010234   RTA_toHost$pipe$dtab
00010240   _OBJ_table
00010298   _TSK
0001029c   __HOOK_NUMHOOKS
000102a0   _KNL_wFlag
000102a4   _KNL_wList
000102a8   _KNL_alarm
000102ac   _KNL_setpri
000102b0   _KNL_inactive
000102b4   _KNL_priority
000102b8   _KNL_set
000102bc   _KNL_curtask
000102c0   _KNL_prevtask
000102c4   _KNL_curtime
000102c8   _KNL_curqueue
000102cc   _KNL_maxqueue
000102d0   _KNL_tswitchfxn
000102d4   _KNL_tcreatefxn
000102d8   _KNL_tdeletefxn
000102dc   _KNL_treadyfxn
000102e0   _TSK_ATTRS
000102fc   _TSK_timerSem
00010318   __TSK_mutex
0001033c   _SYS_exitStack
0001035c   LNK_dspFrameRequestMask
00010360   LNK_dspFrameReadyMask
00010364   LNK_readPend
00010368   LNK_readDone
0001036c   LNK_readFail
00010370   LNK_writeFail
00010374   _hAIC23
00010378   _x0_d
0001037c   _x0_g
00010380   _y_d
00010384   _y_g
0001039c   _GBL_irqEventTable
000103a0   _GBL_irqIntTable
000103a4   HWI_D_ccmask
000103a8   _HWI_D_spsave
000103ac   _TSK_nTasks
000103b0   _TSK_pid
000103b4   _SYS_exitStackPtr
000103b8   _SYS_exitStackTop
000103cc   _GBL_cslTimerHandle
000103d0   _MEM
000103d4   IDL_D_busyObj
000103d8   end
000103d8   _RTDX_Buffer
000103d8   ___end__
000107e0   _RTDX_Buffer_Start
000107e4   _RTDX_Buffer_End
000107e8   _rtdx_buffer_state
000107f4   _RTDX_writing
00010808   _rtdx_mon_state
00010828   _HWI_STKTOP
00010828   __stack
00010828   GBL_stackbeg
00010c20   _HWI_STKBOTTOM
00010c27   GBL_stackend
00010c28   TSK_idle$stack
00010fc0   TSK_idle$stkptr
00011028   _LOG_A_TABBEG
00011028   _LOG_system
00011028   LOG_system
00011028   LOG_A_TABBEG
00011040   BIOS_init
00011040   _BIOS_init
00011040   _LOG_A_TABEND
00011040   LOG_A_TABEND
0001118c   BIOS$$CLKON
000111bc   BIOS$$CLKOFF
0001121c   _BIOS_start
0001121c   BIOS_start
000112c0   _c_int00
000113c8   __IRQ_eventTable
0001144c   __IRQ_intTable
0001148c   __IRQ_dispatchTable
00011518   __cleanup_ptr
0001151c   __dtors_ptr
00011520   _confAIC23
000115b8   __MCBSP_hDev0
000115bc   __MCBSP_hDev1
00011610   __TIMER_deviceTable
00011628   __TIMER_hDev0
0001162c   __TIMER_hDev1
00011630   __TIMER_hBios
00011646   _DSK6713_version
00011654   _DSK6713_AIC23_codeccontrolhandle
00011658   _DSK6713_AIC23_codecdatahandle
0001165c   __lock
00011660   __unlock
00011664   _SYS_PUTCBEG
00011863   _SYS_PUTCEND
00011864   RTA_toHost$buf
00011964   KNL_swi$sts$stsobj
00011964   _STS_A_TABBEG
00011964   STS_A_TABBEG
00011968   KNL_swi$sts
00011974   SWI_ex4$sts$stsobj
00011978   SWI_ex4$sts
00011984   TSK_idle$sts$stsobj
00011988   TSK_idle$sts
00011994   IDL_busyObj$stsobj
00011998   _IDL_busyObj
00011998   IDL_busyObj
000119a4   STS_C$stsobj
000119a8   STS_C
000119a8   _STS_C
000119b4   STS_asm$stsobj
000119b8   _STS_asm
000119b8   STS_asm
000119c4   STS_sa$stsobj
000119c8   _STS_sa
000119c8   STS_sa
000119d4   STS_asmPipe$stsobj
000119d8   _STS_asmPipe
000119d8   STS_asmPipe
000119e4   STS_A_TABEND
000119e4   _STS_A_TABEND
000119e4   RTA_fromHost$buf
000119f4   ___pinit__
000119f4   pinit
00011a00   LOG_system$buf
00011b00   PIP_A_TABBEG
00011b00   _PIP_A_TABBEG
00011b00   RTA_fromHost$pipe
00011b04   RTA_fromHost$pipe$rd
00011b30   RTA_fromHost$pipe$aaa
00011b34   RTA_fromHost$pipe$wr
00011b60   RTA_fromHost$pipe$bbb
00011b64   RTA_toHost$pipe
00011b68   RTA_toHost$pipe$rd
00011b94   RTA_toHost$pipe$aaa
00011b98   RTA_toHost$pipe$wr
00011bc4   RTA_toHost$pipe$bbb
00011bc8   _PIP_A_TABEND
00011bc8   PIP_A_TABEND
00011c9c   TSK_idle
00011c9c   _TSK_idle
00011cf0   SWI_A_TABBEG
00011cf0   _KNL_swi
00011cf0   KNL_swi
00011d1c   SWI_ex4
00011d1c   _SWI_ex4
00011d48   SWI_A_TABEND
00011d48   _HST_A_TABBEG
00011d48   HST_A_TABBEG
00011d4c   RTA_fromHost
00011d4c   _RTA_fromHost
00011d54   RTA_fromHost$rtdx
00011d60   _RTA_toHost
00011d60   RTA_toHost
00011d68   RTA_toHost$rtdx
00011d74   HST_A_TABEND
00011d74   _HST_A_TABEND
00011dc4   _LNK_dataPump
00011dc4   IDL_A_TABBEG
00011dc4   LNK_dataPump
00011dc8   _RTA_dispatcher
00011dc8   RTA_dispatcher
00011dcc   _IDL_cpuLoad
00011dcc   IDL_cpuLoad
00011dd0   IDL_END
00011dd4   IDL_A_TABEND
00011dd4   IDL_A_CALBEG
00011dd4   LNK_dataPump$
00011dd8   RTA_dispatcher$
00011ddc   IDL_cpuLoad$
00011de0   IDL_END$
00011de4   SYS$config
00011de4   IDL_A_CALEND
00011df4   CLK_A_TABBEG
00011df4   PRD_clock
00011df4   _PRD_clock
00011df8   CLK_null
00011dfc   CLK_A_TABEND
00011dfc   ___c_args__
01940000   CLK_REGS
01940000   _CLK_REGS
082f39a3   HWI_INTRMULTHIGH
310718a4   HWI_INTRMULTLOW
ffffffff   ___binit__
ffffffff   binit

[661 symbols]
